******************************************************************************
                  TI ARM Linker PC v20.2.5                     
******************************************************************************
>> Linked Sun Jun  6 09:24:04 2021

OUTPUT FILE NAME:   <gpiointerrupt_CC3220S_LAUNCHXL_nortos_ccs.out>
ENTRY POINT SYMBOL: "resetISR"  address: 2000ea51


MEMORY CONFIGURATION

         name            origin    length      used     unused   attr    fill
----------------------  --------  ---------  --------  --------  ----  --------
  SRAM2                 20000000   00004000  0000130c  00002cf4  RW X
  SRAM                  20004000   0003c000  0000b8c5  0003073b  RW X
  LOG_DATA              90000000   00040000  00000000  00040000  R   


SEGMENT ALLOCATION MAP

run origin  load origin   length   init length attrs members
----------  ----------- ---------- ----------- ----- -------
20003000    20003000    00001000   00000000    rw-
  20003000    20003000    00001000   00000000    rw- .stack
20004000    20004000    00000040   00000040    r--
  20004000    20004000    00000040   00000040    r-- .resetVecs
20004040    20004040    00008000   00000000    rw-
  20004040    20004040    00008000   00000000    rw- .sysmem
2000c040    2000c040    00002cce   00002cce    r-x
  2000c040    2000c040    00002cce   00002cce    r-x .text
2000ed10    2000ed10    000005cd   00000000    rw-
  2000ed10    2000ed10    000005cd   00000000    rw- .data
2000f2e0    2000f2e0    000002da   000002da    r--
  2000f2e0    2000f2e0    000002da   000002da    r-- .const
2000f5c0    2000f5c0    00000210   00000000    rw-
  2000f5c0    2000f5c0    00000210   00000000    rw- .bss
2000f7d0    2000f7d0    00000100   00000100    r--
  2000f7d0    2000f7d0    00000100   00000100    r-- .cinit


SECTION ALLOCATION MAP

 output                                  attributes/
section   page    origin      length       input sections
--------  ----  ----------  ----------   ----------------
.text      0    2000c040    00002cce     
                  2000c040    0000042c     driverlib.a : prcm.obj (.text:PRCMCC3200MCUInit)
                  2000c46c    000001e4     drivers_cc32xx.a : GPIOCC32XX.oem4 (.text:GPIO_setConfig)
                  2000c650    000001c8     gpiointerrupt.obj (.text:timerCallback)
                  2000c818    0000019c     nortos_cc32xx.a : PowerCC32XX_nortos.oem4 (.text:PowerCC32XX_sleepPolicy)
                  2000c9b4    00000148     drivers_cc32xx.a : PowerCC32XX.oem4 (.text:parkPins)
                  2000cafc    00000138                      : PowerCC32XX.oem4 (.text:Power_sleep)
                  2000cc34    00000138                      : TimerCC32XX.oem4 (.text:Timer_open)
                  2000cd6c    00000100     rtsv7M4_T_le_eabi.lib : memory.c.obj (.text:aligned_alloc)
                  2000ce6c    000000e4                           : memory.c.obj (.text:free)
                  2000cf50    000000c4     drivers_cc32xx.a : GPIOCC32XX.oem4 (.text:GPIO_init)
                  2000d014    000000c0                      : PowerCC32XX.oem4 (.text:restoreParkedPins)
                  2000d0d4    000000a8     driverlib.a : interrupt.obj (.text:IntEnable)
                  2000d17c    000000a8     drivers_cc32xx.a : PowerCC32XX.oem4 (.text:PowerCC32XX_configureWakeup)
                  2000d224    000000a0     nortos_cc32xx.a : SemaphoreP_nortos.oem4 (.text:SemaphoreP_pend)
                  2000d2c4    0000009c     rtsv7M4_T_le_eabi.lib : memcpy_t2.asm.obj (.text)
                  2000d360    00000098     drivers_cc32xx.a : GPIOCC32XX.oem4 (.text:powerNotifyFxn)
                  2000d3f8    00000096     rtsv7M4_T_le_eabi.lib : ull_div_t2.asm.obj (.text)
                  2000d48e    00000002     ti_drivers_config.obj (.text:Board_initHook)
                  2000d490    00000090     drivers_cc32xx.a : PowerCC32XX.oem4 (.text:restoreNVICRegs)
                  2000d520    0000008c     nortos_cc32xx.a : HwiPCC32XX_nortos.oem4 (.text:HwiP_construct)
                  2000d5ac    00000088     driverlib.a : interrupt.obj (.text:IntPendSet)
                  2000d634    00000088                 : pin.obj (.text:PinConfigSet)
                  2000d6bc    00000084     drivers_cc32xx.a : PowerCC32XX.oem4 (.text:Power_init)
                  2000d740    00000084                      : PowerCC32XX.oem4 (.text:saveNVICRegs)
                  2000d7c4    00000080                      : PowerCC32XX.oem4 (.text:Power_setDependency)
                  2000d844    00000078                      : GPIOCC32XX.oem4 (.text:GPIO_hwiIntFxn)
                  2000d8bc    00000070     rtsv7M4_T_le_eabi.lib : memory.c.obj (.text:split)
                  2000d92c    00000068                           : copy_decompress_lzss.c.obj (.text:decompress:lzss:__TI_decompress_lzss)
                  2000d994    00000068     gpiointerrupt.obj (.text:mainThread)
                  2000d9fc    00000064     drivers_cc32xx.a : GPIOCC32XX.oem4 (.text:GPIO_toggle)
                  2000da60    00000064                      : PowerCC32XX.oem4 (.text:PowerCC32XX_setParkState)
                  2000dac4    00000060     driverlib.a : prcm.obj (.text:PRCMSysResetCauseGet)
                  2000db24    0000005c     drivers_cc32xx.a : GPIOCC32XX.oem4 (.text:GPIO_setCallback)
                  2000db80    0000005c     nortos_cc32xx.a : ClockPSysTick_nortos.oem4 (.text:sysTickInit)
                  2000dbdc    00000058     drivers_cc32xx.a : GPIOCC32XX.oem4 (.text:GPIO_write)
                  2000dc34    00000058     driverlib.a : prcm.obj (.text:PRCMPeripheralReset)
                  2000dc8c    00000058     drivers_cc32xx.a : PowerCC32XX.oem4 (.text:Power_releaseDependency)
                  2000dce4    00000052                      : PowerCC32XX_asm.oem4 (.text:PowerCC32XX_resumeLPDS)
                  2000dd36    00000052                      : TimerCC32XX.oem4 (.text:initHw)
                  2000dd88    00000050     nortos_cc32xx.a : ClockPSysTick_nortos.oem4 (.text:ClockP_sysTickHandler)
                  2000ddd8    00000050                     : SemaphoreP_nortos.oem4 (.text:SemaphoreP_construct)
                  2000de28    00000050     drivers_cc32xx.a : TimerCC32XX.oem4 (.text:TimerCC32XX_allocateTimerResource)
                  2000de78    00000050     gpiointerrupt.obj (.text:initTimer)
                  2000dec8    0000004c     drivers_cc32xx.a : GPIOCC32XX.oem4 (.text:GPIO_enableInt)
                  2000df14    0000004c                      : PowerCC32XX.oem4 (.text:PowerCC32XX_parkPin)
                  2000df60    0000004c                      : PowerCC32XX.oem4 (.text:restorePeriphClocks)
                  2000dfac    00000048     driverlib.a : flash.obj (.text:FlashDisable)
                  2000dff4    00000048                 : prcm.obj (.text:PRCMLPDSEnter)
                  2000e03c    00000048                 : prcm.obj (.text:PRCMPeripheralClkEnable)
                  2000e084    00000048     drivers_cc32xx.a : PowerCC32XX.oem4 (.text:Power_releaseConstraint)
                  2000e0cc    00000046                      : TimerCC32XX.oem4 (.text:getPrescaler)
                  2000e112    00000002     nortos_cc32xx.a : PowerCC32XX_nortos.oem4 (.text:PowerCC32XX_initPolicy)
                  2000e114    00000044                     : ClockPSysTick_nortos.oem4 (.text:ClockP_stop)
                  2000e158    00000044     driverlib.a : prcm.obj (.text:PRCMLPDSRestoreInfoSet)
                  2000e19c    00000044     drivers_cc32xx.a : PowerCC32XX_asm.oem4 (.text:PowerCC32XX_enterLPDS)
                  2000e1e0    00000044     nortos_cc32xx.a : SemaphoreP_nortos.oem4 (.text:SemaphoreP_post)
                  2000e224    00000044                     : SwiP_nortos.oem4 (.text:SwiP_restore)
                  2000e268    00000044     drivers_cc32xx.a : Timer.oem4 (.text:Timer_start)
                  2000e2ac    00000044     rtsv7M4_T_le_eabi.lib : autoinit.c.obj (.text:__TI_auto_init_nobinit_nopinit:__TI_auto_init_nobinit_nopinit)
                  2000e2f0    00000040     driverlib.a : pin.obj (.text:PinModeSet)
                  2000e330    00000040     drivers_cc32xx.a : TimerCC32XX.oem4 (.text:TimerSupport_timerEnable)
                  2000e370    00000040                      : TimerCC32XX.oem4 (.text:Timer_close)
                  2000e3b0    0000003c     nortos_cc32xx.a : ClockPSysTick_nortos.oem4 (.text:ClockP_destruct)
                  2000e3ec    0000003c     drivers_cc32xx.a : PowerCC32XX.oem4 (.text:Power_setConstraint)
                  2000e428    0000003a     nortos_cc32xx.a : PowerCC32XX_nortos.oem4 (.text:getCountsRTC)
                  2000e462    00000002                     : SemaphoreP_nortos.oem4 (.text:SemaphoreP_destruct)
                  2000e464    00000038     driverlib.a : prcm.obj (.text:PRCMLPDSEnterKeepDebugIf)
                  2000e49c    00000038     nortos_cc32xx.a : ClockPSysTick_nortos.oem4 (.text:addToList)
                  2000e4d4    00000038                     : startup_cc32xx_ccs.oem4 (.text:initVectors)
                  2000e50c    00000038     drivers_cc32xx.a : PowerCC32XX.oem4 (.text:notify)
                  2000e544    00000036     driverlib.a : timer.obj (.text:TimerControlStall)
                  2000e57a    00000036     drivers_cc32xx.a : Timer.oem4 (.text:Timer_stop)
                  2000e5b0    00000034     nortos_cc32xx.a : ClockPSysTick_nortos.oem4 (.text:ClockP_getTicksUntilInterrupt)
                  2000e5e4    00000034                     : ClockPSysTick_nortos.oem4 (.text:ClockP_startup)
                  2000e618    00000034     driverlib.a : pin.obj (.text:PinModeGet)
                  2000e64c    00000034     drivers_cc32xx.a : TimerCC32XX.oem4 (.text:TimerCC32XX_freeTimerResource)
                  2000e680    00000034                      : TimerCC32XX.oem4 (.text:TimerCC32XX_hwiIntFunction)
                  2000e6b4    00000034                      : TimerCC32XX.oem4 (.text:getPowerMgrId)
                  2000e6e8    00000030     nortos_cc32xx.a : ClockPSysTick_nortos.oem4 (.text:ClockP_start)
                  2000e718    00000030     drivers_cc32xx.a : PowerCC32XX.oem4 (.text:PowerCC32XX_restoreParkedPin)
                  2000e748    00000030     gpiointerrupt.obj (.text:gpioButtonFxn0)
                  2000e778    0000002a     nortos_cc32xx.a : HwiPCC32XX_nortos.oem4 (.text:HwiP_create)
                  2000e7a2    0000002a     driverlib.a : timer.obj (.text:TimerLoadSet)
                  2000e7cc    0000002a                 : timer.obj (.text:TimerPrescaleSet)
                  2000e7f6    00000002     drivers_cc32xx.a : Timer.oem4 (.text:Timer_init)
                  2000e7f8    00000028     driverlib.a : prcm.obj (.text:PRCMPeripheralClkDisable)
                  2000e820    00000028     drivers_cc32xx.a : PowerCC32XX.oem4 (.text:Power_registerNotify)
                  2000e848    00000028     rtsv7M4_T_le_eabi.lib : memory.c.obj (.text:free_list_insert)
                  2000e870    00000026     drivers_cc32xx.a : List.oem4 (.text:List_put)
                  2000e896    00000026                      : List.oem4 (.text:List_remove)
                  2000e8bc    00000024     nortos_cc32xx.a : HwiPCC32XX_nortos.oem4 (.text:HwiP_dispatch)
                  2000e8e0    00000024     drivers_cc32xx.a : TimerCC32XX.oem4 (.text:TimerSupport_timerDisable)
                  2000e904    00000024     rtsv7M4_T_le_eabi.lib : boot_cortex_m.c.obj (.text:_c_int00_noargs:_c_int00_noargs)
                  2000e928    00000020     nortos_cc32xx.a : HwiPCC32XX_nortos.oem4 (.text:HwiP_destruct)
                  2000e948    00000020     drivers_cc32xx.a : PowerCC32XX.oem4 (.text:Power_unregisterNotify)
                  2000e968    0000001e     nortos_cc32xx.a : SemaphoreP_nortos.oem4 (.text:SemaphoreP_constructBinary)
                  2000e986    0000001e     driverlib.a : timer.obj (.text:TimerDisable)
                  2000e9a4    0000001e                 : timer.obj (.text:TimerEnable)
                  2000e9c2    00000002     rtsv7M4_T_le_eabi.lib : _lock.c.obj (.text:_nop)
                  2000e9c4    0000001c     driverlib.a : pin.obj (.text:PinToPadGet)
                  2000e9e0    0000001c     nortos_cc32xx.a : SwiP_nortos.oem4 (.text:SwiP_disable)
                  2000e9fc    0000001c     rtsv7M4_T_le_eabi.lib : copy_zero_init.c.obj (.text:decompress:ZI:__TI_zero_init_nomemset:__TI_zero_init_nomemset)
                  2000ea18    0000001c                           : memory.c.obj (.text:free_list_remove)
                  2000ea34    0000001a     nortos_cc32xx.a : SemaphoreP_nortos.oem4 (.text:SemaphoreP_createBinary)
                  2000ea4e    00000002                     : startup_cc32xx_ccs.oem4 (.text:busFaultHandler)
                  2000ea50    0000001a                     : startup_cc32xx_ccs.oem4 (.text:resetISR)
                  2000ea6a    00000002                     : SemaphoreP_nortos.oem4 (.text:clkFxn)
                  2000ea6c    00000018     drivers_cc32xx.a : PowerCC32XX.oem4 (.text:Power_getTransitionLatency)
                  2000ea84    00000018                      : PowerCC32XX.oem4 (.text:Power_idleFunc)
                  2000ea9c    00000018     driverlib.a : timer.obj (.text:TimerIntDisable)
                  2000eab4    00000018                 : timer.obj (.text:TimerIntEnable)
                  2000eacc    00000018     rtsv7M4_T_le_eabi.lib : ll_mul_t2.asm.obj (.text)
                  2000eae4    00000016     driverlib.a : prcm.obj (.text:PRCMHIBRegRead)
                  2000eafa    00000016                 : prcm.obj (.text:PRCMHIBRegWrite)
                  2000eb10    00000016     nortos_cc32xx.a : SemaphoreP_nortos.oem4 (.text:SemaphoreP_create)
                  2000eb26    00000014     driverlib.a : cpu.obj (.text:CPUcpsid)
                  2000eb3a    00000002     nortos_cc32xx.a : startup_cc32xx_ccs.oem4 (.text:defaultHandler)
                  2000eb3c    00000014                     : HwiPCC32XX_nortos.oem4 (.text:HwiP_inISR)
                  2000eb50    00000014     driverlib.a : interrupt.obj (.text:IntVTableBaseSet)
                  2000eb64    00000014     drivers_cc32xx.a : PowerCC32XX.oem4 (.text:Power_disablePolicy)
                  2000eb78    00000014                      : PowerCC32XX.oem4 (.text:Power_getDependencyCount)
                  2000eb8c    00000014     rtsv7M4_T_le_eabi.lib : strcpy.c.obj (.text:strcpy)
                  2000eba0    00000012     nortos_cc32xx.a : HwiPCC32XX_nortos.oem4 (.text:HwiP_Params_init)
                  2000ebb2    00000012     driverlib.a : timer.obj (.text:TimerIntClear)
                  2000ebc4    00000012     main_nortos.obj (.text:main)
                  2000ebd6    00000010     ti_drivers_config.obj (.text:Board_init)
                  2000ebe6    00000010     nortos_cc32xx.a : ClockPSysTick_nortos.oem4 (.text:ClockP_add)
                  2000ebf6    00000002                     : startup_cc32xx_ccs.oem4 (.text:faultISR)
                  2000ebf8    00000010                     : ClockPSysTick_nortos.oem4 (.text:ClockP_getCpuFreq)
                  2000ec08    00000010                     : ClockPSysTick_nortos.oem4 (.text:ClockP_getSystemTicks)
                  2000ec18    00000010                     : ClockPSysTick_nortos.oem4 (.text:ClockP_setTicks)
                  2000ec28    00000010                     : HwiPCC32XX_nortos.oem4 (.text:HwiP_delete)
                  2000ec38    00000010                     : HwiPCC32XX_nortos.oem4 (.text:HwiP_restore)
                  2000ec48    00000010     drivers_cc32xx.a : PowerCC32XX.oem4 (.text:Power_enablePolicy)
                  2000ec58    00000010     nortos_cc32xx.a : SemaphoreP_nortos.oem4 (.text:SemaphoreP_Params_init)
                  2000ec68    00000010     drivers_cc32xx.a : Timer.oem4 (.text:Timer_Params_init)
                  2000ec78    00000010     gpiointerrupt.obj (.text:gpioButtonFxn1)
                  2000ec88    0000000e     nortos_cc32xx.a : HwiPCC32XX_nortos.oem4 (.text:HwiP_clearInterrupt)
                  2000ec96    0000000e                     : HwiPCC32XX_nortos.oem4 (.text:HwiP_disable)
                  2000eca4    0000000e                     : HwiPCC32XX_nortos.oem4 (.text:HwiP_enable)
                  2000ecb2    0000000e     rtsv7M4_T_le_eabi.lib : copy_decompress_none.c.obj (.text:decompress:none:__TI_decompress_none)
                  2000ecc0    0000000c     drivers_cc32xx.a : PowerCC32XX.oem4 (.text:Power_getConstraintMask)
                  2000eccc    0000000c                      : TimerCC32XX.oem4 (.text:postNotifyFxn)
                  2000ecd8    0000000a     nortos_cc32xx.a : ClockPSysTick_nortos.oem4 (.text:ClockP_isActive)
                  2000ece2    0000000a     driverlib.a : interrupt.obj (.text:IntMasterDisable)
                  2000ecec    00000008     rtsv7M4_T_le_eabi.lib : memory.c.obj (.text:malloc)
                  2000ecf4    00000006     driverlib.a : utils.obj (.text:UtilsDelay)
                  2000ecfa    00000004     nortos_cc32xx.a : HwiPCC32XX_nortos.oem4 (.text:HwiP_post)
                  2000ecfe    00000004                     : SemaphoreP_nortos.oem4 (.text:SemaphoreP_delete)
                  2000ed02    00000004     rtsv7M4_T_le_eabi.lib : pre_init.c.obj (.text:_system_pre_init)
                  2000ed06    00000004                           : exit.c.obj (.text:abort:abort)
                  2000ed0a    00000002     nortos_cc32xx.a : startup_cc32xx_ccs.oem4 (.text:nmiISR)
                  2000ed0c    00000002     rtsv7M4_T_le_eabi.lib : div0.asm.obj (.text)

.const     0    2000f2e0    000002da     
                  2000f2e0    00000100     driverlib.a : pin.obj (.const:g_ulPinToPadMap)
                  2000f3e0    000000a8                 : prcm.obj (.const:PRCM_PeriphRegsList)
                  2000f488    00000044     ti_drivers_config.obj (.const:PowerCC32XX_config)
                  2000f4cc    00000021     drivers_cc32xx.a : GPIOCC32XX.oem4 (.const:.string:pinTable)
                  2000f4ed    00000003     --HOLE-- [fill = 0]
                  2000f4f0    00000018     driverlib.a : interrupt.obj (.const:g_pulEnRegs)
                  2000f508    00000018                 : interrupt.obj (.const:g_pulPendRegs)
                  2000f520    00000014     ti_drivers_config.obj (.const:GPIOCC32XX_config)
                  2000f534    00000014     drivers_cc32xx.a : GPIOCC32XX.oem4 (.const:gpioBaseAddresses)
                  2000f548    00000014                      : GPIOCC32XX.oem4 (.const:powerResources)
                  2000f55c    00000010     ti_drivers_config.obj (.const:timerCC32XXHWAttrs)
                  2000f56c    0000000c     drivers_cc32xx.a : Timer.oem4 (.const:defaultParams)
                  2000f578    0000000c                      : TimerCC32XX.oem4 (.const:defaultParams)
                  2000f584    00000008     ti_drivers_config.obj (.const:Timer_config)
                  2000f58c    00000008     drivers_cc32xx.a : GPIOCC32XX.oem4 (.const:outPinTypes)
                  2000f594    00000006                      : GPIOCC32XX.oem4 (.const:.string:interruptType)
                  2000f59a    00000006     gpiointerrupt.obj (.const:.string:sos)
                  2000f5a0    00000006     drivers_cc32xx.a : GPIOCC32XX.oem4 (.const:inPinTypes)
                  2000f5a6    00000006                      : GPIOCC32XX.oem4 (.const:outPinStrengths)
                  2000f5ac    00000006     ti_drivers_config.obj (.const)
                  2000f5b2    00000004     gpiointerrupt.obj (.const:.string:ok)
                  2000f5b6    00000004     drivers_cc32xx.a : GPIOCC32XX.oem4 (.const:.string:portInterruptIds)

.cinit     0    2000f7d0    00000100     
                  2000f7d0    000000d7     (.cinit..data.load) [load image, compression = lzss]
                  2000f8a7    00000001     --HOLE-- [fill = 0]
                  2000f8a8    0000000c     (__TI_handler_table)
                  2000f8b4    00000004     --HOLE-- [fill = 0]
                  2000f8b8    00000008     (.cinit..bss.load) [load image, compression = zero_init]
                  2000f8c0    00000010     (__TI_cinit_table)

.init_array 
*          0    20004000    00000000     UNINITIALIZED

.ramVecs   0    20000000    0000030c     NOLOAD SECTION
                  20000000    0000030c     nortos_cc32xx.a : startup_cc32xx_ccs.oem4 (.ramVecs)

.stack     0    20003000    00001000     UNINITIALIZED
                  20003000    00000004     rtsv7M4_T_le_eabi.lib : boot_cortex_m.c.obj (.stack)
                  20003004    00000ffc     --HOLE--

.resetVecs 
*          0    20004000    00000040     
                  20004000    00000040     nortos_cc32xx.a : startup_cc32xx_ccs.oem4 (.resetVecs:retain)

.sysmem    0    20004040    00008000     UNINITIALIZED
                  20004040    00000010     rtsv7M4_T_le_eabi.lib : memory.c.obj (.sysmem)
                  20004050    00007ff0     --HOLE--

.data      0    2000ed10    000005cd     UNINITIALIZED
                  2000ed10    0000030c     nortos_cc32xx.a : HwiPCC32XX_nortos.oem4 (.data:HwiP_dispatchTable)
                  2000f01c    0000016c     drivers_cc32xx.a : PowerCC32XX.oem4 (.data:PowerCC32XX_module)
                  2000f188    000000f8     ti_drivers_config.obj (.data:parkInfo)
                  2000f280    00000010     ti_drivers_config.obj (.data:gpioCallbackFunctions)
                  2000f290    00000010     ti_drivers_config.obj (.data:gpioPinConfigs)
                  2000f2a0    00000009     drivers_cc32xx.a : GPIOCC32XX.oem4 (.data)
                  2000f2a9    00000003     nortos_cc32xx.a : SemaphoreP_nortos.oem4 (.data)
                  2000f2ac    00000008     rtsv7M4_T_le_eabi.lib : _lock.c.obj (.data:$O1$$)
                  2000f2b4    00000008                           : memory.c.obj (.data:$O1$$)
                  2000f2bc    00000008     nortos_cc32xx.a : SemaphoreP_nortos.oem4 (.data:SemaphoreP_defaultParams)
                  2000f2c4    00000008                     : HwiPCC32XX_nortos.oem4 (.data)
                  2000f2cc    00000006     gpiointerrupt.obj (.data)
                  2000f2d2    00000006     gpiointerrupt.obj (.data:word$3)
                  2000f2d8    00000005     nortos_cc32xx.a : ClockPSysTick_nortos.oem4 (.data)

.bss       0    2000f5c0    00000210     UNINITIALIZED
                  2000f5c0    0000012c     (.common:PowerCC32XX_contextSave)
                  2000f6ec    00000084     (.common:timerCC32XXObjects)
                  2000f770    00000020     drivers_cc32xx.a : GPIOCC32XX.oem4 (.bss:gpioCallbackInfo)
                  2000f790    00000014                      : GPIOCC32XX.oem4 (.bss:powerNotifyObj)
                  2000f7a4    00000004                      : GPIOCC32XX.oem4 (.bss)
                  2000f7a8    00000010     (.common:ClockP_ctrl)
                  2000f7b8    0000000d     nortos_cc32xx.a : SwiP_nortos.oem4 (.bss)
                  2000f7c5    00000003     --HOLE--
                  2000f7c8    00000004                     : ClockPSysTick_nortos.oem4 (.bss)
                  2000f7cc    00000004     drivers_cc32xx.a : TimerCC32XX.oem4 (.bss:timerState)

.log_data 
*          0    90000000    00000000     COPY SECTION

__llvm_prf_cnts 
*          0    20004000    00000000     UNINITIALIZED

MODULE SUMMARY

       Module                       code    ro data   rw data
       ------                       ----    -------   -------
    .\
       gpiointerrupt.obj            704     10        12     
       main_nortos.obj              18      0         0      
    +--+----------------------------+-------+---------+---------+
       Total:                       722     10        12     
                                                             
    .\syscfg\
       ti_drivers_config.obj        18      118       412    
    +--+----------------------------+-------+---------+---------+
       Total:                       18      118       412    
                                                             
    C:/ti/simplelink_cc32xx_sdk_5_10_00_02/kernel/nortos/lib/ccs/m4/nortos_cc32xx.a
       HwiPCC32XX_nortos.oem4       366     0         788    
       startup_cc32xx_ccs.oem4      90      64        780    
       ClockPSysTick_nortos.oem4    582     0         25     
       PowerCC32XX_nortos.oem4      472     0         0      
       SemaphoreP_nortos.oem4       410     0         11     
       SwiP_nortos.oem4             96      0         13     
    +--+----------------------------+-------+---------+---------+
       Total:                       2016    64        1617   
                                                             
    C:/ti/simplelink_cc32xx_sdk_5_10_00_02/source/ti/devices/cc32xx/driverlib/ccs/Release/driverlib.a
       prcm.obj                     1604    168       0      
       pin.obj                      280     256       0      
       interrupt.obj                334     48        0      
       timer.obj                    264     0         0      
       flash.obj                    72      0         0      
       cpu.obj                      20      0         0      
       utils.obj                    6       0         0      
    +--+----------------------------+-------+---------+---------+
       Total:                       2580    472       0      
                                                             
    C:/ti/simplelink_cc32xx_sdk_5_10_00_02/source/ti/drivers/lib/ccs/m4/drivers_cc32xx.a
       PowerCC32XX.oem4             2300    0         664    
       GPIOCC32XX.oem4              1308    103       65     
       TimerCC32XX.oem4             876     12        4      
       Timer.oem4                   140     12        0      
       PowerCC32XX_asm.oem4         150     0         0      
       List.oem4                    76      0         0      
    +--+----------------------------+-------+---------+---------+
       Total:                       4850    127       733    
                                                             
    C:\ti\ccs1031\ccs\tools\compiler\ti-cgt-arm_20.2.5.LTS\lib\rtsv7M4_T_le_eabi.lib
       memory.c.obj                 672     0         8      
       memcpy_t2.asm.obj            156     0         0      
       ull_div_t2.asm.obj           150     0         0      
       copy_decompress_lzss.c.obj   104     0         0      
       autoinit.c.obj               68      0         0      
       boot_cortex_m.c.obj          36      0         0      
       copy_zero_init.c.obj         28      0         0      
       ll_mul_t2.asm.obj            24      0         0      
       strcpy.c.obj                 20      0         0      
       copy_decompress_none.c.obj   14      0         0      
       _lock.c.obj                  2       0         8      
       exit.c.obj                   4       0         0      
       pre_init.c.obj               4       0         0      
       div0.asm.obj                 2       0         0      
    +--+----------------------------+-------+---------+---------+
       Total:                       1284    0         16     
                                                             
       Heap:                        0       0         32768  
       Stack:                       0       0         4096   
       Linker Generated:            0       251       0      
    +--+----------------------------+-------+---------+---------+
       Grand Total:                 11470   1042      39654  


LINKER GENERATED COPY TABLES

__TI_cinit_table @ 2000f8c0 records: 2, size/record: 8, table size: 16
	.data: load addr=2000f7d0, load size=000000d7 bytes, run addr=2000ed10, run size=000005cd bytes, compression=lzss
	.bss: load addr=2000f8b8, load size=00000008 bytes, run addr=2000f5c0, run size=00000210 bytes, compression=zero_init


LINKER GENERATED HANDLER TABLE

__TI_handler_table @ 2000f8a8 records: 3, size/record: 4, table size: 12
	index: 0, handler: __TI_decompress_lzss
	index: 1, handler: __TI_decompress_none
	index: 2, handler: __TI_zero_init


GLOBAL SYMBOLS: SORTED ALPHABETICALLY BY Name 

address   name                             
-------   ----                             
2000ebd7  Board_init                       
2000d48f  Board_initHook                   
2000ed07  C$$EXIT                          
2000f5ac  CONFIG_GPIO_BUTTON_0_CONST       
2000f5ad  CONFIG_GPIO_BUTTON_1_CONST       
2000f5ae  CONFIG_GPIO_LED_0_CONST          
2000f5af  CONFIG_GPIO_LED_1_CONST          
2000f5b0  CONFIG_TIMER_0_CONST             
2000eb27  CPUcpsid                         
2000ebe7  ClockP_add                       
2000f7a8  ClockP_ctrl                      
2000e3b1  ClockP_destruct                  
2000dd89  ClockP_doTick                    
2000ebf9  ClockP_getCpuFreq                
2000ec09  ClockP_getSystemTicks            
2000e5b1  ClockP_getTicksUntilInterrupt    
2000ecd9  ClockP_isActive                  
2000ec19  ClockP_setTicks                  
2000e6e9  ClockP_start                     
2000e5e5  ClockP_startup                   
2000e115  ClockP_stop                      
2000dd89  ClockP_sysTickHandler            
2000f2d8  ClockP_tickPeriod                
2000dfad  FlashDisable                     
2000f520  GPIOCC32XX_config                
2000dec9  GPIO_enableInt                   
2000d845  GPIO_hwiIntFxn                   
2000cf51  GPIO_init                        
2000db25  GPIO_setCallback                 
2000c46d  GPIO_setConfig                   
2000d9fd  GPIO_toggle                      
2000dbdd  GPIO_write                       
2000eba1  HwiP_Params_init                 
2000ec89  HwiP_clearInterrupt              
2000d521  HwiP_construct                   
2000e779  HwiP_create                      
2000ec29  HwiP_delete                      
2000e929  HwiP_destruct                    
2000ec97  HwiP_disable                     
2000e8bd  HwiP_dispatch                    
2000eca5  HwiP_enable                      
2000eb3d  HwiP_inISR                       
2000f2c4  HwiP_key                         
2000ecfb  HwiP_post                        
2000ec39  HwiP_restore                     
2000f2c8  HwiP_swiPIntNum                  
UNDEFED   ITM_flush                        
UNDEFED   ITM_restore                      
2000d0d5  IntEnable                        
2000ece3  IntMasterDisable                 
2000d5ad  IntPendSet                       
2000eb51  IntVTableBaseSet                 
2000e871  List_put                         
2000e897  List_remove                      
2000eca5  NoRTOS_start                     
2000c041  PRCMCC3200MCUInit                
2000eae5  PRCMHIBRegRead                   
2000eafb  PRCMHIBRegWrite                  
2000dff5  PRCMLPDSEnter                    
2000e465  PRCMLPDSEnterKeepDebugIf         
2000e159  PRCMLPDSRestoreInfoSet           
2000e7f9  PRCMPeripheralClkDisable         
2000e03d  PRCMPeripheralClkEnable          
2000dc35  PRCMPeripheralReset              
2000dac5  PRCMSysResetCauseGet             
2000d635  PinConfigSet                     
2000e619  PinModeGet                       
2000e2f1  PinModeSet                       
2000e9c5  PinToPadGet                      
2000f488  PowerCC32XX_config               
2000d17d  PowerCC32XX_configureWakeup      
2000f5c0  PowerCC32XX_contextSave          
2000e19d  PowerCC32XX_enterLPDS            
2000e113  PowerCC32XX_initPolicy           
2000f01c  PowerCC32XX_module               
2000df15  PowerCC32XX_parkPin              
2000e719  PowerCC32XX_restoreParkedPin     
2000dce5  PowerCC32XX_resumeLPDS           
2000da61  PowerCC32XX_setParkState         
2000c819  PowerCC32XX_sleepPolicy          
2000eb65  Power_disablePolicy              
2000ec49  Power_enablePolicy               
2000ecc1  Power_getConstraintMask          
2000eb79  Power_getDependencyCount         
2000ea6d  Power_getTransitionLatency       
2000ea85  Power_idleFunc                   
2000d6bd  Power_init                       
2000e821  Power_registerNotify             
2000e085  Power_releaseConstraint          
2000dc8d  Power_releaseDependency          
2000e3ed  Power_setConstraint              
2000d7c5  Power_setDependency              
2000cafd  Power_sleep                      
2000e949  Power_unregisterNotify           
2000ec59  SemaphoreP_Params_init           
2000ddd9  SemaphoreP_construct             
2000e969  SemaphoreP_constructBinary       
2000eb11  SemaphoreP_create                
2000ea35  SemaphoreP_createBinary          
2000f2bc  SemaphoreP_defaultParams         
2000ecff  SemaphoreP_delete                
2000e463  SemaphoreP_destruct              
2000d225  SemaphoreP_pend                  
2000e1e1  SemaphoreP_post                  
2000e9e1  SwiP_disable                     
2000e225  SwiP_restore                     
2000de29  TimerCC32XX_allocateTimerResource
2000e64d  TimerCC32XX_freeTimerResource    
2000e545  TimerControlStall                
2000e987  TimerDisable                     
2000e9a5  TimerEnable                      
2000ebb3  TimerIntClear                    
2000ea9d  TimerIntDisable                  
2000eab5  TimerIntEnable                   
2000e7a3  TimerLoadSet                     
2000e7cd  TimerPrescaleSet                 
2000e8e1  TimerSupport_timerDisable        
2000e331  TimerSupport_timerEnable         
2000ec69  Timer_Params_init                
2000e371  Timer_close                      
2000f584  Timer_config                     
2000f5b1  Timer_count                      
2000e7f7  Timer_init                       
2000cc35  Timer_open                       
2000e269  Timer_start                      
2000e57b  Timer_stop                       
2000ecf5  UtilsDelay                       
20004000  __STACK_END                      
00001000  __STACK_SIZE                     
00008000  __SYSMEM_SIZE                    
2000f8c0  __TI_CINIT_Base                  
2000f8d0  __TI_CINIT_Limit                 
2000f8a8  __TI_Handler_Table_Base          
2000f8b4  __TI_Handler_Table_Limit         
2000e2ad  __TI_auto_init_nobinit_nopinit   
2000d92d  __TI_decompress_lzss             
2000ecb3  __TI_decompress_none             
ffffffff  __TI_pprof_out_hndl              
ffffffff  __TI_prof_data_size              
ffffffff  __TI_prof_data_start             
2000f7d0  __TI_static_base__               
2000e9fd  __TI_zero_init_nomemset          
2000ed0d  __aeabi_idiv0                    
2000ed0d  __aeabi_ldiv0                    
2000eacd  __aeabi_lmul                     
2000d2c5  __aeabi_memcpy                   
2000d2c5  __aeabi_memcpy4                  
2000d2c5  __aeabi_memcpy8                  
2000d3f9  __aeabi_uldivmod                 
ffffffff  __binit__                        
ffffffff  __c_args__                       
UNDEFED   __mpu_init                       
20003000  __stack                          
20004000  __start___llvm_prf_cnts          
20004000  __stop___llvm_prf_cnts           
2000e905  _c_int00_noargs                  
2000f2ac  _lock                            
2000e9c3  _nop                             
20004040  _sys_memory                      
UNDEFED   _system_post_cinit               
2000ed03  _system_pre_init                 
2000f2b0  _unlock                          
2000ed07  abort                            
2000cd6d  aligned_alloc                    
ffffffff  binit                            
2000ea6b  clkFxn                           
2000ce6d  free                             
2000e749  gpioButtonFxn0                   
2000ec79  gpioButtonFxn1                   
2000f280  gpioCallbackFunctions            
2000f290  gpioPinConfigs                   
2000f5a0  inPinTypes                       
2000de79  initTimer                        
2000e4d5  initVectors                      
2000ebc5  main                             
2000d995  mainThread                       
2000eced  malloc                           
2000cd6d  memalign                         
2000d2c5  memcpy                           
2000f5b2  ok                               
2000f5a6  outPinStrengths                  
2000f58c  outPinTypes                      
2000f188  parkInfo                         
2000ea51  resetISR                         
2000ea64  resetVectorAddr                  
20004000  resetVectors                     
2000f59a  sos                              
2000f2cc  state                            
2000eb8d  strcpy                           
2000f55c  timerCC32XXHWAttrs               
2000f6ec  timerCC32XXObjects               
2000c651  timerCallback                    


GLOBAL SYMBOLS: SORTED BY Symbol Address 

address   name                             
-------   ----                             
00001000  __STACK_SIZE                     
00008000  __SYSMEM_SIZE                    
20003000  __stack                          
20004000  __STACK_END                      
20004000  __start___llvm_prf_cnts          
20004000  __stop___llvm_prf_cnts           
20004000  resetVectors                     
20004040  _sys_memory                      
2000c041  PRCMCC3200MCUInit                
2000c46d  GPIO_setConfig                   
2000c651  timerCallback                    
2000c819  PowerCC32XX_sleepPolicy          
2000cafd  Power_sleep                      
2000cc35  Timer_open                       
2000cd6d  aligned_alloc                    
2000cd6d  memalign                         
2000ce6d  free                             
2000cf51  GPIO_init                        
2000d0d5  IntEnable                        
2000d17d  PowerCC32XX_configureWakeup      
2000d225  SemaphoreP_pend                  
2000d2c5  __aeabi_memcpy                   
2000d2c5  __aeabi_memcpy4                  
2000d2c5  __aeabi_memcpy8                  
2000d2c5  memcpy                           
2000d3f9  __aeabi_uldivmod                 
2000d48f  Board_initHook                   
2000d521  HwiP_construct                   
2000d5ad  IntPendSet                       
2000d635  PinConfigSet                     
2000d6bd  Power_init                       
2000d7c5  Power_setDependency              
2000d845  GPIO_hwiIntFxn                   
2000d92d  __TI_decompress_lzss             
2000d995  mainThread                       
2000d9fd  GPIO_toggle                      
2000da61  PowerCC32XX_setParkState         
2000dac5  PRCMSysResetCauseGet             
2000db25  GPIO_setCallback                 
2000dbdd  GPIO_write                       
2000dc35  PRCMPeripheralReset              
2000dc8d  Power_releaseDependency          
2000dce5  PowerCC32XX_resumeLPDS           
2000dd89  ClockP_doTick                    
2000dd89  ClockP_sysTickHandler            
2000ddd9  SemaphoreP_construct             
2000de29  TimerCC32XX_allocateTimerResource
2000de79  initTimer                        
2000dec9  GPIO_enableInt                   
2000df15  PowerCC32XX_parkPin              
2000dfad  FlashDisable                     
2000dff5  PRCMLPDSEnter                    
2000e03d  PRCMPeripheralClkEnable          
2000e085  Power_releaseConstraint          
2000e113  PowerCC32XX_initPolicy           
2000e115  ClockP_stop                      
2000e159  PRCMLPDSRestoreInfoSet           
2000e19d  PowerCC32XX_enterLPDS            
2000e1e1  SemaphoreP_post                  
2000e225  SwiP_restore                     
2000e269  Timer_start                      
2000e2ad  __TI_auto_init_nobinit_nopinit   
2000e2f1  PinModeSet                       
2000e331  TimerSupport_timerEnable         
2000e371  Timer_close                      
2000e3b1  ClockP_destruct                  
2000e3ed  Power_setConstraint              
2000e463  SemaphoreP_destruct              
2000e465  PRCMLPDSEnterKeepDebugIf         
2000e4d5  initVectors                      
2000e545  TimerControlStall                
2000e57b  Timer_stop                       
2000e5b1  ClockP_getTicksUntilInterrupt    
2000e5e5  ClockP_startup                   
2000e619  PinModeGet                       
2000e64d  TimerCC32XX_freeTimerResource    
2000e6e9  ClockP_start                     
2000e719  PowerCC32XX_restoreParkedPin     
2000e749  gpioButtonFxn0                   
2000e779  HwiP_create                      
2000e7a3  TimerLoadSet                     
2000e7cd  TimerPrescaleSet                 
2000e7f7  Timer_init                       
2000e7f9  PRCMPeripheralClkDisable         
2000e821  Power_registerNotify             
2000e871  List_put                         
2000e897  List_remove                      
2000e8bd  HwiP_dispatch                    
2000e8e1  TimerSupport_timerDisable        
2000e905  _c_int00_noargs                  
2000e929  HwiP_destruct                    
2000e949  Power_unregisterNotify           
2000e969  SemaphoreP_constructBinary       
2000e987  TimerDisable                     
2000e9a5  TimerEnable                      
2000e9c3  _nop                             
2000e9c5  PinToPadGet                      
2000e9e1  SwiP_disable                     
2000e9fd  __TI_zero_init_nomemset          
2000ea35  SemaphoreP_createBinary          
2000ea51  resetISR                         
2000ea64  resetVectorAddr                  
2000ea6b  clkFxn                           
2000ea6d  Power_getTransitionLatency       
2000ea85  Power_idleFunc                   
2000ea9d  TimerIntDisable                  
2000eab5  TimerIntEnable                   
2000eacd  __aeabi_lmul                     
2000eae5  PRCMHIBRegRead                   
2000eafb  PRCMHIBRegWrite                  
2000eb11  SemaphoreP_create                
2000eb27  CPUcpsid                         
2000eb3d  HwiP_inISR                       
2000eb51  IntVTableBaseSet                 
2000eb65  Power_disablePolicy              
2000eb79  Power_getDependencyCount         
2000eb8d  strcpy                           
2000eba1  HwiP_Params_init                 
2000ebb3  TimerIntClear                    
2000ebc5  main                             
2000ebd7  Board_init                       
2000ebe7  ClockP_add                       
2000ebf9  ClockP_getCpuFreq                
2000ec09  ClockP_getSystemTicks            
2000ec19  ClockP_setTicks                  
2000ec29  HwiP_delete                      
2000ec39  HwiP_restore                     
2000ec49  Power_enablePolicy               
2000ec59  SemaphoreP_Params_init           
2000ec69  Timer_Params_init                
2000ec79  gpioButtonFxn1                   
2000ec89  HwiP_clearInterrupt              
2000ec97  HwiP_disable                     
2000eca5  HwiP_enable                      
2000eca5  NoRTOS_start                     
2000ecb3  __TI_decompress_none             
2000ecc1  Power_getConstraintMask          
2000ecd9  ClockP_isActive                  
2000ece3  IntMasterDisable                 
2000eced  malloc                           
2000ecf5  UtilsDelay                       
2000ecfb  HwiP_post                        
2000ecff  SemaphoreP_delete                
2000ed03  _system_pre_init                 
2000ed07  C$$EXIT                          
2000ed07  abort                            
2000ed0d  __aeabi_idiv0                    
2000ed0d  __aeabi_ldiv0                    
2000f01c  PowerCC32XX_module               
2000f188  parkInfo                         
2000f280  gpioCallbackFunctions            
2000f290  gpioPinConfigs                   
2000f2ac  _lock                            
2000f2b0  _unlock                          
2000f2bc  SemaphoreP_defaultParams         
2000f2c4  HwiP_key                         
2000f2c8  HwiP_swiPIntNum                  
2000f2cc  state                            
2000f2d8  ClockP_tickPeriod                
2000f488  PowerCC32XX_config               
2000f520  GPIOCC32XX_config                
2000f55c  timerCC32XXHWAttrs               
2000f584  Timer_config                     
2000f58c  outPinTypes                      
2000f59a  sos                              
2000f5a0  inPinTypes                       
2000f5a6  outPinStrengths                  
2000f5ac  CONFIG_GPIO_BUTTON_0_CONST       
2000f5ad  CONFIG_GPIO_BUTTON_1_CONST       
2000f5ae  CONFIG_GPIO_LED_0_CONST          
2000f5af  CONFIG_GPIO_LED_1_CONST          
2000f5b0  CONFIG_TIMER_0_CONST             
2000f5b1  Timer_count                      
2000f5b2  ok                               
2000f5c0  PowerCC32XX_contextSave          
2000f6ec  timerCC32XXObjects               
2000f7a8  ClockP_ctrl                      
2000f7d0  __TI_static_base__               
2000f8a8  __TI_Handler_Table_Base          
2000f8b4  __TI_Handler_Table_Limit         
2000f8c0  __TI_CINIT_Base                  
2000f8d0  __TI_CINIT_Limit                 
ffffffff  __TI_pprof_out_hndl              
ffffffff  __TI_prof_data_size              
ffffffff  __TI_prof_data_start             
ffffffff  __binit__                        
ffffffff  __c_args__                       
ffffffff  binit                            
UNDEFED   ITM_flush                        
UNDEFED   ITM_restore                      
UNDEFED   __mpu_init                       
UNDEFED   _system_post_cinit               

[192 symbols]
