******************************************************************************
                  TI ARM Linker PC v20.2.5                     
******************************************************************************
>> Linked Sun May 16 02:02:14 2021

OUTPUT FILE NAME:   <pwmled2_CC3220S_LAUNCHXL_nortos_ccs.out>
ENTRY POINT SYMBOL: "resetISR"  address: 2000e2a1


MEMORY CONFIGURATION

         name            origin    length      used     unused   attr    fill
----------------------  --------  ---------  --------  --------  ----  --------
  SRAM2                 20000000   00004000  0000130c  00002cf4  RW X
  SRAM                  20004000   0003c000  0000ac5a  000313a6  RW X
  LOG_DATA              90000000   00040000  00000000  00040000  R   


SEGMENT ALLOCATION MAP

run origin  load origin   length   init length attrs members
----------  ----------- ---------- ----------- ----- -------
20003000    20003000    00001000   00000000    rw-
  20003000    20003000    00001000   00000000    rw- .stack
20004000    20004000    00000040   00000040    r--
  20004000    20004000    00000040   00000040    r-- .resetVecs
20004040    20004040    00008000   00000000    rw-
  20004040    20004040    00008000   00000000    rw- .sysmem
2000c040    2000c040    0000272b   0000272b    r-x
  2000c040    2000c040    00002466   00002466    r-x .text
  2000e4a8    2000e4a8    000002c3   000002c3    r-- .const
2000e76c    2000e76c    0000027d   00000000    rw-
  2000e76c    2000e76c    0000027d   00000000    rw- .data
2000e9f0    2000e9f0    0000019c   00000000    rw-
  2000e9f0    2000e9f0    0000019c   00000000    rw- .bss
2000eb90    2000eb90    000000d8   000000d8    r--
  2000eb90    2000eb90    000000d8   000000d8    r-- .cinit


SECTION ALLOCATION MAP

 output                                  attributes/
section   page    origin      length       input sections
--------  ----  ----------  ----------   ----------------
.text      0    2000c040    00002466     
                  2000c040    0000042c     driverlib.a : prcm.obj (.text:PRCMCC3200MCUInit)
                  2000c46c    0000019c     nortos_cc32xx.a : PowerCC32XX_nortos.oem4 (.text:PowerCC32XX_sleepPolicy)
                  2000c608    00000148     drivers_cc32xx.a : PowerCC32XX.oem4 (.text:parkPins)
                  2000c750    00000140                      : PWMTimerCC32XX.oem4 (.text:PWMTimerCC32XX_setDutyAndPeriod)
                  2000c890    00000138                      : PowerCC32XX.oem4 (.text:Power_sleep)
                  2000c9c8    000000f0                      : PWMTimerCC32XX.oem4 (.text:PWMTimerCC32XX_open)
                  2000cab8    000000c4                      : PWMTimerCC32XX.oem4 (.text:PWMTimerCC32XX_stop)
                  2000cb7c    000000c0                      : PowerCC32XX.oem4 (.text:restoreParkedPins)
                  2000cc3c    000000b8                      : PWMTimerCC32XX.oem4 (.text:PWMTimerCC32XX_setDuty)
                  2000ccf4    000000a8     driverlib.a : interrupt.obj (.text:IntEnable)
                  2000cd9c    000000a8     drivers_cc32xx.a : PowerCC32XX.oem4 (.text:PowerCC32XX_configureWakeup)
                  2000ce44    000000a4                      : PWMTimerCC32XX.oem4 (.text:initHw)
                  2000cee8    000000a0     nortos_cc32xx.a : SemaphoreP_nortos.oem4 (.text:SemaphoreP_pend)
                  2000cf88    0000009e     pwmled2.obj (.text:mainThread)
                  2000d026    0000009c     rtsv7M4_T_le_eabi.lib : memcpy_t2.asm.obj (.text)
                  2000d0c2    00000002     ti_drivers_config.obj (.text:Board_initHook)
                  2000d0c4    00000098     drivers_cc32xx.a : PWMTimerCC32XX.oem4 (.text:PWMTimerCC32XX_setPeriod)
                  2000d15c    00000096     rtsv7M4_T_le_eabi.lib : ull_div_t2.asm.obj (.text)
                  2000d1f2    00000002     drivers_cc32xx.a : PWMTimerCC32XX.oem4 (.text:PWMTimerCC32XX_init)
                  2000d1f4    00000090                      : PowerCC32XX.oem4 (.text:restoreNVICRegs)
                  2000d284    00000088     driverlib.a : interrupt.obj (.text:IntPendSet)
                  2000d30c    00000088     drivers_cc32xx.a : PWMTimerCC32XX.oem4 (.text:PWMTimerCC32XX_close)
                  2000d394    00000088     driverlib.a : pin.obj (.text:PinConfigSet)
                  2000d41c    00000084     drivers_cc32xx.a : PowerCC32XX.oem4 (.text:Power_init)
                  2000d4a0    00000084                      : PowerCC32XX.oem4 (.text:saveNVICRegs)
                  2000d524    00000080                      : PowerCC32XX.oem4 (.text:Power_setDependency)
                  2000d5a4    00000068                      : PWMTimerCC32XX.oem4 (.text:PWMTimerCC32XX_start)
                  2000d60c    00000068     rtsv7M4_T_le_eabi.lib : copy_decompress_lzss.c.obj (.text:decompress:lzss:__TI_decompress_lzss)
                  2000d674    00000064     drivers_cc32xx.a : PowerCC32XX.oem4 (.text:PowerCC32XX_setParkState)
                  2000d6d8    00000060     driverlib.a : prcm.obj (.text:PRCMSysResetCauseGet)
                  2000d738    0000005c     nortos_cc32xx.a : ClockPSysTick_nortos.oem4 (.text:sysTickInit)
                  2000d794    00000058     driverlib.a : prcm.obj (.text:PRCMPeripheralReset)
                  2000d7ec    00000058     drivers_cc32xx.a : PowerCC32XX.oem4 (.text:Power_releaseDependency)
                  2000d844    00000052                      : PowerCC32XX_asm.oem4 (.text:PowerCC32XX_resumeLPDS)
                  2000d896    00000002     nortos_cc32xx.a : PowerCC32XX_nortos.oem4 (.text:PowerCC32XX_initPolicy)
                  2000d898    00000050                     : ClockPSysTick_nortos.oem4 (.text:ClockP_sysTickHandler)
                  2000d8e8    00000050                     : SemaphoreP_nortos.oem4 (.text:SemaphoreP_construct)
                  2000d938    00000050     drivers_cc32xx.a : TimerCC32XX.oem4 (.text:TimerCC32XX_allocateTimerResource)
                  2000d988    0000004c                      : PowerCC32XX.oem4 (.text:PowerCC32XX_parkPin)
                  2000d9d4    0000004c                      : PWMTimerCC32XX.oem4 (.text:getDutyCounts)
                  2000da20    0000004c                      : PWMTimerCC32XX.oem4 (.text:getPeriodCounts)
                  2000da6c    0000004c                      : PowerCC32XX.oem4 (.text:restorePeriphClocks)
                  2000dab8    00000048     driverlib.a : flash.obj (.text:FlashDisable)
                  2000db00    00000048                 : prcm.obj (.text:PRCMLPDSEnter)
                  2000db48    00000048                 : prcm.obj (.text:PRCMPeripheralClkEnable)
                  2000db90    00000048     drivers_cc32xx.a : PowerCC32XX.oem4 (.text:Power_releaseConstraint)
                  2000dbd8    00000044     nortos_cc32xx.a : ClockPSysTick_nortos.oem4 (.text:ClockP_stop)
                  2000dc1c    00000044     driverlib.a : prcm.obj (.text:PRCMLPDSRestoreInfoSet)
                  2000dc60    00000044     drivers_cc32xx.a : PWM.oem4 (.text:PWM_init)
                  2000dca4    00000044                      : PowerCC32XX_asm.oem4 (.text:PowerCC32XX_enterLPDS)
                  2000dce8    00000044     nortos_cc32xx.a : SwiP_nortos.oem4 (.text:SwiP_restore)
                  2000dd2c    00000044     rtsv7M4_T_le_eabi.lib : autoinit.c.obj (.text:__TI_auto_init_nobinit_nopinit:__TI_auto_init_nobinit_nopinit)
                  2000dd70    00000040     drivers_cc32xx.a : PWM.oem4 (.text:PWM_open)
                  2000ddb0    00000040     driverlib.a : pin.obj (.text:PinModeSet)
                  2000ddf0    0000003c     nortos_cc32xx.a : ClockPSysTick_nortos.oem4 (.text:ClockP_destruct)
                  2000de2c    0000003c     drivers_cc32xx.a : PowerCC32XX.oem4 (.text:Power_setConstraint)
                  2000de68    0000003a     nortos_cc32xx.a : PowerCC32XX_nortos.oem4 (.text:getCountsRTC)
                  2000dea2    0000003a     drivers_cc32xx.a : PWMTimerCC32XX.oem4 (.text:getPowerMgrId)
                  2000dedc    00000038     driverlib.a : prcm.obj (.text:PRCMLPDSEnterKeepDebugIf)
                  2000df14    00000038     nortos_cc32xx.a : ClockPSysTick_nortos.oem4 (.text:addToList)
                  2000df4c    00000038                     : startup_cc32xx_ccs.oem4 (.text:initVectors)
                  2000df84    00000038     drivers_cc32xx.a : PowerCC32XX.oem4 (.text:notify)
                  2000dfbc    00000034     nortos_cc32xx.a : ClockPSysTick_nortos.oem4 (.text:ClockP_getTicksUntilInterrupt)
                  2000dff0    00000034                     : ClockPSysTick_nortos.oem4 (.text:ClockP_startup)
                  2000e024    00000034     driverlib.a : pin.obj (.text:PinModeGet)
                  2000e058    00000034     drivers_cc32xx.a : TimerCC32XX.oem4 (.text:TimerCC32XX_freeTimerResource)
                  2000e08c    00000034                      : TimerCC32XX.oem4 (.text:getPowerMgrId)
                  2000e0c0    00000030     nortos_cc32xx.a : ClockPSysTick_nortos.oem4 (.text:ClockP_start)
                  2000e0f0    00000030     drivers_cc32xx.a : PowerCC32XX.oem4 (.text:PowerCC32XX_restoreParkedPin)
                  2000e120    00000028     nortos_cc32xx.a : ClockPSysTick_nortos.oem4 (.text:ClockP_sleep)
                  2000e148    00000028     driverlib.a : prcm.obj (.text:PRCMPeripheralClkDisable)
                  2000e170    00000028     drivers_cc32xx.a : PowerCC32XX.oem4 (.text:Power_registerNotify)
                  2000e198    00000026                      : List.oem4 (.text:List_put)
                  2000e1be    00000026                      : List.oem4 (.text:List_remove)
                  2000e1e4    00000024     rtsv7M4_T_le_eabi.lib : boot_cortex_m.c.obj (.text:_c_int00_noargs:_c_int00_noargs)
                  2000e208    00000024     nortos_cc32xx.a : ClockPSysTick_nortos.oem4 (.text:sleepTicks)
                  2000e22c    00000020     drivers_cc32xx.a : PowerCC32XX.oem4 (.text:Power_unregisterNotify)
                  2000e24c    0000001c     driverlib.a : pin.obj (.text:PinToPadGet)
                  2000e268    0000001c     nortos_cc32xx.a : SwiP_nortos.oem4 (.text:SwiP_disable)
                  2000e284    0000001c     rtsv7M4_T_le_eabi.lib : copy_zero_init.c.obj (.text:decompress:ZI:__TI_zero_init_nomemset:__TI_zero_init_nomemset)
                  2000e2a0    0000001a     nortos_cc32xx.a : startup_cc32xx_ccs.oem4 (.text:resetISR)
                  2000e2ba    00000002                     : SemaphoreP_nortos.oem4 (.text:SemaphoreP_destruct)
                  2000e2bc    00000018     drivers_cc32xx.a : PowerCC32XX.oem4 (.text:Power_getTransitionLatency)
                  2000e2d4    00000018                      : PowerCC32XX.oem4 (.text:Power_idleFunc)
                  2000e2ec    00000018     rtsv7M4_T_le_eabi.lib : ll_mul_t2.asm.obj (.text)
                  2000e304    00000016     driverlib.a : prcm.obj (.text:PRCMHIBRegRead)
                  2000e31a    00000016                 : prcm.obj (.text:PRCMHIBRegWrite)
                  2000e330    00000014                 : cpu.obj (.text:CPUcpsid)
                  2000e344    00000014                 : interrupt.obj (.text:IntVTableBaseSet)
                  2000e358    00000014     drivers_cc32xx.a : PWM.oem4 (.text:PWM_Params_init)
                  2000e36c    00000014                      : PowerCC32XX.oem4 (.text:Power_getDependencyCount)
                  2000e380    00000012     main_nortos.obj (.text:main)
                  2000e392    00000012     drivers_cc32xx.a : PWMTimerCC32XX.oem4 (.text:postNotifyFxn)
                  2000e3a4    00000010     ti_drivers_config.obj (.text:Board_init)
                  2000e3b4    00000010     nortos_cc32xx.a : ClockPSysTick_nortos.oem4 (.text:ClockP_add)
                  2000e3c4    00000010                     : ClockPSysTick_nortos.oem4 (.text:ClockP_getCpuFreq)
                  2000e3d4    00000010                     : ClockPSysTick_nortos.oem4 (.text:ClockP_getSystemTicks)
                  2000e3e4    00000010                     : ClockPSysTick_nortos.oem4 (.text:ClockP_setTicks)
                  2000e3f4    00000010                     : HwiPCC32XX_nortos.oem4 (.text:HwiP_restore)
                  2000e404    00000010     drivers_cc32xx.a : PowerCC32XX.oem4 (.text:Power_enablePolicy)
                  2000e414    00000010     nortos_cc32xx.a : SemaphoreP_nortos.oem4 (.text:SemaphoreP_Params_init)
                  2000e424    0000000e                     : HwiPCC32XX_nortos.oem4 (.text:HwiP_disable)
                  2000e432    0000000e                     : HwiPCC32XX_nortos.oem4 (.text:HwiP_enable)
                  2000e440    0000000e     rtsv7M4_T_le_eabi.lib : copy_decompress_none.c.obj (.text:decompress:none:__TI_decompress_none)
                  2000e44e    00000002     nortos_cc32xx.a : startup_cc32xx_ccs.oem4 (.text:busFaultHandler)
                  2000e450    0000000c     drivers_cc32xx.a : PowerCC32XX.oem4 (.text:Power_getConstraintMask)
                  2000e45c    0000000a     nortos_cc32xx.a : ClockPSysTick_nortos.oem4 (.text:ClockP_isActive)
                  2000e466    0000000a     driverlib.a : interrupt.obj (.text:IntMasterDisable)
                  2000e470    0000000a     drivers_cc32xx.a : PWM.oem4 (.text:PWM_setDuty)
                  2000e47a    0000000a                      : PWM.oem4 (.text:PWM_start)
                  2000e484    00000006                      : PWMTimerCC32XX.oem4 (.text:PWMTimerCC32XX_control)
                  2000e48a    00000006     driverlib.a : utils.obj (.text:UtilsDelay)
                  2000e490    00000004     nortos_cc32xx.a : HwiPCC32XX_nortos.oem4 (.text:HwiP_post)
                  2000e494    00000004     rtsv7M4_T_le_eabi.lib : pre_init.c.obj (.text:_system_pre_init)
                  2000e498    00000004                           : exit.c.obj (.text:abort:abort)
                  2000e49c    00000002     nortos_cc32xx.a : SemaphoreP_nortos.oem4 (.text:clkFxn)
                  2000e49e    00000002                     : startup_cc32xx_ccs.oem4 (.text:defaultHandler)
                  2000e4a0    00000002                     : startup_cc32xx_ccs.oem4 (.text:faultISR)
                  2000e4a2    00000002                     : startup_cc32xx_ccs.oem4 (.text:nmiISR)
                  2000e4a4    00000002     rtsv7M4_T_le_eabi.lib : div0.asm.obj (.text)

.const     0    2000e4a8    000002c3     
                  2000e4a8    00000100     driverlib.a : pin.obj (.const:g_ulPinToPadMap)
                  2000e5a8    000000a8                 : prcm.obj (.const:PRCM_PeriphRegsList)
                  2000e650    00000044     ti_drivers_config.obj (.const:PowerCC32XX_config)
                  2000e694    00000024     drivers_cc32xx.a : PWMTimerCC32XX.oem4 (.const:PWMTimerCC32XX_fxnTable)
                  2000e6b8    00000020                      : PWMTimerCC32XX.oem4 (.const:gpioPinIndexes)
                  2000e6d8    00000018     ti_drivers_config.obj (.const:PWM_config)
                  2000e6f0    00000018     drivers_cc32xx.a : PWM.oem4 (.const:PWM_defaultParams)
                  2000e708    00000018     driverlib.a : interrupt.obj (.const:g_pulEnRegs)
                  2000e720    00000018                 : interrupt.obj (.const:g_pulPendRegs)
                  2000e738    00000010     drivers_cc32xx.a : PWMTimerCC32XX.oem4 (.const:gpioBaseAddresses)
                  2000e748    00000010                      : PWMTimerCC32XX.oem4 (.const:timerBaseAddresses)
                  2000e758    00000008     ti_drivers_config.obj (.const:pwmTimerCC32XXHWAttrs)
                  2000e760    00000008     drivers_cc32xx.a : PWMTimerCC32XX.oem4 (.const:timerHalves)
                  2000e768    00000003     ti_drivers_config.obj (.const)

.cinit     0    2000eb90    000000d8     
                  2000eb90    000000b0     (.cinit..data.load) [load image, compression = lzss]
                  2000ec40    0000000c     (__TI_handler_table)
                  2000ec4c    00000004     --HOLE-- [fill = 0]
                  2000ec50    00000008     (.cinit..bss.load) [load image, compression = zero_init]
                  2000ec58    00000010     (__TI_cinit_table)

.init_array 
*          0    20004000    00000000     UNINITIALIZED

.ramVecs   0    20000000    0000030c     NOLOAD SECTION
                  20000000    0000030c     nortos_cc32xx.a : startup_cc32xx_ccs.oem4 (.ramVecs)

.stack     0    20003000    00001000     UNINITIALIZED
                  20003000    00000004     rtsv7M4_T_le_eabi.lib : boot_cortex_m.c.obj (.stack)
                  20003004    00000ffc     --HOLE--

.resetVecs 
*          0    20004000    00000040     
                  20004000    00000040     nortos_cc32xx.a : startup_cc32xx_ccs.oem4 (.resetVecs:retain)

.sysmem    0    20004040    00008000     UNINITIALIZED
                  20004040    00000010     rtsv7M4_T_le_eabi.lib : memory.c.obj (.sysmem)
                  20004050    00007ff0     --HOLE--

.data      0    2000e76c    0000027d     UNINITIALIZED
                  2000e76c    0000016c     drivers_cc32xx.a : PowerCC32XX.oem4 (.data:PowerCC32XX_module)
                  2000e8d8    000000f8     ti_drivers_config.obj (.data:parkInfo)
                  2000e9d0    00000008     nortos_cc32xx.a : SemaphoreP_nortos.oem4 (.data:SemaphoreP_defaultParams)
                  2000e9d8    00000008                     : HwiPCC32XX_nortos.oem4 (.data)
                  2000e9e0    00000005                     : ClockPSysTick_nortos.oem4 (.data)
                  2000e9e5    00000003                     : SemaphoreP_nortos.oem4 (.data)
                  2000e9e8    00000001     drivers_cc32xx.a : PWM.oem4 (.data)

.bss       0    2000e9f0    0000019c     UNINITIALIZED
                  2000e9f0    0000012c     (.common:PowerCC32XX_contextSave)
                  2000eb1c    00000048     (.common:pwmTimerCC32XXObjects)
                  2000eb64    00000004     nortos_cc32xx.a : ClockPSysTick_nortos.oem4 (.bss)
                  2000eb68    00000010     (.common:ClockP_ctrl)
                  2000eb78    0000000d                     : SwiP_nortos.oem4 (.bss)
                  2000eb85    00000003     --HOLE--
                  2000eb88    00000004     drivers_cc32xx.a : TimerCC32XX.oem4 (.bss:timerState)

.log_data 
*          0    90000000    00000000     COPY SECTION

__llvm_prf_cnts 
*          0    20004000    00000000     UNINITIALIZED

MODULE SUMMARY

       Module                       code   ro data   rw data
       ------                       ----   -------   -------
    .\
       pwmled2.obj                  158    0         0      
       main_nortos.obj              18     0         0      
    +--+----------------------------+------+---------+---------+
       Total:                       176    0         0      
                                                            
    .\syscfg\
       ti_drivers_config.obj        18     103       320    
    +--+----------------------------+------+---------+---------+
       Total:                       18     103       320    
                                                            
    C:/ti/simplelink_cc32xx_sdk_5_10_00_02/kernel/nortos/lib/ccs/m4/nortos_cc32xx.a
       startup_cc32xx_ccs.oem4      90     64        780    
       ClockPSysTick_nortos.oem4    658    0         25     
       PowerCC32XX_nortos.oem4      472    0         0      
       SemaphoreP_nortos.oem4       260    0         11     
       SwiP_nortos.oem4             96     0         13     
       HwiPCC32XX_nortos.oem4       48     0         8      
    +--+----------------------------+------+---------+---------+
       Total:                       1624   64        837    
                                                            
    C:/ti/simplelink_cc32xx_sdk_5_10_00_02/source/ti/devices/cc32xx/driverlib/ccs/Release/driverlib.a
       prcm.obj                     1604   168       0      
       pin.obj                      280    256       0      
       interrupt.obj                334    48        0      
       flash.obj                    72     0         0      
       cpu.obj                      20     0         0      
       utils.obj                    6      0         0      
    +--+----------------------------+------+---------+---------+
       Total:                       2316   472       0      
                                                            
    C:/ti/simplelink_cc32xx_sdk_5_10_00_02/source/ti/drivers/lib/ccs/m4/drivers_cc32xx.a
       PowerCC32XX.oem4             2280   0         664    
       PWMTimerCC32XX.oem4          1732   108       0      
       PWM.oem4                     172    24        1      
       TimerCC32XX.oem4             184    0         4      
       PowerCC32XX_asm.oem4         150    0         0      
       List.oem4                    76     0         0      
    +--+----------------------------+------+---------+---------+
       Total:                       4594   132       669    
                                                            
    C:\ti\ccs1031\ccs\tools\compiler\ti-cgt-arm_20.2.5.LTS\lib\rtsv7M4_T_le_eabi.lib
       memcpy_t2.asm.obj            156    0         0      
       ull_div_t2.asm.obj           150    0         0      
       copy_decompress_lzss.c.obj   104    0         0      
       autoinit.c.obj               68     0         0      
       boot_cortex_m.c.obj          36     0         0      
       copy_zero_init.c.obj         28     0         0      
       ll_mul_t2.asm.obj            24     0         0      
       copy_decompress_none.c.obj   14     0         0      
       exit.c.obj                   4      0         0      
       pre_init.c.obj               4      0         0      
       div0.asm.obj                 2      0         0      
    +--+----------------------------+------+---------+---------+
       Total:                       590    0         0      
                                                            
       Heap:                        0      0         32768  
       Stack:                       0      0         4096   
       Linker Generated:            0      212       0      
    +--+----------------------------+------+---------+---------+
       Grand Total:                 9318   983       38690  


LINKER GENERATED COPY TABLES

__TI_cinit_table @ 2000ec58 records: 2, size/record: 8, table size: 16
	.data: load addr=2000eb90, load size=000000b0 bytes, run addr=2000e76c, run size=0000027d bytes, compression=lzss
	.bss: load addr=2000ec50, load size=00000008 bytes, run addr=2000e9f0, run size=0000019c bytes, compression=zero_init


LINKER GENERATED HANDLER TABLE

__TI_handler_table @ 2000ec40 records: 3, size/record: 4, table size: 12
	index: 0, handler: __TI_decompress_lzss
	index: 1, handler: __TI_decompress_none
	index: 2, handler: __TI_zero_init


GLOBAL SYMBOLS: SORTED ALPHABETICALLY BY Name 

address   name                             
-------   ----                             
2000e3a5  Board_init                       
2000d0c3  Board_initHook                   
2000e499  C$$EXIT                          
2000e768  CONFIG_PWM_0_CONST               
2000e769  CONFIG_PWM_1_CONST               
2000e331  CPUcpsid                         
2000e3b5  ClockP_add                       
2000eb68  ClockP_ctrl                      
2000ddf1  ClockP_destruct                  
2000d899  ClockP_doTick                    
2000e3c5  ClockP_getCpuFreq                
2000e3d5  ClockP_getSystemTicks            
2000dfbd  ClockP_getTicksUntilInterrupt    
2000e45d  ClockP_isActive                  
2000e3e5  ClockP_setTicks                  
2000e121  ClockP_sleep                     
2000e0c1  ClockP_start                     
2000dff1  ClockP_startup                   
2000dbd9  ClockP_stop                      
2000d899  ClockP_sysTickHandler            
2000e9e0  ClockP_tickPeriod                
2000dab9  FlashDisable                     
2000e425  HwiP_disable                     
2000e433  HwiP_enable                      
2000e9d8  HwiP_key                         
2000e491  HwiP_post                        
2000e3f5  HwiP_restore                     
2000e9dc  HwiP_swiPIntNum                  
UNDEFED   ITM_flush                        
UNDEFED   ITM_restore                      
2000ccf5  IntEnable                        
2000e467  IntMasterDisable                 
2000d285  IntPendSet                       
2000e345  IntVTableBaseSet                 
2000e199  List_put                         
2000e1bf  List_remove                      
2000e433  NoRTOS_start                     
2000c041  PRCMCC3200MCUInit                
2000e305  PRCMHIBRegRead                   
2000e31b  PRCMHIBRegWrite                  
2000db01  PRCMLPDSEnter                    
2000dedd  PRCMLPDSEnterKeepDebugIf         
2000dc1d  PRCMLPDSRestoreInfoSet           
2000e149  PRCMPeripheralClkDisable         
2000db49  PRCMPeripheralClkEnable          
2000d795  PRCMPeripheralReset              
2000d6d9  PRCMSysResetCauseGet             
2000d30d  PWMTimerCC32XX_close             
2000e485  PWMTimerCC32XX_control           
2000e694  PWMTimerCC32XX_fxnTable          
2000d1f3  PWMTimerCC32XX_init              
2000c9c9  PWMTimerCC32XX_open              
2000cc3d  PWMTimerCC32XX_setDuty           
2000c751  PWMTimerCC32XX_setDutyAndPeriod  
2000d0c5  PWMTimerCC32XX_setPeriod         
2000d5a5  PWMTimerCC32XX_start             
2000cab9  PWMTimerCC32XX_stop              
2000e359  PWM_Params_init                  
2000e6d8  PWM_config                       
2000e76a  PWM_count                        
2000e6f0  PWM_defaultParams                
2000dc61  PWM_init                         
2000dd71  PWM_open                         
2000e471  PWM_setDuty                      
2000e47b  PWM_start                        
2000d395  PinConfigSet                     
2000e025  PinModeGet                       
2000ddb1  PinModeSet                       
2000e24d  PinToPadGet                      
2000e650  PowerCC32XX_config               
2000cd9d  PowerCC32XX_configureWakeup      
2000e9f0  PowerCC32XX_contextSave          
2000dca5  PowerCC32XX_enterLPDS            
2000d897  PowerCC32XX_initPolicy           
2000e76c  PowerCC32XX_module               
2000d989  PowerCC32XX_parkPin              
2000e0f1  PowerCC32XX_restoreParkedPin     
2000d845  PowerCC32XX_resumeLPDS           
2000d675  PowerCC32XX_setParkState         
2000c46d  PowerCC32XX_sleepPolicy          
2000e405  Power_enablePolicy               
2000e451  Power_getConstraintMask          
2000e36d  Power_getDependencyCount         
2000e2bd  Power_getTransitionLatency       
2000e2d5  Power_idleFunc                   
2000d41d  Power_init                       
2000e171  Power_registerNotify             
2000db91  Power_releaseConstraint          
2000d7ed  Power_releaseDependency          
2000de2d  Power_setConstraint              
2000d525  Power_setDependency              
2000c891  Power_sleep                      
2000e22d  Power_unregisterNotify           
2000e415  SemaphoreP_Params_init           
2000d8e9  SemaphoreP_construct             
2000e9d0  SemaphoreP_defaultParams         
2000e2bb  SemaphoreP_destruct              
2000cee9  SemaphoreP_pend                  
2000e269  SwiP_disable                     
2000dce9  SwiP_restore                     
2000d939  TimerCC32XX_allocateTimerResource
2000e059  TimerCC32XX_freeTimerResource    
2000e48b  UtilsDelay                       
20004000  __STACK_END                      
00001000  __STACK_SIZE                     
00008000  __SYSMEM_SIZE                    
2000ec58  __TI_CINIT_Base                  
2000ec68  __TI_CINIT_Limit                 
2000ec40  __TI_Handler_Table_Base          
2000ec4c  __TI_Handler_Table_Limit         
2000dd2d  __TI_auto_init_nobinit_nopinit   
2000d60d  __TI_decompress_lzss             
2000e441  __TI_decompress_none             
ffffffff  __TI_pprof_out_hndl              
ffffffff  __TI_prof_data_size              
ffffffff  __TI_prof_data_start             
2000eb90  __TI_static_base__               
2000e285  __TI_zero_init_nomemset          
2000e4a5  __aeabi_idiv0                    
2000e4a5  __aeabi_ldiv0                    
2000e2ed  __aeabi_lmul                     
2000d027  __aeabi_memcpy                   
2000d027  __aeabi_memcpy4                  
2000d027  __aeabi_memcpy8                  
2000d15d  __aeabi_uldivmod                 
ffffffff  __binit__                        
ffffffff  __c_args__                       
UNDEFED   __mpu_init                       
20003000  __stack                          
20004000  __start___llvm_prf_cnts          
20004000  __stop___llvm_prf_cnts           
2000e1e5  _c_int00_noargs                  
20004040  _sys_memory                      
UNDEFED   _system_post_cinit               
2000e495  _system_pre_init                 
2000e499  abort                            
ffffffff  binit                            
2000e49d  clkFxn                           
2000df4d  initVectors                      
2000e381  main                             
2000cf89  mainThread                       
2000d027  memcpy                           
2000e8d8  parkInfo                         
2000e758  pwmTimerCC32XXHWAttrs            
2000eb1c  pwmTimerCC32XXObjects            
2000e2a1  resetISR                         
2000e2b4  resetVectorAddr                  
20004000  resetVectors                     
2000e121  sleep                            


GLOBAL SYMBOLS: SORTED BY Symbol Address 

address   name                             
-------   ----                             
00001000  __STACK_SIZE                     
00008000  __SYSMEM_SIZE                    
20003000  __stack                          
20004000  __STACK_END                      
20004000  __start___llvm_prf_cnts          
20004000  __stop___llvm_prf_cnts           
20004000  resetVectors                     
20004040  _sys_memory                      
2000c041  PRCMCC3200MCUInit                
2000c46d  PowerCC32XX_sleepPolicy          
2000c751  PWMTimerCC32XX_setDutyAndPeriod  
2000c891  Power_sleep                      
2000c9c9  PWMTimerCC32XX_open              
2000cab9  PWMTimerCC32XX_stop              
2000cc3d  PWMTimerCC32XX_setDuty           
2000ccf5  IntEnable                        
2000cd9d  PowerCC32XX_configureWakeup      
2000cee9  SemaphoreP_pend                  
2000cf89  mainThread                       
2000d027  __aeabi_memcpy                   
2000d027  __aeabi_memcpy4                  
2000d027  __aeabi_memcpy8                  
2000d027  memcpy                           
2000d0c3  Board_initHook                   
2000d0c5  PWMTimerCC32XX_setPeriod         
2000d15d  __aeabi_uldivmod                 
2000d1f3  PWMTimerCC32XX_init              
2000d285  IntPendSet                       
2000d30d  PWMTimerCC32XX_close             
2000d395  PinConfigSet                     
2000d41d  Power_init                       
2000d525  Power_setDependency              
2000d5a5  PWMTimerCC32XX_start             
2000d60d  __TI_decompress_lzss             
2000d675  PowerCC32XX_setParkState         
2000d6d9  PRCMSysResetCauseGet             
2000d795  PRCMPeripheralReset              
2000d7ed  Power_releaseDependency          
2000d845  PowerCC32XX_resumeLPDS           
2000d897  PowerCC32XX_initPolicy           
2000d899  ClockP_doTick                    
2000d899  ClockP_sysTickHandler            
2000d8e9  SemaphoreP_construct             
2000d939  TimerCC32XX_allocateTimerResource
2000d989  PowerCC32XX_parkPin              
2000dab9  FlashDisable                     
2000db01  PRCMLPDSEnter                    
2000db49  PRCMPeripheralClkEnable          
2000db91  Power_releaseConstraint          
2000dbd9  ClockP_stop                      
2000dc1d  PRCMLPDSRestoreInfoSet           
2000dc61  PWM_init                         
2000dca5  PowerCC32XX_enterLPDS            
2000dce9  SwiP_restore                     
2000dd2d  __TI_auto_init_nobinit_nopinit   
2000dd71  PWM_open                         
2000ddb1  PinModeSet                       
2000ddf1  ClockP_destruct                  
2000de2d  Power_setConstraint              
2000dedd  PRCMLPDSEnterKeepDebugIf         
2000df4d  initVectors                      
2000dfbd  ClockP_getTicksUntilInterrupt    
2000dff1  ClockP_startup                   
2000e025  PinModeGet                       
2000e059  TimerCC32XX_freeTimerResource    
2000e0c1  ClockP_start                     
2000e0f1  PowerCC32XX_restoreParkedPin     
2000e121  ClockP_sleep                     
2000e121  sleep                            
2000e149  PRCMPeripheralClkDisable         
2000e171  Power_registerNotify             
2000e199  List_put                         
2000e1bf  List_remove                      
2000e1e5  _c_int00_noargs                  
2000e22d  Power_unregisterNotify           
2000e24d  PinToPadGet                      
2000e269  SwiP_disable                     
2000e285  __TI_zero_init_nomemset          
2000e2a1  resetISR                         
2000e2b4  resetVectorAddr                  
2000e2bb  SemaphoreP_destruct              
2000e2bd  Power_getTransitionLatency       
2000e2d5  Power_idleFunc                   
2000e2ed  __aeabi_lmul                     
2000e305  PRCMHIBRegRead                   
2000e31b  PRCMHIBRegWrite                  
2000e331  CPUcpsid                         
2000e345  IntVTableBaseSet                 
2000e359  PWM_Params_init                  
2000e36d  Power_getDependencyCount         
2000e381  main                             
2000e3a5  Board_init                       
2000e3b5  ClockP_add                       
2000e3c5  ClockP_getCpuFreq                
2000e3d5  ClockP_getSystemTicks            
2000e3e5  ClockP_setTicks                  
2000e3f5  HwiP_restore                     
2000e405  Power_enablePolicy               
2000e415  SemaphoreP_Params_init           
2000e425  HwiP_disable                     
2000e433  HwiP_enable                      
2000e433  NoRTOS_start                     
2000e441  __TI_decompress_none             
2000e451  Power_getConstraintMask          
2000e45d  ClockP_isActive                  
2000e467  IntMasterDisable                 
2000e471  PWM_setDuty                      
2000e47b  PWM_start                        
2000e485  PWMTimerCC32XX_control           
2000e48b  UtilsDelay                       
2000e491  HwiP_post                        
2000e495  _system_pre_init                 
2000e499  C$$EXIT                          
2000e499  abort                            
2000e49d  clkFxn                           
2000e4a5  __aeabi_idiv0                    
2000e4a5  __aeabi_ldiv0                    
2000e650  PowerCC32XX_config               
2000e694  PWMTimerCC32XX_fxnTable          
2000e6d8  PWM_config                       
2000e6f0  PWM_defaultParams                
2000e758  pwmTimerCC32XXHWAttrs            
2000e768  CONFIG_PWM_0_CONST               
2000e769  CONFIG_PWM_1_CONST               
2000e76a  PWM_count                        
2000e76c  PowerCC32XX_module               
2000e8d8  parkInfo                         
2000e9d0  SemaphoreP_defaultParams         
2000e9d8  HwiP_key                         
2000e9dc  HwiP_swiPIntNum                  
2000e9e0  ClockP_tickPeriod                
2000e9f0  PowerCC32XX_contextSave          
2000eb1c  pwmTimerCC32XXObjects            
2000eb68  ClockP_ctrl                      
2000eb90  __TI_static_base__               
2000ec40  __TI_Handler_Table_Base          
2000ec4c  __TI_Handler_Table_Limit         
2000ec58  __TI_CINIT_Base                  
2000ec68  __TI_CINIT_Limit                 
ffffffff  __TI_pprof_out_hndl              
ffffffff  __TI_prof_data_size              
ffffffff  __TI_prof_data_start             
ffffffff  __binit__                        
ffffffff  __c_args__                       
ffffffff  binit                            
UNDEFED   ITM_flush                        
UNDEFED   ITM_restore                      
UNDEFED   __mpu_init                       
UNDEFED   _system_post_cinit               

[149 symbols]
