<?xml version="1.0" encoding="ISO-8859-1" ?>
<link_info>
   <banner>TI ARM Linker PC v20.2.5.LTS</banner>
   <copyright>Copyright (c) 1996-2018 Texas Instruments Incorporated</copyright>
   <link_time>0x60cd8c50</link_time>
   <link_errors>0x0</link_errors>
   <output_file>gpiointerrupt_CC3220S_LAUNCHXL_nortos_ccs.out</output_file>
   <entry_point>
      <name>resetISR</name>
      <address>0x20011fa5</address>
   </entry_point>
   <input_file_list>
      <input_file id="fl-2">
         <path>.\</path>
         <kind>object</kind>
         <file>gpiointerrupt.obj</file>
         <name>gpiointerrupt.obj</name>
      </input_file>
      <input_file id="fl-3">
         <path>.\syscfg\</path>
         <kind>object</kind>
         <file>ti_drivers_config.obj</file>
         <name>ti_drivers_config.obj</name>
      </input_file>
      <input_file id="fl-4">
         <path>.\</path>
         <kind>object</kind>
         <file>main_nortos.obj</file>
         <name>main_nortos.obj</name>
      </input_file>
      <input_file id="fl-d">
         <kind>object</kind>
         <file>&lt;internal&gt;</file>
         <name>&lt;internal&gt;</name>
      </input_file>
      <input_file id="fl-e">
         <path>C:\ti\simplelink_cc32xx_sdk_5_10_00_02\source\ti\drivers\lib\ccs\m4\</path>
         <kind>archive</kind>
         <file>drivers_cc32xx.a</file>
         <name>I2C.oem4</name>
      </input_file>
      <input_file id="fl-f">
         <path>C:\ti\simplelink_cc32xx_sdk_5_10_00_02\source\ti\drivers\lib\ccs\m4\</path>
         <kind>archive</kind>
         <file>drivers_cc32xx.a</file>
         <name>Timer.oem4</name>
      </input_file>
      <input_file id="fl-10">
         <path>C:\ti\simplelink_cc32xx_sdk_5_10_00_02\source\ti\drivers\lib\ccs\m4\</path>
         <kind>archive</kind>
         <file>drivers_cc32xx.a</file>
         <name>UART.oem4</name>
      </input_file>
      <input_file id="fl-11">
         <path>C:\ti\simplelink_cc32xx_sdk_5_10_00_02\source\ti\drivers\lib\ccs\m4\</path>
         <kind>archive</kind>
         <file>drivers_cc32xx.a</file>
         <name>GPIOCC32XX.oem4</name>
      </input_file>
      <input_file id="fl-12">
         <path>C:\ti\simplelink_cc32xx_sdk_5_10_00_02\source\ti\drivers\lib\ccs\m4\</path>
         <kind>archive</kind>
         <file>drivers_cc32xx.a</file>
         <name>I2CCC32XX.oem4</name>
      </input_file>
      <input_file id="fl-13">
         <path>C:\ti\simplelink_cc32xx_sdk_5_10_00_02\source\ti\drivers\lib\ccs\m4\</path>
         <kind>archive</kind>
         <file>drivers_cc32xx.a</file>
         <name>PowerCC32XX.oem4</name>
      </input_file>
      <input_file id="fl-14">
         <path>C:\ti\simplelink_cc32xx_sdk_5_10_00_02\source\ti\drivers\lib\ccs\m4\</path>
         <kind>archive</kind>
         <file>drivers_cc32xx.a</file>
         <name>PowerCC32XX_asm.oem4</name>
      </input_file>
      <input_file id="fl-15">
         <path>C:\ti\simplelink_cc32xx_sdk_5_10_00_02\source\ti\drivers\lib\ccs\m4\</path>
         <kind>archive</kind>
         <file>drivers_cc32xx.a</file>
         <name>TimerCC32XX.oem4</name>
      </input_file>
      <input_file id="fl-16">
         <path>C:\ti\simplelink_cc32xx_sdk_5_10_00_02\source\ti\drivers\lib\ccs\m4\</path>
         <kind>archive</kind>
         <file>drivers_cc32xx.a</file>
         <name>UARTCC32XX.oem4</name>
      </input_file>
      <input_file id="fl-17">
         <path>C:\ti\simplelink_cc32xx_sdk_5_10_00_02\source\ti\drivers\lib\ccs\m4\</path>
         <kind>archive</kind>
         <file>drivers_cc32xx.a</file>
         <name>List.oem4</name>
      </input_file>
      <input_file id="fl-18">
         <path>C:\ti\simplelink_cc32xx_sdk_5_10_00_02\source\ti\drivers\lib\ccs\m4\</path>
         <kind>archive</kind>
         <file>drivers_cc32xx.a</file>
         <name>RingBuf.oem4</name>
      </input_file>
      <input_file id="fl-19">
         <path>C:\ti\simplelink_cc32xx_sdk_5_10_00_02\kernel\nortos\lib\ccs\m4\</path>
         <kind>archive</kind>
         <file>nortos_cc32xx.a</file>
         <name>NoRTOS.oem4</name>
      </input_file>
      <input_file id="fl-1a">
         <path>C:\ti\simplelink_cc32xx_sdk_5_10_00_02\kernel\nortos\lib\ccs\m4\</path>
         <kind>archive</kind>
         <file>nortos_cc32xx.a</file>
         <name>SemaphoreP_nortos.oem4</name>
      </input_file>
      <input_file id="fl-1b">
         <path>C:\ti\simplelink_cc32xx_sdk_5_10_00_02\kernel\nortos\lib\ccs\m4\</path>
         <kind>archive</kind>
         <file>nortos_cc32xx.a</file>
         <name>ClockPSysTick_nortos.oem4</name>
      </input_file>
      <input_file id="fl-1c">
         <path>C:\ti\simplelink_cc32xx_sdk_5_10_00_02\kernel\nortos\lib\ccs\m4\</path>
         <kind>archive</kind>
         <file>nortos_cc32xx.a</file>
         <name>HwiPCC32XX_nortos.oem4</name>
      </input_file>
      <input_file id="fl-1d">
         <path>C:\ti\simplelink_cc32xx_sdk_5_10_00_02\kernel\nortos\lib\ccs\m4\</path>
         <kind>archive</kind>
         <file>nortos_cc32xx.a</file>
         <name>PowerCC32XX_nortos.oem4</name>
      </input_file>
      <input_file id="fl-1e">
         <path>C:\ti\simplelink_cc32xx_sdk_5_10_00_02\kernel\nortos\lib\ccs\m4\</path>
         <kind>archive</kind>
         <file>nortos_cc32xx.a</file>
         <name>startup_cc32xx_ccs.oem4</name>
      </input_file>
      <input_file id="fl-1f">
         <path>C:\ti\simplelink_cc32xx_sdk_5_10_00_02\kernel\nortos\lib\ccs\m4\</path>
         <kind>archive</kind>
         <file>nortos_cc32xx.a</file>
         <name>SwiP_nortos.oem4</name>
      </input_file>
      <input_file id="fl-20">
         <path>C:\ti\simplelink_cc32xx_sdk_5_10_00_02\kernel\nortos\lib\ccs\m4\</path>
         <kind>archive</kind>
         <file>nortos_cc32xx.a</file>
         <name>QueueP_nortos.oem4</name>
      </input_file>
      <input_file id="fl-21">
         <path>C:\ti\simplelink_cc32xx_sdk_5_10_00_02\source\ti\devices\cc32xx\driverlib\ccs\Release\</path>
         <kind>archive</kind>
         <file>driverlib.a</file>
         <name>cpu.obj</name>
      </input_file>
      <input_file id="fl-22">
         <path>C:\ti\simplelink_cc32xx_sdk_5_10_00_02\source\ti\devices\cc32xx\driverlib\ccs\Release\</path>
         <kind>archive</kind>
         <file>driverlib.a</file>
         <name>i2c.obj</name>
      </input_file>
      <input_file id="fl-23">
         <path>C:\ti\simplelink_cc32xx_sdk_5_10_00_02\source\ti\devices\cc32xx\driverlib\ccs\Release\</path>
         <kind>archive</kind>
         <file>driverlib.a</file>
         <name>interrupt.obj</name>
      </input_file>
      <input_file id="fl-24">
         <path>C:\ti\simplelink_cc32xx_sdk_5_10_00_02\source\ti\devices\cc32xx\driverlib\ccs\Release\</path>
         <kind>archive</kind>
         <file>driverlib.a</file>
         <name>pin.obj</name>
      </input_file>
      <input_file id="fl-25">
         <path>C:\ti\simplelink_cc32xx_sdk_5_10_00_02\source\ti\devices\cc32xx\driverlib\ccs\Release\</path>
         <kind>archive</kind>
         <file>driverlib.a</file>
         <name>prcm.obj</name>
      </input_file>
      <input_file id="fl-26">
         <path>C:\ti\simplelink_cc32xx_sdk_5_10_00_02\source\ti\devices\cc32xx\driverlib\ccs\Release\</path>
         <kind>archive</kind>
         <file>driverlib.a</file>
         <name>timer.obj</name>
      </input_file>
      <input_file id="fl-27">
         <path>C:\ti\simplelink_cc32xx_sdk_5_10_00_02\source\ti\devices\cc32xx\driverlib\ccs\Release\</path>
         <kind>archive</kind>
         <file>driverlib.a</file>
         <name>uart.obj</name>
      </input_file>
      <input_file id="fl-28">
         <path>C:\ti\simplelink_cc32xx_sdk_5_10_00_02\source\ti\devices\cc32xx\driverlib\ccs\Release\</path>
         <kind>archive</kind>
         <file>driverlib.a</file>
         <name>utils.obj</name>
      </input_file>
      <input_file id="fl-29">
         <path>C:\ti\simplelink_cc32xx_sdk_5_10_00_02\source\ti\devices\cc32xx\driverlib\ccs\Release\</path>
         <kind>archive</kind>
         <file>driverlib.a</file>
         <name>flash.obj</name>
      </input_file>
      <input_file id="fl-df">
         <path>C:\ti\ccs1031\ccs\tools\compiler\ti-cgt-arm_20.2.5.LTS\lib\</path>
         <kind>archive</kind>
         <file>rtsv7M4_T_le_eabi.lib</file>
         <name>snprintf.c.obj</name>
      </input_file>
      <input_file id="fl-e0">
         <path>C:\ti\ccs1031\ccs\tools\compiler\ti-cgt-arm_20.2.5.LTS\lib\</path>
         <kind>archive</kind>
         <file>rtsv7M4_T_le_eabi.lib</file>
         <name>fs_mul_t2.asm.obj</name>
      </input_file>
      <input_file id="fl-e1">
         <path>C:\ti\ccs1031\ccs\tools\compiler\ti-cgt-arm_20.2.5.LTS\lib\</path>
         <kind>archive</kind>
         <file>rtsv7M4_T_le_eabi.lib</file>
         <name>fs_toi_t2.asm.obj</name>
      </input_file>
      <input_file id="fl-e2">
         <path>C:\ti\ccs1031\ccs\tools\compiler\ti-cgt-arm_20.2.5.LTS\lib\</path>
         <kind>archive</kind>
         <file>rtsv7M4_T_le_eabi.lib</file>
         <name>i_tofs_t2.asm.obj</name>
      </input_file>
      <input_file id="fl-e3">
         <path>C:\ti\ccs1031\ccs\tools\compiler\ti-cgt-arm_20.2.5.LTS\lib\</path>
         <kind>archive</kind>
         <file>rtsv7M4_T_le_eabi.lib</file>
         <name>ll_mul_t2.asm.obj</name>
      </input_file>
      <input_file id="fl-e4">
         <path>C:\ti\ccs1031\ccs\tools\compiler\ti-cgt-arm_20.2.5.LTS\lib\</path>
         <kind>archive</kind>
         <file>rtsv7M4_T_le_eabi.lib</file>
         <name>memcpy_t2.asm.obj</name>
      </input_file>
      <input_file id="fl-e5">
         <path>C:\ti\ccs1031\ccs\tools\compiler\ti-cgt-arm_20.2.5.LTS\lib\</path>
         <kind>archive</kind>
         <file>rtsv7M4_T_le_eabi.lib</file>
         <name>ull_div_t2.asm.obj</name>
      </input_file>
      <input_file id="fl-e6">
         <path>C:\ti\ccs1031\ccs\tools\compiler\ti-cgt-arm_20.2.5.LTS\lib\</path>
         <kind>archive</kind>
         <file>rtsv7M4_T_le_eabi.lib</file>
         <name>copy_zero_init.c.obj</name>
      </input_file>
      <input_file id="fl-e7">
         <path>C:\ti\ccs1031\ccs\tools\compiler\ti-cgt-arm_20.2.5.LTS\lib\</path>
         <kind>archive</kind>
         <file>rtsv7M4_T_le_eabi.lib</file>
         <name>copy_decompress_none.c.obj</name>
      </input_file>
      <input_file id="fl-e8">
         <path>C:\ti\ccs1031\ccs\tools\compiler\ti-cgt-arm_20.2.5.LTS\lib\</path>
         <kind>archive</kind>
         <file>rtsv7M4_T_le_eabi.lib</file>
         <name>copy_decompress_lzss.c.obj</name>
      </input_file>
      <input_file id="fl-e9">
         <path>C:\ti\ccs1031\ccs\tools\compiler\ti-cgt-arm_20.2.5.LTS\lib\</path>
         <kind>archive</kind>
         <file>rtsv7M4_T_le_eabi.lib</file>
         <name>memory.c.obj</name>
      </input_file>
      <input_file id="fl-ea">
         <path>C:\ti\ccs1031\ccs\tools\compiler\ti-cgt-arm_20.2.5.LTS\lib\</path>
         <kind>archive</kind>
         <file>rtsv7M4_T_le_eabi.lib</file>
         <name>boot_cortex_m.c.obj</name>
      </input_file>
      <input_file id="fl-eb">
         <path>C:\ti\ccs1031\ccs\tools\compiler\ti-cgt-arm_20.2.5.LTS\lib\</path>
         <kind>archive</kind>
         <file>rtsv7M4_T_le_eabi.lib</file>
         <name>_printfi.c.obj</name>
      </input_file>
      <input_file id="fl-ec">
         <path>C:\ti\ccs1031\ccs\tools\compiler\ti-cgt-arm_20.2.5.LTS\lib\</path>
         <kind>archive</kind>
         <file>rtsv7M4_T_le_eabi.lib</file>
         <name>s_frexp.c.obj</name>
      </input_file>
      <input_file id="fl-ed">
         <path>C:\ti\ccs1031\ccs\tools\compiler\ti-cgt-arm_20.2.5.LTS\lib\</path>
         <kind>archive</kind>
         <file>rtsv7M4_T_le_eabi.lib</file>
         <name>s_scalbn.c.obj</name>
      </input_file>
      <input_file id="fl-ee">
         <path>C:\ti\ccs1031\ccs\tools\compiler\ti-cgt-arm_20.2.5.LTS\lib\</path>
         <kind>archive</kind>
         <file>rtsv7M4_T_le_eabi.lib</file>
         <name>wcslen.c.obj</name>
      </input_file>
      <input_file id="fl-ef">
         <path>C:\ti\ccs1031\ccs\tools\compiler\ti-cgt-arm_20.2.5.LTS\lib\</path>
         <kind>archive</kind>
         <file>rtsv7M4_T_le_eabi.lib</file>
         <name>div0.asm.obj</name>
      </input_file>
      <input_file id="fl-f0">
         <path>C:\ti\ccs1031\ccs\tools\compiler\ti-cgt-arm_20.2.5.LTS\lib\</path>
         <kind>archive</kind>
         <file>rtsv7M4_T_le_eabi.lib</file>
         <name>fd_add_t2.asm.obj</name>
      </input_file>
      <input_file id="fl-f1">
         <path>C:\ti\ccs1031\ccs\tools\compiler\ti-cgt-arm_20.2.5.LTS\lib\</path>
         <kind>archive</kind>
         <file>rtsv7M4_T_le_eabi.lib</file>
         <name>fd_cmp_t2.asm.obj</name>
      </input_file>
      <input_file id="fl-f2">
         <path>C:\ti\ccs1031\ccs\tools\compiler\ti-cgt-arm_20.2.5.LTS\lib\</path>
         <kind>archive</kind>
         <file>rtsv7M4_T_le_eabi.lib</file>
         <name>fd_div_t2.asm.obj</name>
      </input_file>
      <input_file id="fl-f3">
         <path>C:\ti\ccs1031\ccs\tools\compiler\ti-cgt-arm_20.2.5.LTS\lib\</path>
         <kind>archive</kind>
         <file>rtsv7M4_T_le_eabi.lib</file>
         <name>fd_mul_t2.asm.obj</name>
      </input_file>
      <input_file id="fl-f4">
         <path>C:\ti\ccs1031\ccs\tools\compiler\ti-cgt-arm_20.2.5.LTS\lib\</path>
         <kind>archive</kind>
         <file>rtsv7M4_T_le_eabi.lib</file>
         <name>fd_toi_t2.asm.obj</name>
      </input_file>
      <input_file id="fl-f5">
         <path>C:\ti\ccs1031\ccs\tools\compiler\ti-cgt-arm_20.2.5.LTS\lib\</path>
         <kind>archive</kind>
         <file>rtsv7M4_T_le_eabi.lib</file>
         <name>i_tofd_t2.asm.obj</name>
      </input_file>
      <input_file id="fl-f6">
         <path>C:\ti\ccs1031\ccs\tools\compiler\ti-cgt-arm_20.2.5.LTS\lib\</path>
         <kind>archive</kind>
         <file>rtsv7M4_T_le_eabi.lib</file>
         <name>memset_t2.asm.obj</name>
      </input_file>
      <input_file id="fl-f7">
         <path>C:\ti\ccs1031\ccs\tools\compiler\ti-cgt-arm_20.2.5.LTS\lib\</path>
         <kind>archive</kind>
         <file>rtsv7M4_T_le_eabi.lib</file>
         <name>autoinit.c.obj</name>
      </input_file>
      <input_file id="fl-f8">
         <path>C:\ti\ccs1031\ccs\tools\compiler\ti-cgt-arm_20.2.5.LTS\lib\</path>
         <kind>archive</kind>
         <file>rtsv7M4_T_le_eabi.lib</file>
         <name>pre_init.c.obj</name>
      </input_file>
      <input_file id="fl-f9">
         <path>C:\ti\ccs1031\ccs\tools\compiler\ti-cgt-arm_20.2.5.LTS\lib\</path>
         <kind>archive</kind>
         <file>rtsv7M4_T_le_eabi.lib</file>
         <name>cpy_tbl.c.obj</name>
      </input_file>
      <input_file id="fl-fa">
         <path>C:\ti\ccs1031\ccs\tools\compiler\ti-cgt-arm_20.2.5.LTS\lib\</path>
         <kind>archive</kind>
         <file>rtsv7M4_T_le_eabi.lib</file>
         <name>exit.c.obj</name>
      </input_file>
      <input_file id="fl-fb">
         <path>C:\ti\ccs1031\ccs\tools\compiler\ti-cgt-arm_20.2.5.LTS\lib\</path>
         <kind>archive</kind>
         <file>rtsv7M4_T_le_eabi.lib</file>
         <name>_lock.c.obj</name>
      </input_file>
      <input_file id="fl-fc">
         <path>C:\ti\ccs1031\ccs\tools\compiler\ti-cgt-arm_20.2.5.LTS\lib\</path>
         <kind>archive</kind>
         <file>rtsv7M4_T_le_eabi.lib</file>
         <name>_ltoa.c.obj</name>
      </input_file>
      <input_file id="fl-fd">
         <path>C:\ti\ccs1031\ccs\tools\compiler\ti-cgt-arm_20.2.5.LTS\lib\</path>
         <kind>archive</kind>
         <file>rtsv7M4_T_le_eabi.lib</file>
         <name>args_main.c.obj</name>
      </input_file>
      <input_file id="fl-fe">
         <path>C:\ti\ccs1031\ccs\tools\compiler\ti-cgt-arm_20.2.5.LTS\lib\</path>
         <kind>archive</kind>
         <file>rtsv7M4_T_le_eabi.lib</file>
         <name>atoi.c.obj</name>
      </input_file>
      <input_file id="fl-ff">
         <path>C:\ti\ccs1031\ccs\tools\compiler\ti-cgt-arm_20.2.5.LTS\lib\</path>
         <kind>archive</kind>
         <file>rtsv7M4_T_le_eabi.lib</file>
         <name>ctype.c.obj</name>
      </input_file>
      <input_file id="fl-100">
         <path>C:\ti\ccs1031\ccs\tools\compiler\ti-cgt-arm_20.2.5.LTS\lib\</path>
         <kind>archive</kind>
         <file>rtsv7M4_T_le_eabi.lib</file>
         <name>memccpy.c.obj</name>
      </input_file>
      <input_file id="fl-101">
         <path>C:\ti\ccs1031\ccs\tools\compiler\ti-cgt-arm_20.2.5.LTS\lib\</path>
         <kind>archive</kind>
         <file>rtsv7M4_T_le_eabi.lib</file>
         <name>strchr.c.obj</name>
      </input_file>
      <input_file id="fl-102">
         <path>C:\ti\ccs1031\ccs\tools\compiler\ti-cgt-arm_20.2.5.LTS\lib\</path>
         <kind>archive</kind>
         <file>rtsv7M4_T_le_eabi.lib</file>
         <name>strlen.c.obj</name>
      </input_file>
      <input_file id="fl-103">
         <path>C:\ti\ccs1031\ccs\tools\compiler\ti-cgt-arm_20.2.5.LTS\lib\</path>
         <kind>archive</kind>
         <file>rtsv7M4_T_le_eabi.lib</file>
         <name>errno.c.obj</name>
      </input_file>
      <input_file id="fl-104">
         <path>C:\ti\ccs1031\ccs\tools\compiler\ti-cgt-arm_20.2.5.LTS\lib\</path>
         <kind>archive</kind>
         <file>rtsv7M4_T_le_eabi.lib</file>
         <name>s_copysign.c.obj</name>
      </input_file>
   </input_file_list>
   <object_component_list>
      <object_component id="oc-494">
         <name>.text:__TI_printfi</name>
         <load_address>0x2000c040</load_address>
         <run_address>0x2000c040</run_address>
         <size>0xa4e</size>
         <input_file_ref idref="fl-eb"/>
      </object_component>
      <object_component id="oc-1df">
         <name>.text:Board_initHook</name>
         <load_address>0x2000ca8e</load_address>
         <run_address>0x2000ca8e</run_address>
         <size>0x2</size>
         <input_file_ref idref="fl-3"/>
      </object_component>
      <object_component id="oc-1d3">
         <name>.text:PRCMCC3200MCUInit</name>
         <load_address>0x2000ca90</load_address>
         <run_address>0x2000ca90</run_address>
         <size>0x42c</size>
         <input_file_ref idref="fl-25"/>
      </object_component>
      <object_component id="oc-7da">
         <name>.text:UARTCC32XX_open</name>
         <load_address>0x2000cebc</load_address>
         <run_address>0x2000cebc</run_address>
         <size>0x288</size>
         <input_file_ref idref="fl-16"/>
      </object_component>
      <object_component id="oc-635">
         <name>.text:_pconv_a</name>
         <load_address>0x2000d144</load_address>
         <run_address>0x2000d144</run_address>
         <size>0x268</size>
         <input_file_ref idref="fl-eb"/>
      </object_component>
      <object_component id="oc-20b">
         <name>.text:initI2C</name>
         <load_address>0x2000d3ac</load_address>
         <run_address>0x2000d3ac</run_address>
         <size>0x250</size>
         <input_file_ref idref="fl-2"/>
      </object_component>
      <object_component id="oc-1ed">
         <name>.text:GPIO_setConfig</name>
         <load_address>0x2000d5fc</load_address>
         <run_address>0x2000d5fc</run_address>
         <size>0x1e4</size>
         <input_file_ref idref="fl-11"/>
      </object_component>
      <object_component id="oc-623">
         <name>.text:_pconv_g</name>
         <load_address>0x2000d7e0</load_address>
         <run_address>0x2000d7e0</run_address>
         <size>0x1cc</size>
         <input_file_ref idref="fl-eb"/>
      </object_component>
      <object_component id="oc-834">
         <name>.text</name>
         <load_address>0x2000d9ac</load_address>
         <run_address>0x2000d9ac</run_address>
         <size>0x1b6</size>
         <input_file_ref idref="fl-f0"/>
      </object_component>
      <object_component id="oc-354">
         <name>.text:I2C_init</name>
         <load_address>0x2000db62</load_address>
         <run_address>0x2000db62</run_address>
         <size>0x2</size>
         <input_file_ref idref="fl-e"/>
      </object_component>
      <object_component id="oc-3e8">
         <name>.text:PowerCC32XX_sleepPolicy</name>
         <load_address>0x2000db64</load_address>
         <run_address>0x2000db64</run_address>
         <size>0x19c</size>
         <input_file_ref idref="fl-1d"/>
      </object_component>
      <object_component id="oc-4db">
         <name>.text:I2CCC32XX_hwiFxn</name>
         <load_address>0x2000dd00</load_address>
         <run_address>0x2000dd00</run_address>
         <size>0x148</size>
         <input_file_ref idref="fl-12"/>
      </object_component>
      <object_component id="oc-76f">
         <name>.text:parkPins</name>
         <load_address>0x2000de48</load_address>
         <run_address>0x2000de48</run_address>
         <size>0x148</size>
         <input_file_ref idref="fl-13"/>
      </object_component>
      <object_component id="oc-62f">
         <name>.text:_pconv_e</name>
         <load_address>0x2000df90</load_address>
         <run_address>0x2000df90</run_address>
         <size>0x13c</size>
         <input_file_ref idref="fl-eb"/>
      </object_component>
      <object_component id="oc-588">
         <name>.text:Power_sleep</name>
         <load_address>0x2000e0cc</load_address>
         <run_address>0x2000e0cc</run_address>
         <size>0x138</size>
         <input_file_ref idref="fl-13"/>
      </object_component>
      <object_component id="oc-381">
         <name>.text:Timer_open</name>
         <load_address>0x2000e204</load_address>
         <run_address>0x2000e204</run_address>
         <size>0x138</size>
         <input_file_ref idref="fl-15"/>
      </object_component>
      <object_component id="oc-81a">
         <name>.text</name>
         <load_address>0x2000e33c</load_address>
         <run_address>0x2000e33c</run_address>
         <size>0x136</size>
         <input_file_ref idref="fl-f2"/>
      </object_component>
      <object_component id="oc-4e9">
         <name>.text:I2C_transferTimeout</name>
         <load_address>0x2000e472</load_address>
         <run_address>0x2000e472</run_address>
         <size>0x122</size>
         <input_file_ref idref="fl-e"/>
      </object_component>
      <object_component id="oc-7c8">
         <name>.text:UARTCC32XX_close</name>
         <load_address>0x2000e594</load_address>
         <run_address>0x2000e594</run_address>
         <size>0x120</size>
         <input_file_ref idref="fl-16"/>
      </object_component>
      <object_component id="oc-846">
         <name>.text:fcvt</name>
         <load_address>0x2000e6b4</load_address>
         <run_address>0x2000e6b4</run_address>
         <size>0x120</size>
         <input_file_ref idref="fl-eb"/>
      </object_component>
      <object_component id="oc-533">
         <name>.text:readTemp</name>
         <load_address>0x2000e7d4</load_address>
         <run_address>0x2000e7d4</run_address>
         <size>0x120</size>
         <input_file_ref idref="fl-2"/>
      </object_component>
      <object_component id="oc-5e7">
         <name>.text:aligned_alloc</name>
         <load_address>0x2000e8f4</load_address>
         <run_address>0x2000e8f4</run_address>
         <size>0x100</size>
         <input_file_ref idref="fl-e9"/>
      </object_component>
      <object_component id="oc-360">
         <name>.text:I2C_open</name>
         <load_address>0x2000e9f4</load_address>
         <run_address>0x2000e9f4</run_address>
         <size>0xfc</size>
         <input_file_ref idref="fl-12"/>
      </object_component>
      <object_component id="oc-815">
         <name>.text</name>
         <load_address>0x2000eaf0</load_address>
         <run_address>0x2000eaf0</run_address>
         <size>0xfc</size>
         <input_file_ref idref="fl-f3"/>
      </object_component>
      <object_component id="oc-7ce">
         <name>.text:UARTCC32XX_control</name>
         <load_address>0x2000ebec</load_address>
         <run_address>0x2000ebec</run_address>
         <size>0xf2</size>
         <input_file_ref idref="fl-16"/>
      </object_component>
      <object_component id="oc-3e2">
         <name>.text:PowerCC32XX_initPolicy</name>
         <load_address>0x2000ecde</load_address>
         <run_address>0x2000ecde</run_address>
         <size>0x2</size>
         <input_file_ref idref="fl-1d"/>
      </object_component>
      <object_component id="oc-15f">
         <name>.text:mainThread</name>
         <load_address>0x2000ece0</load_address>
         <run_address>0x2000ece0</run_address>
         <size>0xec</size>
         <input_file_ref idref="fl-2"/>
      </object_component>
      <object_component id="oc-404">
         <name>.text:free</name>
         <load_address>0x2000edcc</load_address>
         <run_address>0x2000edcc</run_address>
         <size>0xe4</size>
         <input_file_ref idref="fl-e9"/>
      </object_component>
      <object_component id="oc-85a">
         <name>.text:scalbn</name>
         <load_address>0x2000eeb0</load_address>
         <run_address>0x2000eeb0</run_address>
         <size>0xd0</size>
         <input_file_ref idref="fl-ed"/>
      </object_component>
      <object_component id="oc-7f2">
         <name>.text:UARTCC32XX_write</name>
         <load_address>0x2000ef80</load_address>
         <run_address>0x2000ef80</run_address>
         <size>0xca</size>
         <input_file_ref idref="fl-16"/>
      </object_component>
      <object_component id="oc-6f0">
         <name>.text:SemaphoreP_destruct</name>
         <load_address>0x2000f04a</load_address>
         <run_address>0x2000f04a</run_address>
         <size>0x2</size>
         <input_file_ref idref="fl-1a"/>
      </object_component>
      <object_component id="oc-1e7">
         <name>.text:GPIO_init</name>
         <load_address>0x2000f04c</load_address>
         <run_address>0x2000f04c</run_address>
         <size>0xc4</size>
         <input_file_ref idref="fl-11"/>
      </object_component>
      <object_component id="oc-78c">
         <name>.text:restoreParkedPins</name>
         <load_address>0x2000f110</load_address>
         <run_address>0x2000f110</run_address>
         <size>0xc0</size>
         <input_file_ref idref="fl-13"/>
      </object_component>
      <object_component id="oc-7e6">
         <name>.text:UARTCC32XX_readPolling</name>
         <load_address>0x2000f1d0</load_address>
         <run_address>0x2000f1d0</run_address>
         <size>0xba</size>
         <input_file_ref idref="fl-16"/>
      </object_component>
      <object_component id="oc-375">
         <name>.text:Timer_init</name>
         <load_address>0x2000f28a</load_address>
         <run_address>0x2000f28a</run_address>
         <size>0x2</size>
         <input_file_ref idref="fl-f"/>
      </object_component>
      <object_component id="oc-991">
         <name>.text:initHw</name>
         <load_address>0x2000f28c</load_address>
         <run_address>0x2000f28c</run_address>
         <size>0xb8</size>
         <input_file_ref idref="fl-16"/>
      </object_component>
      <object_component id="oc-a60">
         <name>.text:readTaskCallback</name>
         <load_address>0x2000f344</load_address>
         <run_address>0x2000f344</run_address>
         <size>0xb6</size>
         <input_file_ref idref="fl-16"/>
      </object_component>
      <object_component id="oc-69b">
         <name>.text:I2CCC32XX_completeTransfer</name>
         <load_address>0x2000f3fa</load_address>
         <run_address>0x2000f3fa</run_address>
         <size>0xb2</size>
         <input_file_ref idref="fl-12"/>
      </object_component>
      <object_component id="oc-618">
         <name>.text:_ltostr</name>
         <load_address>0x2000f4ac</load_address>
         <run_address>0x2000f4ac</run_address>
         <size>0xb1</size>
         <input_file_ref idref="fl-eb"/>
      </object_component>
      <object_component id="oc-a4e">
         <name>.text:readTaskBlocking</name>
         <load_address>0x2000f55e</load_address>
         <run_address>0x2000f55e</run_address>
         <size>0xb0</size>
         <input_file_ref idref="fl-16"/>
      </object_component>
      <object_component id="oc-a54">
         <name>.text:readIsrTextBlocking</name>
         <load_address>0x2000f60e</load_address>
         <run_address>0x2000f60e</run_address>
         <size>0xae</size>
         <input_file_ref idref="fl-16"/>
      </object_component>
      <object_component id="oc-689">
         <name>.text:I2CCC32XX_primeWriteBurst</name>
         <load_address>0x2000f6bc</load_address>
         <run_address>0x2000f6bc</run_address>
         <size>0xa8</size>
         <input_file_ref idref="fl-12"/>
      </object_component>
      <object_component id="oc-b5">
         <name>.text:IntEnable</name>
         <load_address>0x2000f764</load_address>
         <run_address>0x2000f764</run_address>
         <size>0xa8</size>
         <input_file_ref idref="fl-23"/>
      </object_component>
      <object_component id="oc-2ad">
         <name>.text:PowerCC32XX_configureWakeup</name>
         <load_address>0x2000f80c</load_address>
         <run_address>0x2000f80c</run_address>
         <size>0xa8</size>
         <input_file_ref idref="fl-13"/>
      </object_component>
      <object_component id="oc-a66">
         <name>.text:readIsrTextCallback</name>
         <load_address>0x2000f8b4</load_address>
         <run_address>0x2000f8b4</run_address>
         <size>0xa2</size>
         <input_file_ref idref="fl-16"/>
      </object_component>
      <object_component id="oc-9c8">
         <name>.text:writeData</name>
         <load_address>0x2000f956</load_address>
         <run_address>0x2000f956</run_address>
         <size>0xa2</size>
         <input_file_ref idref="fl-16"/>
      </object_component>
      <object_component id="oc-2d3">
         <name>.text:SemaphoreP_pend</name>
         <load_address>0x2000f9f8</load_address>
         <run_address>0x2000f9f8</run_address>
         <size>0xa0</size>
         <input_file_ref idref="fl-1a"/>
      </object_component>
      <object_component id="oc-4c9">
         <name>.text:I2CCC32XX_initHw</name>
         <load_address>0x2000fa98</load_address>
         <run_address>0x2000fa98</run_address>
         <size>0x9c</size>
         <input_file_ref idref="fl-12"/>
      </object_component>
      <object_component id="oc-3b">
         <name>.text</name>
         <load_address>0x2000fb34</load_address>
         <run_address>0x2000fb34</run_address>
         <size>0x9c</size>
         <input_file_ref idref="fl-e4"/>
      </object_component>
      <object_component id="oc-2ef">
         <name>.text:powerNotifyFxn</name>
         <load_address>0x2000fbd0</load_address>
         <run_address>0x2000fbd0</run_address>
         <size>0x98</size>
         <input_file_ref idref="fl-11"/>
      </object_component>
      <object_component id="oc-583">
         <name>.text</name>
         <load_address>0x2000fc68</load_address>
         <run_address>0x2000fc68</run_address>
         <size>0x96</size>
         <input_file_ref idref="fl-e5"/>
      </object_component>
      <object_component id="oc-7d4">
         <name>.text:UARTCC32XX_init</name>
         <load_address>0x2000fcfe</load_address>
         <run_address>0x2000fcfe</run_address>
         <size>0x2</size>
         <input_file_ref idref="fl-16"/>
      </object_component>
      <object_component id="oc-780">
         <name>.text:restoreNVICRegs</name>
         <load_address>0x2000fd00</load_address>
         <run_address>0x2000fd00</run_address>
         <size>0x90</size>
         <input_file_ref idref="fl-13"/>
      </object_component>
      <object_component id="oc-465">
         <name>.text:HwiP_construct</name>
         <load_address>0x2000fd90</load_address>
         <run_address>0x2000fd90</run_address>
         <size>0x8c</size>
         <input_file_ref idref="fl-1c"/>
      </object_component>
      <object_component id="oc-94b">
         <name>.text:IntPendSet</name>
         <load_address>0x2000fe1c</load_address>
         <run_address>0x2000fe1c</run_address>
         <size>0x88</size>
         <input_file_ref idref="fl-23"/>
      </object_component>
      <object_component id="oc-2f9">
         <name>.text:PinConfigSet</name>
         <load_address>0x2000fea4</load_address>
         <run_address>0x2000fea4</run_address>
         <size>0x88</size>
         <input_file_ref idref="fl-24"/>
      </object_component>
      <object_component id="oc-61e">
         <name>.text:__aeabi_cdcmple</name>
         <load_address>0x2000ff2c</load_address>
         <run_address>0x2000ff2c</run_address>
         <size>0x86</size>
         <input_file_ref idref="fl-f1"/>
      </object_component>
      <object_component id="oc-81f">
         <name>.text:__aeabi_cdrcmple</name>
         <load_address>0x2000ffb2</load_address>
         <run_address>0x2000ffb2</run_address>
         <size>0x86</size>
         <input_file_ref idref="fl-f1"/>
      </object_component>
      <object_component id="oc-1d9">
         <name>.text:Power_init</name>
         <load_address>0x20010038</load_address>
         <run_address>0x20010038</run_address>
         <size>0x84</size>
         <input_file_ref idref="fl-13"/>
      </object_component>
      <object_component id="oc-775">
         <name>.text:saveNVICRegs</name>
         <load_address>0x200100bc</load_address>
         <run_address>0x200100bc</run_address>
         <size>0x84</size>
         <input_file_ref idref="fl-13"/>
      </object_component>
      <object_component id="oc-2ff">
         <name>.text:Power_setDependency</name>
         <load_address>0x20010140</load_address>
         <run_address>0x20010140</run_address>
         <size>0x80</size>
         <input_file_ref idref="fl-13"/>
      </object_component>
      <object_component id="oc-a48">
         <name>.text:readIsrBinaryBlocking</name>
         <load_address>0x200101c0</load_address>
         <run_address>0x200101c0</run_address>
         <size>0x7c</size>
         <input_file_ref idref="fl-16"/>
      </object_component>
      <object_component id="oc-683">
         <name>.text:I2CCC32XX_primeReadBurst</name>
         <load_address>0x2001023c</load_address>
         <run_address>0x2001023c</run_address>
         <size>0x7a</size>
         <input_file_ref idref="fl-12"/>
      </object_component>
      <object_component id="oc-741">
         <name>.text</name>
         <load_address>0x200102b6</load_address>
         <run_address>0x200102b6</run_address>
         <size>0x7a</size>
         <input_file_ref idref="fl-e0"/>
      </object_component>
      <object_component id="oc-9d">
         <name>.text</name>
         <load_address>0x20010330</load_address>
         <run_address>0x20010330</run_address>
         <size>0x7a</size>
         <input_file_ref idref="fl-f6"/>
      </object_component>
      <object_component id="oc-3af">
         <name>.text:_nop</name>
         <load_address>0x200103aa</load_address>
         <run_address>0x200103aa</run_address>
         <size>0x2</size>
         <input_file_ref idref="fl-fb"/>
      </object_component>
      <object_component id="oc-323">
         <name>.text:GPIO_hwiIntFxn</name>
         <load_address>0x200103ac</load_address>
         <run_address>0x200103ac</run_address>
         <size>0x78</size>
         <input_file_ref idref="fl-11"/>
      </object_component>
      <object_component id="oc-a5a">
         <name>.text:readIsrBinaryCallback</name>
         <load_address>0x20010424</load_address>
         <run_address>0x20010424</run_address>
         <size>0x78</size>
         <input_file_ref idref="fl-16"/>
      </object_component>
      <object_component id="oc-9a0">
         <name>.text:UARTCC32XX_hwiIntFxn</name>
         <load_address>0x2001049c</load_address>
         <run_address>0x2001049c</run_address>
         <size>0x74</size>
         <input_file_ref idref="fl-16"/>
      </object_component>
      <object_component id="oc-399">
         <name>.text:TickFct_UART</name>
         <load_address>0x20010510</load_address>
         <run_address>0x20010510</run_address>
         <size>0x70</size>
         <input_file_ref idref="fl-2"/>
      </object_component>
      <object_component id="oc-7bc">
         <name>.text:split</name>
         <load_address>0x20010580</load_address>
         <run_address>0x20010580</run_address>
         <size>0x70</size>
         <input_file_ref idref="fl-e9"/>
      </object_component>
      <object_component id="oc-83f">
         <name>.text:_mcpy</name>
         <load_address>0x200105f0</load_address>
         <run_address>0x200105f0</run_address>
         <size>0x6e</size>
         <input_file_ref idref="fl-eb"/>
      </object_component>
      <object_component id="oc-6b6">
         <name>.text:I2CSupport_primeTransfer</name>
         <load_address>0x2001065e</load_address>
         <run_address>0x2001065e</run_address>
         <size>0x6a</size>
         <input_file_ref idref="fl-12"/>
      </object_component>
      <object_component id="oc-14">
         <name>.text:decompress:lzss:__TI_decompress_lzss</name>
         <load_address>0x200106c8</load_address>
         <run_address>0x200106c8</run_address>
         <size>0x68</size>
         <input_file_ref idref="fl-e8"/>
      </object_component>
      <object_component id="oc-7fe">
         <name>.text:UARTCC32XX_writeCancel</name>
         <load_address>0x20010730</load_address>
         <run_address>0x20010730</run_address>
         <size>0x66</size>
         <input_file_ref idref="fl-16"/>
      </object_component>
      <object_component id="oc-73">
         <name>.text:busFaultHandler</name>
         <load_address>0x20010796</load_address>
         <run_address>0x20010796</run_address>
         <size>0x2</size>
         <input_file_ref idref="fl-1e"/>
      </object_component>
      <object_component id="oc-453">
         <name>.text:PowerCC32XX_setParkState</name>
         <load_address>0x20010798</load_address>
         <run_address>0x20010798</run_address>
         <size>0x64</size>
         <input_file_ref idref="fl-13"/>
      </object_component>
      <object_component id="oc-7f8">
         <name>.text:UARTCC32XX_writePolling</name>
         <load_address>0x200107fc</load_address>
         <run_address>0x200107fc</run_address>
         <size>0x62</size>
         <input_file_ref idref="fl-16"/>
      </object_component>
      <object_component id="oc-429">
         <name>.text:clkFxn</name>
         <load_address>0x2001085e</load_address>
         <run_address>0x2001085e</run_address>
         <size>0x2</size>
         <input_file_ref idref="fl-1a"/>
      </object_component>
      <object_component id="oc-27b">
         <name>.text:PRCMSysResetCauseGet</name>
         <load_address>0x20010860</load_address>
         <run_address>0x20010860</run_address>
         <size>0x60</size>
         <input_file_ref idref="fl-25"/>
      </object_component>
      <object_component id="oc-1f9">
         <name>.text:GPIO_setCallback</name>
         <load_address>0x200108c0</load_address>
         <run_address>0x200108c0</run_address>
         <size>0x5c</size>
         <input_file_ref idref="fl-11"/>
      </object_component>
      <object_component id="oc-854">
         <name>.text:frexp</name>
         <load_address>0x2001091c</load_address>
         <run_address>0x2001091c</run_address>
         <size>0x5c</size>
         <input_file_ref idref="fl-ec"/>
      </object_component>
      <object_component id="oc-90b">
         <name>.text:sysTickInit</name>
         <load_address>0x20010978</load_address>
         <run_address>0x20010978</run_address>
         <size>0x5c</size>
         <input_file_ref idref="fl-1b"/>
      </object_component>
      <object_component id="oc-1f3">
         <name>.text:GPIO_write</name>
         <load_address>0x200109d4</load_address>
         <run_address>0x200109d4</run_address>
         <size>0x58</size>
         <input_file_ref idref="fl-11"/>
      </object_component>
      <object_component id="oc-294">
         <name>.text:PRCMPeripheralReset</name>
         <load_address>0x20010a2c</load_address>
         <run_address>0x20010a2c</run_address>
         <size>0x58</size>
         <input_file_ref idref="fl-25"/>
      </object_component>
      <object_component id="oc-8eb">
         <name>.text:Power_releaseDependency</name>
         <load_address>0x20010a84</load_address>
         <run_address>0x20010a84</run_address>
         <size>0x58</size>
         <input_file_ref idref="fl-13"/>
      </object_component>
      <object_component id="oc-629">
         <name>.text:_pconv_f</name>
         <load_address>0x20010adc</load_address>
         <run_address>0x20010adc</run_address>
         <size>0x56</size>
         <input_file_ref idref="fl-eb"/>
      </object_component>
      <object_component id="oc-829">
         <name>.text:__TI_ltoa</name>
         <load_address>0x20010b32</load_address>
         <run_address>0x20010b32</run_address>
         <size>0x54</size>
         <input_file_ref idref="fl-fc"/>
      </object_component>
      <object_component id="oc-6d">
         <name>.text:defaultHandler</name>
         <load_address>0x20010b86</load_address>
         <run_address>0x20010b86</run_address>
         <size>0x2</size>
         <input_file_ref idref="fl-1e"/>
      </object_component>
      <object_component id="oc-211">
         <name>.text:initTimer</name>
         <load_address>0x20010b88</load_address>
         <run_address>0x20010b88</run_address>
         <size>0x54</size>
         <input_file_ref idref="fl-2"/>
      </object_component>
      <object_component id="oc-ab3">
         <name>.text:ringBufGet</name>
         <load_address>0x20010bdc</load_address>
         <run_address>0x20010bdc</run_address>
         <size>0x54</size>
         <input_file_ref idref="fl-16"/>
      </object_component>
      <object_component id="oc-928">
         <name>.text:PowerCC32XX_resumeLPDS</name>
         <load_address>0x20010c30</load_address>
         <run_address>0x20010c30</run_address>
         <size>0x52</size>
         <input_file_ref idref="fl-14"/>
      </object_component>
      <object_component id="oc-839">
         <name>.text:_ecpy</name>
         <load_address>0x20010c82</load_address>
         <run_address>0x20010c82</run_address>
         <size>0x52</size>
         <input_file_ref idref="fl-eb"/>
      </object_component>
      <object_component id="oc-511">
         <name>.text:initHw</name>
         <load_address>0x20010cd4</load_address>
         <run_address>0x20010cd4</run_address>
         <size>0x52</size>
         <input_file_ref idref="fl-15"/>
      </object_component>
      <object_component id="oc-67">
         <name>.text:faultISR</name>
         <load_address>0x20010d26</load_address>
         <run_address>0x20010d26</run_address>
         <size>0x2</size>
         <input_file_ref idref="fl-1e"/>
      </object_component>
      <object_component id="oc-79">
         <name>.text:ClockP_sysTickHandler</name>
         <load_address>0x20010d28</load_address>
         <run_address>0x20010d28</run_address>
         <size>0x50</size>
         <input_file_ref idref="fl-1b"/>
      </object_component>
      <object_component id="oc-5a9">
         <name>.text:SemaphoreP_construct</name>
         <load_address>0x20010d78</load_address>
         <run_address>0x20010d78</run_address>
         <size>0x50</size>
         <input_file_ref idref="fl-1a"/>
      </object_component>
      <object_component id="oc-4f9">
         <name>.text:TimerCC32XX_allocateTimerResource</name>
         <load_address>0x20010dc8</load_address>
         <run_address>0x20010dc8</run_address>
         <size>0x50</size>
         <input_file_ref idref="fl-15"/>
      </object_component>
      <object_component id="oc-1ff">
         <name>.text:GPIO_enableInt</name>
         <load_address>0x20010e18</load_address>
         <run_address>0x20010e18</run_address>
         <size>0x4c</size>
         <input_file_ref idref="fl-11"/>
      </object_component>
      <object_component id="oc-677">
         <name>.text:I2CCC32XX_readRecieveFifo</name>
         <load_address>0x20010e64</load_address>
         <run_address>0x20010e64</run_address>
         <size>0x4c</size>
         <input_file_ref idref="fl-12"/>
      </object_component>
      <object_component id="oc-91f">
         <name>.text:PowerCC32XX_parkPin</name>
         <load_address>0x20010eb0</load_address>
         <run_address>0x20010eb0</run_address>
         <size>0x4c</size>
         <input_file_ref idref="fl-13"/>
      </object_component>
      <object_component id="oc-612">
         <name>.text:atoi</name>
         <load_address>0x20010efc</load_address>
         <run_address>0x20010efc</run_address>
         <size>0x4c</size>
         <input_file_ref idref="fl-fe"/>
      </object_component>
      <object_component id="oc-786">
         <name>.text:restorePeriphClocks</name>
         <load_address>0x20010f48</load_address>
         <run_address>0x20010f48</run_address>
         <size>0x4c</size>
         <input_file_ref idref="fl-13"/>
      </object_component>
      <object_component id="oc-348">
         <name>.text:snprintf</name>
         <load_address>0x20010f94</load_address>
         <run_address>0x20010f94</run_address>
         <size>0x4c</size>
         <input_file_ref idref="fl-df"/>
      </object_component>
      <object_component id="oc-943">
         <name>.text:FlashDisable</name>
         <load_address>0x20010fe0</load_address>
         <run_address>0x20010fe0</run_address>
         <size>0x48</size>
         <input_file_ref idref="fl-29"/>
      </object_component>
      <object_component id="oc-792">
         <name>.text:PRCMLPDSEnter</name>
         <load_address>0x20011028</load_address>
         <run_address>0x20011028</run_address>
         <size>0x48</size>
         <input_file_ref idref="fl-25"/>
      </object_component>
      <object_component id="oc-28e">
         <name>.text:PRCMPeripheralClkEnable</name>
         <load_address>0x20011070</load_address>
         <run_address>0x20011070</run_address>
         <size>0x48</size>
         <input_file_ref idref="fl-25"/>
      </object_component>
      <object_component id="oc-8a9">
         <name>.text:Power_releaseConstraint</name>
         <load_address>0x200110b8</load_address>
         <run_address>0x200110b8</run_address>
         <size>0x48</size>
         <input_file_ref idref="fl-13"/>
      </object_component>
      <object_component id="oc-824">
         <name>.text</name>
         <load_address>0x20011100</load_address>
         <run_address>0x20011100</run_address>
         <size>0x48</size>
         <input_file_ref idref="fl-f4"/>
      </object_component>
      <object_component id="oc-aa0">
         <name>.text:RingBuf_put</name>
         <load_address>0x20011148</load_address>
         <run_address>0x20011148</run_address>
         <size>0x46</size>
         <input_file_ref idref="fl-18"/>
      </object_component>
      <object_component id="oc-50b">
         <name>.text:getPrescaler</name>
         <load_address>0x2001118e</load_address>
         <run_address>0x2001118e</run_address>
         <size>0x46</size>
         <input_file_ref idref="fl-15"/>
      </object_component>
      <object_component id="oc-5d1">
         <name>.text:ClockP_stop</name>
         <load_address>0x200111d4</load_address>
         <run_address>0x200111d4</run_address>
         <size>0x44</size>
         <input_file_ref idref="fl-1b"/>
      </object_component>
      <object_component id="oc-92d">
         <name>.text:PRCMLPDSRestoreInfoSet</name>
         <load_address>0x20011218</load_address>
         <run_address>0x20011218</run_address>
         <size>0x44</size>
         <input_file_ref idref="fl-25"/>
      </object_component>
      <object_component id="oc-77b">
         <name>.text:PowerCC32XX_enterLPDS</name>
         <load_address>0x2001125c</load_address>
         <run_address>0x2001125c</run_address>
         <size>0x44</size>
         <input_file_ref idref="fl-14"/>
      </object_component>
      <object_component id="oc-2df">
         <name>.text:SemaphoreP_post</name>
         <load_address>0x200112a0</load_address>
         <run_address>0x200112a0</run_address>
         <size>0x44</size>
         <input_file_ref idref="fl-1a"/>
      </object_component>
      <object_component id="oc-599">
         <name>.text:SwiP_restore</name>
         <load_address>0x200112e4</load_address>
         <run_address>0x200112e4</run_address>
         <size>0x44</size>
         <input_file_ref idref="fl-1f"/>
      </object_component>
      <object_component id="oc-387">
         <name>.text:Timer_start</name>
         <load_address>0x20011328</load_address>
         <run_address>0x20011328</run_address>
         <size>0x44</size>
         <input_file_ref idref="fl-f"/>
      </object_component>
      <object_component id="oc-334">
         <name>.text:UART_init</name>
         <load_address>0x2001136c</load_address>
         <run_address>0x2001136c</run_address>
         <size>0x44</size>
         <input_file_ref idref="fl-10"/>
      </object_component>
      <object_component id="oc-172">
         <name>.text:__TI_auto_init_nobinit_nopinit:__TI_auto_init_nobinit_nopinit</name>
         <load_address>0x200113b0</load_address>
         <run_address>0x200113b0</run_address>
         <size>0x44</size>
         <input_file_ref idref="fl-f7"/>
      </object_component>
      <object_component id="oc-205">
         <name>.text:initUART</name>
         <load_address>0x200113f4</load_address>
         <run_address>0x200113f4</run_address>
         <size>0x44</size>
         <input_file_ref idref="fl-2"/>
      </object_component>
      <object_component id="oc-a37">
         <name>.text:ClockP_construct</name>
         <load_address>0x20011438</load_address>
         <run_address>0x20011438</run_address>
         <size>0x40</size>
         <input_file_ref idref="fl-1b"/>
      </object_component>
      <object_component id="oc-2a6">
         <name>.text:PinModeSet</name>
         <load_address>0x20011478</load_address>
         <run_address>0x20011478</run_address>
         <size>0x40</size>
         <input_file_ref idref="fl-24"/>
      </object_component>
      <object_component id="oc-9ba">
         <name>.text:RingBuf_get</name>
         <load_address>0x200114b8</load_address>
         <run_address>0x200114b8</run_address>
         <size>0x40</size>
         <input_file_ref idref="fl-18"/>
      </object_component>
      <object_component id="oc-52b">
         <name>.text:TimerSupport_timerEnable</name>
         <load_address>0x200114f8</load_address>
         <run_address>0x200114f8</run_address>
         <size>0x40</size>
         <input_file_ref idref="fl-15"/>
      </object_component>
      <object_component id="oc-505">
         <name>.text:Timer_close</name>
         <load_address>0x20011538</load_address>
         <run_address>0x20011538</run_address>
         <size>0x40</size>
         <input_file_ref idref="fl-15"/>
      </object_component>
      <object_component id="oc-7e0">
         <name>.text:UARTCC32XX_read</name>
         <load_address>0x20011578</load_address>
         <run_address>0x20011578</run_address>
         <size>0x40</size>
         <input_file_ref idref="fl-16"/>
      </object_component>
      <object_component id="oc-340">
         <name>.text:UART_open</name>
         <load_address>0x200115b8</load_address>
         <run_address>0x200115b8</run_address>
         <size>0x40</size>
         <input_file_ref idref="fl-10"/>
      </object_component>
      <object_component id="oc-84c">
         <name>.text:_fcpy</name>
         <load_address>0x200115f8</load_address>
         <run_address>0x200115f8</run_address>
         <size>0x3e</size>
         <input_file_ref idref="fl-eb"/>
      </object_component>
      <object_component id="oc-61">
         <name>.text:nmiISR</name>
         <load_address>0x20011636</load_address>
         <run_address>0x20011636</run_address>
         <size>0x2</size>
         <input_file_ref idref="fl-1e"/>
      </object_component>
      <object_component id="oc-423">
         <name>.text:ClockP_destruct</name>
         <load_address>0x20011638</load_address>
         <run_address>0x20011638</run_address>
         <size>0x3c</size>
         <input_file_ref idref="fl-1b"/>
      </object_component>
      <object_component id="oc-72f">
         <name>.text:Power_setConstraint</name>
         <load_address>0x20011674</load_address>
         <run_address>0x20011674</run_address>
         <size>0x3c</size>
         <input_file_ref idref="fl-13"/>
      </object_component>
      <object_component id="oc-57d">
         <name>.text:getCountsRTC</name>
         <load_address>0x200116b0</load_address>
         <run_address>0x200116b0</run_address>
         <size>0x3a</size>
         <input_file_ref idref="fl-1d"/>
      </object_component>
      <object_component id="oc-763">
         <name>.text</name>
         <load_address>0x200116ea</load_address>
         <run_address>0x200116ea</run_address>
         <size>0x2</size>
         <input_file_ref idref="fl-ef"/>
      </object_component>
      <object_component id="oc-798">
         <name>.text:PRCMLPDSEnterKeepDebugIf</name>
         <load_address>0x200116ec</load_address>
         <run_address>0x200116ec</run_address>
         <size>0x38</size>
         <input_file_ref idref="fl-25"/>
      </object_component>
      <object_component id="oc-db">
         <name>.text:addToList</name>
         <load_address>0x20011724</load_address>
         <run_address>0x20011724</run_address>
         <size>0x38</size>
         <input_file_ref idref="fl-1b"/>
      </object_component>
      <object_component id="oc-59">
         <name>.text:initVectors</name>
         <load_address>0x2001175c</load_address>
         <run_address>0x2001175c</run_address>
         <size>0x38</size>
         <input_file_ref idref="fl-1e"/>
      </object_component>
      <object_component id="oc-769">
         <name>.text:notify</name>
         <load_address>0x20011794</load_address>
         <run_address>0x20011794</run_address>
         <size>0x38</size>
         <input_file_ref idref="fl-13"/>
      </object_component>
      <object_component id="oc-746">
         <name>.text</name>
         <load_address>0x200117cc</load_address>
         <run_address>0x200117cc</run_address>
         <size>0x38</size>
         <input_file_ref idref="fl-e1"/>
      </object_component>
      <object_component id="oc-73c">
         <name>.text</name>
         <load_address>0x20011804</load_address>
         <run_address>0x20011804</run_address>
         <size>0x38</size>
         <input_file_ref idref="fl-e2"/>
      </object_component>
      <object_component id="oc-710">
         <name>.text:TimerControlStall</name>
         <load_address>0x2001183c</load_address>
         <run_address>0x2001183c</run_address>
         <size>0x36</size>
         <input_file_ref idref="fl-26"/>
      </object_component>
      <object_component id="oc-6de">
         <name>.text:Timer_stop</name>
         <load_address>0x20011872</load_address>
         <run_address>0x20011872</run_address>
         <size>0x36</size>
         <input_file_ref idref="fl-f"/>
      </object_component>
      <object_component id="oc-7ec">
         <name>.text:UARTCC32XX_readCancel</name>
         <load_address>0x200118a8</load_address>
         <run_address>0x200118a8</run_address>
         <size>0x36</size>
         <input_file_ref idref="fl-16"/>
      </object_component>
      <object_component id="oc-56b">
         <name>.text:ClockP_getTicksUntilInterrupt</name>
         <load_address>0x200118e0</load_address>
         <run_address>0x200118e0</run_address>
         <size>0x34</size>
         <input_file_ref idref="fl-1b"/>
      </object_component>
      <object_component id="oc-75a">
         <name>.text:ClockP_startup</name>
         <load_address>0x20011914</load_address>
         <run_address>0x20011914</run_address>
         <size>0x34</size>
         <input_file_ref idref="fl-1b"/>
      </object_component>
      <object_component id="oc-2a0">
         <name>.text:PinModeGet</name>
         <load_address>0x20011948</load_address>
         <run_address>0x20011948</run_address>
         <size>0x34</size>
         <input_file_ref idref="fl-24"/>
      </object_component>
      <object_component id="oc-95e">
         <name>.text:PowerCC32XX_restoreParkState</name>
         <load_address>0x2001197c</load_address>
         <run_address>0x2001197c</run_address>
         <size>0x34</size>
         <input_file_ref idref="fl-13"/>
      </object_component>
      <object_component id="oc-39f">
         <name>.text:TickFct_ButtonUpdate</name>
         <load_address>0x200119b0</load_address>
         <run_address>0x200119b0</run_address>
         <size>0x34</size>
         <input_file_ref idref="fl-2"/>
      </object_component>
      <object_component id="oc-6f6">
         <name>.text:TimerCC32XX_freeTimerResource</name>
         <load_address>0x200119e4</load_address>
         <run_address>0x200119e4</run_address>
         <size>0x34</size>
         <input_file_ref idref="fl-15"/>
      </object_component>
      <object_component id="oc-523">
         <name>.text:TimerCC32XX_hwiIntFunction</name>
         <load_address>0x20011a18</load_address>
         <run_address>0x20011a18</run_address>
         <size>0x34</size>
         <input_file_ref idref="fl-15"/>
      </object_component>
      <object_component id="oc-6d3">
         <name>.text:getPowerMgrId</name>
         <load_address>0x20011a4c</load_address>
         <run_address>0x20011a4c</run_address>
         <size>0x34</size>
         <input_file_ref idref="fl-15"/>
      </object_component>
      <object_component id="oc-411">
         <name>.text:ClockP_start</name>
         <load_address>0x20011a80</load_address>
         <run_address>0x20011a80</run_address>
         <size>0x30</size>
         <input_file_ref idref="fl-1b"/>
      </object_component>
      <object_component id="oc-93c">
         <name>.text:PowerCC32XX_restoreParkedPin</name>
         <load_address>0x20011ab0</load_address>
         <run_address>0x20011ab0</run_address>
         <size>0x30</size>
         <input_file_ref idref="fl-13"/>
      </object_component>
      <object_component id="oc-3a5">
         <name>.text:TickFct_TempUpdate</name>
         <load_address>0x20011ae0</load_address>
         <run_address>0x20011ae0</run_address>
         <size>0x30</size>
         <input_file_ref idref="fl-2"/>
      </object_component>
      <object_component id="oc-49a">
         <name>.text:_outs</name>
         <load_address>0x20011b10</load_address>
         <run_address>0x20011b10</run_address>
         <size>0x30</size>
         <input_file_ref idref="fl-df"/>
      </object_component>
      <object_component id="oc-82f">
         <name>.text</name>
         <load_address>0x20011b40</load_address>
         <run_address>0x20011b40</run_address>
         <size>0x2e</size>
         <input_file_ref idref="fl-f5"/>
      </object_component>
      <object_component id="oc-97f">
         <name>.text:PowerCC32XX_getParkState</name>
         <load_address>0x20011b70</load_address>
         <run_address>0x20011b70</run_address>
         <size>0x2c</size>
         <input_file_ref idref="fl-13"/>
      </object_component>
      <object_component id="oc-30b">
         <name>.text:HwiP_create</name>
         <load_address>0x20011b9c</load_address>
         <run_address>0x20011b9c</run_address>
         <size>0x2a</size>
         <input_file_ref idref="fl-1c"/>
      </object_component>
      <object_component id="oc-70a">
         <name>.text:TimerLoadSet</name>
         <load_address>0x20011bc6</load_address>
         <run_address>0x20011bc6</run_address>
         <size>0x2a</size>
         <input_file_ref idref="fl-26"/>
      </object_component>
      <object_component id="oc-704">
         <name>.text:TimerPrescaleSet</name>
         <load_address>0x20011bf0</load_address>
         <run_address>0x20011bf0</run_address>
         <size>0x2a</size>
         <input_file_ref idref="fl-26"/>
      </object_component>
      <object_component id="oc-68f">
         <name>.text:I2CFIFODataPutNonBlocking</name>
         <load_address>0x20011c1a</load_address>
         <run_address>0x20011c1a</run_address>
         <size>0x28</size>
         <input_file_ref idref="fl-22"/>
      </object_component>
      <object_component id="oc-29a">
         <name>.text:PRCMPeripheralClkDisable</name>
         <load_address>0x20011c44</load_address>
         <run_address>0x20011c44</run_address>
         <size>0x28</size>
         <input_file_ref idref="fl-25"/>
      </object_component>
      <object_component id="oc-2d9">
         <name>.text:Power_registerNotify</name>
         <load_address>0x20011c6c</load_address>
         <run_address>0x20011c6c</run_address>
         <size>0x28</size>
         <input_file_ref idref="fl-13"/>
      </object_component>
      <object_component id="oc-5c9">
         <name>.text:free_list_insert</name>
         <load_address>0x20011c94</load_address>
         <run_address>0x20011c94</run_address>
         <size>0x28</size>
         <input_file_ref idref="fl-e9"/>
      </object_component>
      <object_component id="oc-885">
         <name>.text:I2CFIFODataGetNonBlocking</name>
         <load_address>0x20011cbc</load_address>
         <run_address>0x20011cbc</run_address>
         <size>0x26</size>
         <input_file_ref idref="fl-22"/>
      </object_component>
      <object_component id="oc-6c2">
         <name>.text:I2C_cancel</name>
         <load_address>0x20011ce2</load_address>
         <run_address>0x20011ce2</run_address>
         <size>0x26</size>
         <input_file_ref idref="fl-e"/>
      </object_component>
      <object_component id="oc-433">
         <name>.text:List_put</name>
         <load_address>0x20011d08</load_address>
         <run_address>0x20011d08</run_address>
         <size>0x26</size>
         <input_file_ref idref="fl-17"/>
      </object_component>
      <object_component id="oc-8dc">
         <name>.text:List_remove</name>
         <load_address>0x20011d2e</load_address>
         <run_address>0x20011d2e</run_address>
         <size>0x26</size>
         <input_file_ref idref="fl-17"/>
      </object_component>
      <object_component id="oc-5f1">
         <name>.text:HwiP_dispatch</name>
         <load_address>0x20011d54</load_address>
         <run_address>0x20011d54</run_address>
         <size>0x24</size>
         <input_file_ref idref="fl-1c"/>
      </object_component>
      <object_component id="oc-979">
         <name>.text:PowerCC32XX_reset</name>
         <load_address>0x20011d78</load_address>
         <run_address>0x20011d78</run_address>
         <size>0x24</size>
         <input_file_ref idref="fl-13"/>
      </object_component>
      <object_component id="oc-8d5">
         <name>.text:TimerSupport_timerDisable</name>
         <load_address>0x20011d9c</load_address>
         <run_address>0x20011d9c</run_address>
         <size>0x24</size>
         <input_file_ref idref="fl-15"/>
      </object_component>
      <object_component id="oc-c5">
         <name>.text:_c_int00_noargs:_c_int00_noargs</name>
         <load_address>0x20011dc0</load_address>
         <run_address>0x20011dc0</run_address>
         <size>0x24</size>
         <input_file_ref idref="fl-ea"/>
      </object_component>
      <object_component id="oc-88d">
         <name>.text:I2CMasterSlaveAddrSet</name>
         <load_address>0x20011de4</load_address>
         <run_address>0x20011de4</run_address>
         <size>0x22</size>
         <input_file_ref idref="fl-22"/>
      </object_component>
      <object_component id="oc-8e3">
         <name>.text:HwiP_destruct</name>
         <load_address>0x20011e06</load_address>
         <run_address>0x20011e06</run_address>
         <size>0x20</size>
         <input_file_ref idref="fl-1c"/>
      </object_component>
      <object_component id="oc-6e4">
         <name>.text:Power_unregisterNotify</name>
         <load_address>0x20011e28</load_address>
         <run_address>0x20011e28</run_address>
         <size>0x20</size>
         <input_file_ref idref="fl-13"/>
      </object_component>
      <object_component id="oc-965">
         <name>.text:RingBuf_peek</name>
         <load_address>0x20011e48</load_address>
         <run_address>0x20011e48</run_address>
         <size>0x20</size>
         <input_file_ref idref="fl-18"/>
      </object_component>
      <object_component id="oc-973">
         <name>.text:getPowerMgrId</name>
         <load_address>0x20011e68</load_address>
         <run_address>0x20011e68</run_address>
         <size>0x20</size>
         <input_file_ref idref="fl-16"/>
      </object_component>
      <object_component id="oc-66b">
         <name>.text:I2CMasterIntStatusEx</name>
         <load_address>0x20011e88</load_address>
         <run_address>0x20011e88</run_address>
         <size>0x1e</size>
         <input_file_ref idref="fl-22"/>
      </object_component>
      <object_component id="oc-4c3">
         <name>.text:SemaphoreP_constructBinary</name>
         <load_address>0x20011ea6</load_address>
         <run_address>0x20011ea6</run_address>
         <size>0x1e</size>
         <input_file_ref idref="fl-1a"/>
      </object_component>
      <object_component id="oc-6fe">
         <name>.text:TimerDisable</name>
         <load_address>0x20011ec4</load_address>
         <run_address>0x20011ec4</run_address>
         <size>0x1e</size>
         <input_file_ref idref="fl-26"/>
      </object_component>
      <object_component id="oc-735">
         <name>.text:TimerEnable</name>
         <load_address>0x20011ee2</load_address>
         <run_address>0x20011ee2</run_address>
         <size>0x1e</size>
         <input_file_ref idref="fl-26"/>
      </object_component>
      <object_component id="oc-919">
         <name>.text:PinToPadGet</name>
         <load_address>0x20011f00</load_address>
         <run_address>0x20011f00</run_address>
         <size>0x1c</size>
         <input_file_ref idref="fl-24"/>
      </object_component>
      <object_component id="oc-55f">
         <name>.text:SwiP_disable</name>
         <load_address>0x20011f1c</load_address>
         <run_address>0x20011f1c</run_address>
         <size>0x1c</size>
         <input_file_ref idref="fl-1f"/>
      </object_component>
      <object_component id="oc-5c3">
         <name>.text:free_list_remove</name>
         <load_address>0x20011f38</load_address>
         <run_address>0x20011f38</run_address>
         <size>0x1c</size>
         <input_file_ref idref="fl-e9"/>
      </object_component>
      <object_component id="oc-63b">
         <name>.text:memccpy</name>
         <load_address>0x20011f54</load_address>
         <run_address>0x20011f54</run_address>
         <size>0x1c</size>
         <input_file_ref idref="fl-100"/>
      </object_component>
      <object_component id="oc-98b">
         <name>.text:ClockP_create</name>
         <load_address>0x20011f70</load_address>
         <run_address>0x20011f70</run_address>
         <size>0x1a</size>
         <input_file_ref idref="fl-1b"/>
      </object_component>
      <object_component id="oc-2bb">
         <name>.text:SemaphoreP_createBinary</name>
         <load_address>0x20011f8a</load_address>
         <run_address>0x20011f8a</run_address>
         <size>0x1a</size>
         <input_file_ref idref="fl-1a"/>
      </object_component>
      <object_component id="oc-21">
         <name>.text:resetISR</name>
         <load_address>0x20011fa4</load_address>
         <run_address>0x20011fa4</run_address>
         <size>0x1a</size>
         <input_file_ref idref="fl-1e"/>
      </object_component>
      <object_component id="oc-8be">
         <name>.text:I2CMasterBusBusy</name>
         <load_address>0x20011fbe</load_address>
         <run_address>0x20011fbe</run_address>
         <size>0x18</size>
         <input_file_ref idref="fl-22"/>
      </object_component>
      <object_component id="oc-67d">
         <name>.text:I2CMasterIntDisableEx</name>
         <load_address>0x20011fd6</load_address>
         <run_address>0x20011fd6</run_address>
         <size>0x18</size>
         <input_file_ref idref="fl-22"/>
      </object_component>
      <object_component id="oc-89f">
         <name>.text:I2CMasterIntEnableEx</name>
         <load_address>0x20011fee</load_address>
         <run_address>0x20011fee</run_address>
         <size>0x18</size>
         <input_file_ref idref="fl-22"/>
      </object_component>
      <object_component id="oc-8b8">
         <name>.text:I2CRxFIFOFlush</name>
         <load_address>0x20012006</load_address>
         <run_address>0x20012006</run_address>
         <size>0x18</size>
         <input_file_ref idref="fl-22"/>
      </object_component>
      <object_component id="oc-8b2">
         <name>.text:I2CTxFIFOFlush</name>
         <load_address>0x2001201e</load_address>
         <run_address>0x2001201e</run_address>
         <size>0x18</size>
         <input_file_ref idref="fl-22"/>
      </object_component>
      <object_component id="oc-571">
         <name>.text:Power_getTransitionLatency</name>
         <load_address>0x20012038</load_address>
         <run_address>0x20012038</run_address>
         <size>0x18</size>
         <input_file_ref idref="fl-13"/>
      </object_component>
      <object_component id="oc-7ab">
         <name>.text:Power_idleFunc</name>
         <load_address>0x20012050</load_address>
         <run_address>0x20012050</run_address>
         <size>0x18</size>
         <input_file_ref idref="fl-13"/>
      </object_component>
      <object_component id="oc-a16">
         <name>.text:TimerIntDisable</name>
         <load_address>0x20012068</load_address>
         <run_address>0x20012068</run_address>
         <size>0x18</size>
         <input_file_ref idref="fl-26"/>
      </object_component>
      <object_component id="oc-729">
         <name>.text:TimerIntEnable</name>
         <load_address>0x20012080</load_address>
         <run_address>0x20012080</run_address>
         <size>0x18</size>
         <input_file_ref idref="fl-26"/>
      </object_component>
      <object_component id="oc-9c2">
         <name>.text:UARTBusy</name>
         <load_address>0x20012098</load_address>
         <run_address>0x20012098</run_address>
         <size>0x18</size>
         <input_file_ref idref="fl-27"/>
      </object_component>
      <object_component id="oc-a7b">
         <name>.text:UARTIntEnable</name>
         <load_address>0x200120b0</load_address>
         <run_address>0x200120b0</run_address>
         <size>0x18</size>
         <input_file_ref idref="fl-27"/>
      </object_component>
      <object_component id="oc-33a">
         <name>.text:UART_Params_init</name>
         <load_address>0x200120c8</load_address>
         <run_address>0x200120c8</run_address>
         <size>0x18</size>
         <input_file_ref idref="fl-10"/>
      </object_component>
      <object_component id="oc-4a0">
         <name>.text:_outc</name>
         <load_address>0x200120e0</load_address>
         <run_address>0x200120e0</run_address>
         <size>0x18</size>
         <input_file_ref idref="fl-df"/>
      </object_component>
      <object_component id="oc-217">
         <name>.text:gpioButtonFxn0</name>
         <load_address>0x200120f8</load_address>
         <run_address>0x200120f8</run_address>
         <size>0x18</size>
         <input_file_ref idref="fl-2"/>
      </object_component>
      <object_component id="oc-21d">
         <name>.text:gpioButtonFxn1</name>
         <load_address>0x20012110</load_address>
         <run_address>0x20012110</run_address>
         <size>0x18</size>
         <input_file_ref idref="fl-2"/>
      </object_component>
      <object_component id="oc-58e">
         <name>.text</name>
         <load_address>0x20012128</load_address>
         <run_address>0x20012128</run_address>
         <size>0x18</size>
         <input_file_ref idref="fl-e3"/>
      </object_component>
      <object_component id="oc-38d">
         <name>.text:timerCallback</name>
         <load_address>0x20012140</load_address>
         <run_address>0x20012140</run_address>
         <size>0x18</size>
         <input_file_ref idref="fl-2"/>
      </object_component>
      <object_component id="oc-899">
         <name>.text:I2CMasterBurstLengthSet</name>
         <load_address>0x20012158</load_address>
         <run_address>0x20012158</run_address>
         <size>0x16</size>
         <input_file_ref idref="fl-22"/>
      </object_component>
      <object_component id="oc-288">
         <name>.text:PRCMHIBRegRead</name>
         <load_address>0x2001216e</load_address>
         <run_address>0x2001216e</run_address>
         <size>0x16</size>
         <input_file_ref idref="fl-25"/>
      </object_component>
      <object_component id="oc-282">
         <name>.text:PRCMHIBRegWrite</name>
         <load_address>0x20012184</load_address>
         <run_address>0x20012184</run_address>
         <size>0x16</size>
         <input_file_ref idref="fl-25"/>
      </object_component>
      <object_component id="oc-3f9">
         <name>.text:SemaphoreP_create</name>
         <load_address>0x2001219a</load_address>
         <run_address>0x2001219a</run_address>
         <size>0x16</size>
         <input_file_ref idref="fl-1a"/>
      </object_component>
      <object_component id="oc-860">
         <name>.text:strchr</name>
         <load_address>0x200121b0</load_address>
         <run_address>0x200121b0</run_address>
         <size>0x16</size>
         <input_file_ref idref="fl-101"/>
      </object_component>
      <object_component id="oc-a3">
         <name>.text:CPUcpsid</name>
         <load_address>0x200121c6</load_address>
         <run_address>0x200121c6</run_address>
         <size>0x14</size>
         <input_file_ref idref="fl-21"/>
      </object_component>
      <object_component id="oc-43a">
         <name>.text:HwiP_inISR</name>
         <load_address>0x200121dc</load_address>
         <run_address>0x200121dc</run_address>
         <size>0x14</size>
         <input_file_ref idref="fl-1c"/>
      </object_component>
      <object_component id="oc-8c6">
         <name>.text:I2CSupport_masterFinish</name>
         <load_address>0x200121f0</load_address>
         <run_address>0x200121f0</run_address>
         <size>0x14</size>
         <input_file_ref idref="fl-12"/>
      </object_component>
      <object_component id="oc-366">
         <name>.text:I2C_transfer</name>
         <load_address>0x20012204</load_address>
         <run_address>0x20012204</run_address>
         <size>0x14</size>
         <input_file_ref idref="fl-e"/>
      </object_component>
      <object_component id="oc-af">
         <name>.text:IntVTableBaseSet</name>
         <load_address>0x20012218</load_address>
         <run_address>0x20012218</run_address>
         <size>0x14</size>
         <input_file_ref idref="fl-23"/>
      </object_component>
      <object_component id="oc-440">
         <name>.text:Power_disablePolicy</name>
         <load_address>0x2001222c</load_address>
         <run_address>0x2001222c</run_address>
         <size>0x14</size>
         <input_file_ref idref="fl-13"/>
      </object_component>
      <object_component id="oc-935">
         <name>.text:Power_getDependencyCount</name>
         <load_address>0x20012240</load_address>
         <run_address>0x20012240</run_address>
         <size>0x14</size>
         <input_file_ref idref="fl-13"/>
      </object_component>
      <object_component id="oc-a75">
         <name>.text:releasePowerConstraint</name>
         <load_address>0x20012254</load_address>
         <run_address>0x20012254</run_address>
         <size>0x14</size>
         <input_file_ref idref="fl-16"/>
      </object_component>
      <object_component id="oc-60c">
         <name>.text:strlen</name>
         <load_address>0x20012268</load_address>
         <run_address>0x20012268</run_address>
         <size>0x14</size>
         <input_file_ref idref="fl-102"/>
      </object_component>
      <object_component id="oc-305">
         <name>.text:HwiP_Params_init</name>
         <load_address>0x2001227c</load_address>
         <run_address>0x2001227c</run_address>
         <size>0x12</size>
         <input_file_ref idref="fl-1c"/>
      </object_component>
      <object_component id="oc-671">
         <name>.text:I2CMasterIntClearEx</name>
         <load_address>0x2001228e</load_address>
         <run_address>0x2001228e</run_address>
         <size>0x12</size>
         <input_file_ref idref="fl-22"/>
      </object_component>
      <object_component id="oc-96d">
         <name>.text:RingBuf_construct</name>
         <load_address>0x200122a0</load_address>
         <run_address>0x200122a0</run_address>
         <size>0x12</size>
         <input_file_ref idref="fl-18"/>
      </object_component>
      <object_component id="oc-720">
         <name>.text:TimerIntClear</name>
         <load_address>0x200122b2</load_address>
         <run_address>0x200122b2</run_address>
         <size>0x12</size>
         <input_file_ref idref="fl-26"/>
      </object_component>
      <object_component id="oc-11a">
         <name>.text:main</name>
         <load_address>0x200122c4</load_address>
         <run_address>0x200122c4</run_address>
         <size>0x12</size>
         <input_file_ref idref="fl-4"/>
      </object_component>
      <object_component id="oc-641">
         <name>.text:wcslen</name>
         <load_address>0x200122d6</load_address>
         <run_address>0x200122d6</run_address>
         <size>0x12</size>
         <input_file_ref idref="fl-ee"/>
      </object_component>
      <object_component id="oc-153">
         <name>.text:Board_init</name>
         <load_address>0x200122e8</load_address>
         <run_address>0x200122e8</run_address>
         <size>0x10</size>
         <input_file_ref idref="fl-3"/>
      </object_component>
      <object_component id="oc-40b">
         <name>.text:ClockP_add</name>
         <load_address>0x200122f8</load_address>
         <run_address>0x200122f8</run_address>
         <size>0x10</size>
         <input_file_ref idref="fl-1b"/>
      </object_component>
      <object_component id="oc-958">
         <name>.text:ClockP_delete</name>
         <load_address>0x20012308</load_address>
         <run_address>0x20012308</run_address>
         <size>0x10</size>
         <input_file_ref idref="fl-1b"/>
      </object_component>
      <object_component id="oc-4ff">
         <name>.text:ClockP_getCpuFreq</name>
         <load_address>0x20012318</load_address>
         <run_address>0x20012318</run_address>
         <size>0x10</size>
         <input_file_ref idref="fl-1b"/>
      </object_component>
      <object_component id="oc-577">
         <name>.text:ClockP_getSystemTicks</name>
         <load_address>0x20012328</load_address>
         <run_address>0x20012328</run_address>
         <size>0x10</size>
         <input_file_ref idref="fl-1b"/>
      </object_component>
      <object_component id="oc-593">
         <name>.text:ClockP_setTicks</name>
         <load_address>0x20012338</load_address>
         <run_address>0x20012338</run_address>
         <size>0x10</size>
         <input_file_ref idref="fl-1b"/>
      </object_component>
      <object_component id="oc-6ea">
         <name>.text:HwiP_delete</name>
         <load_address>0x20012348</load_address>
         <run_address>0x20012348</run_address>
         <size>0x10</size>
         <input_file_ref idref="fl-1c"/>
      </object_component>
      <object_component id="oc-2c7">
         <name>.text:HwiP_restore</name>
[...]
         <name>HwiP_create</name>
         <value>0x20011b9d</value>
         <object_component_ref idref="oc-30b"/>
      </symbol>
      <symbol id="sm-b01">
         <name>HwiP_post</name>
         <value>0x200124e7</value>
         <object_component_ref idref="oc-7a1"/>
      </symbol>
      <symbol id="sm-b02">
         <name>HwiP_enable</name>
         <value>0x200123f3</value>
         <object_component_ref idref="oc-159"/>
      </symbol>
      <symbol id="sm-b03">
         <name>HwiP_restore</name>
         <value>0x20012359</value>
         <object_component_ref idref="oc-2c7"/>
      </symbol>
      <symbol id="sm-b04">
         <name>HwiP_disableInterrupt</name>
         <value>0x200123e5</value>
         <object_component_ref idref="oc-6b0"/>
      </symbol>
      <symbol id="sm-b34">
         <name>PowerCC32XX_initPolicy</name>
         <value>0x2000ecdf</value>
         <object_component_ref idref="oc-3e2"/>
      </symbol>
      <symbol id="sm-b35">
         <name>PowerCC32XX_sleepPolicy</name>
         <value>0x2000db65</value>
         <object_component_ref idref="oc-3e8"/>
      </symbol>
      <symbol id="sm-b8a">
         <name>resetISR</name>
         <value>0x20011fa5</value>
         <object_component_ref idref="oc-21"/>
      </symbol>
      <symbol id="sm-b8b">
         <name>resetVectorAddr</name>
         <value>0x20011fb8</value>
         <object_component_ref idref="oc-21"/>
      </symbol>
      <symbol id="sm-b8c">
         <name>initVectors</name>
         <value>0x2001175d</value>
         <object_component_ref idref="oc-59"/>
      </symbol>
      <symbol id="sm-b8d">
         <name>resetVectors</name>
         <value>0x20004000</value>
         <object_component_ref idref="oc-27"/>
      </symbol>
      <symbol id="sm-bbd">
         <name>SwiP_disable</name>
         <value>0x20011f1d</value>
         <object_component_ref idref="oc-55f"/>
      </symbol>
      <symbol id="sm-bbe">
         <name>SwiP_restore</name>
         <value>0x200112e5</value>
         <object_component_ref idref="oc-599"/>
      </symbol>
      <symbol id="sm-bc9">
         <name>CPUcpsid</name>
         <value>0x200121c7</value>
         <object_component_ref idref="oc-a3"/>
      </symbol>
      <symbol id="sm-c36">
         <name>I2CRxFIFOFlush</name>
         <value>0x20012007</value>
         <object_component_ref idref="oc-8b8"/>
      </symbol>
      <symbol id="sm-c37">
         <name>I2CTxFIFOFlush</name>
         <value>0x2001201f</value>
         <object_component_ref idref="oc-8b2"/>
      </symbol>
      <symbol id="sm-c38">
         <name>I2CFIFODataPutNonBlocking</name>
         <value>0x20011c1b</value>
         <object_component_ref idref="oc-68f"/>
      </symbol>
      <symbol id="sm-c39">
         <name>I2CMasterBusBusy</name>
         <value>0x20011fbf</value>
         <object_component_ref idref="oc-8be"/>
      </symbol>
      <symbol id="sm-c3a">
         <name>I2CMasterIntDisableEx</name>
         <value>0x20011fd7</value>
         <object_component_ref idref="oc-67d"/>
      </symbol>
      <symbol id="sm-c3b">
         <name>I2CMasterBurstLengthSet</name>
         <value>0x20012159</value>
         <object_component_ref idref="oc-899"/>
      </symbol>
      <symbol id="sm-c3c">
         <name>I2CMasterIntClearEx</name>
         <value>0x2001228f</value>
         <object_component_ref idref="oc-671"/>
      </symbol>
      <symbol id="sm-c3d">
         <name>I2CMasterSlaveAddrSet</name>
         <value>0x20011de5</value>
         <object_component_ref idref="oc-88d"/>
      </symbol>
      <symbol id="sm-c3e">
         <name>I2CMasterIntEnableEx</name>
         <value>0x20011fef</value>
         <object_component_ref idref="oc-89f"/>
      </symbol>
      <symbol id="sm-c3f">
         <name>I2CFIFOStatus</name>
         <value>0x20012369</value>
         <object_component_ref idref="oc-695"/>
      </symbol>
      <symbol id="sm-c40">
         <name>I2CMasterIntStatusEx</name>
         <value>0x20011e89</value>
         <object_component_ref idref="oc-66b"/>
      </symbol>
      <symbol id="sm-c41">
         <name>I2CFIFODataGetNonBlocking</name>
         <value>0x20011cbd</value>
         <object_component_ref idref="oc-885"/>
      </symbol>
      <symbol id="sm-c86">
         <name>IntVTableBaseSet</name>
         <value>0x20012219</value>
         <object_component_ref idref="oc-af"/>
      </symbol>
      <symbol id="sm-c87">
         <name>IntEnable</name>
         <value>0x2000f765</value>
         <object_component_ref idref="oc-b5"/>
      </symbol>
      <symbol id="sm-c88">
         <name>IntMasterDisable</name>
         <value>0x20012495</value>
         <object_component_ref idref="oc-53"/>
      </symbol>
      <symbol id="sm-c89">
         <name>IntPendSet</name>
         <value>0x2000fe1d</value>
         <object_component_ref idref="oc-94b"/>
      </symbol>
      <symbol id="sm-cc3">
         <name>PinModeGet</name>
         <value>0x20011949</value>
         <object_component_ref idref="oc-2a0"/>
      </symbol>
      <symbol id="sm-cc4">
         <name>PinConfigSet</name>
         <value>0x2000fea5</value>
         <object_component_ref idref="oc-2f9"/>
      </symbol>
      <symbol id="sm-cc5">
         <name>PinModeSet</name>
         <value>0x20011479</value>
         <object_component_ref idref="oc-2a6"/>
      </symbol>
      <symbol id="sm-cc6">
         <name>PinToPadGet</name>
         <value>0x20011f01</value>
         <object_component_ref idref="oc-919"/>
      </symbol>
      <symbol id="sm-d8f">
         <name>PRCMLPDSRestoreInfoSet</name>
         <value>0x20011219</value>
         <object_component_ref idref="oc-92d"/>
      </symbol>
      <symbol id="sm-d90">
         <name>PRCMPeripheralReset</name>
         <value>0x20010a2d</value>
         <object_component_ref idref="oc-294"/>
      </symbol>
      <symbol id="sm-d91">
         <name>PRCMLPDSEnter</name>
         <value>0x20011029</value>
         <object_component_ref idref="oc-792"/>
      </symbol>
      <symbol id="sm-d92">
         <name>PRCMPeripheralClkEnable</name>
         <value>0x20011071</value>
         <object_component_ref idref="oc-28e"/>
      </symbol>
      <symbol id="sm-d93">
         <name>PRCMLPDSEnterKeepDebugIf</name>
         <value>0x200116ed</value>
         <object_component_ref idref="oc-798"/>
      </symbol>
      <symbol id="sm-d94">
         <name>PRCMCC3200MCUInit</name>
         <value>0x2000ca91</value>
         <object_component_ref idref="oc-1d3"/>
      </symbol>
      <symbol id="sm-d95">
         <name>PRCMHIBRegWrite</name>
         <value>0x20012185</value>
         <object_component_ref idref="oc-282"/>
      </symbol>
      <symbol id="sm-d96">
         <name>PRCMSysResetCauseGet</name>
         <value>0x20010861</value>
         <object_component_ref idref="oc-27b"/>
      </symbol>
      <symbol id="sm-d97">
         <name>PRCMPeripheralClkDisable</name>
         <value>0x20011c45</value>
         <object_component_ref idref="oc-29a"/>
      </symbol>
      <symbol id="sm-d98">
         <name>PRCMHIBRegRead</name>
         <value>0x2001216f</value>
         <object_component_ref idref="oc-288"/>
      </symbol>
      <symbol id="sm-de0">
         <name>TimerLoadSet</name>
         <value>0x20011bc7</value>
         <object_component_ref idref="oc-70a"/>
      </symbol>
      <symbol id="sm-de1">
         <name>TimerDisable</name>
         <value>0x20011ec5</value>
         <object_component_ref idref="oc-6fe"/>
      </symbol>
      <symbol id="sm-de2">
         <name>TimerEnable</name>
         <value>0x20011ee3</value>
         <object_component_ref idref="oc-735"/>
      </symbol>
      <symbol id="sm-de3">
         <name>TimerIntDisable</name>
         <value>0x20012069</value>
         <object_component_ref idref="oc-a16"/>
      </symbol>
      <symbol id="sm-de4">
         <name>TimerPrescaleSet</name>
         <value>0x20011bf1</value>
         <object_component_ref idref="oc-704"/>
      </symbol>
      <symbol id="sm-de5">
         <name>TimerControlStall</name>
         <value>0x2001183d</value>
         <object_component_ref idref="oc-710"/>
      </symbol>
      <symbol id="sm-de6">
         <name>TimerIntEnable</name>
         <value>0x20012081</value>
         <object_component_ref idref="oc-729"/>
      </symbol>
      <symbol id="sm-de7">
         <name>TimerIntClear</name>
         <value>0x200122b3</value>
         <object_component_ref idref="oc-720"/>
      </symbol>
      <symbol id="sm-dfb">
         <name>UARTBusy</name>
         <value>0x20012099</value>
         <object_component_ref idref="oc-9c2"/>
      </symbol>
      <symbol id="sm-dfc">
         <name>UARTIntEnable</name>
         <value>0x200120b1</value>
         <object_component_ref idref="oc-a7b"/>
      </symbol>
      <symbol id="sm-e00">
         <name>UtilsDelay</name>
         <value>0x200124dd</value>
         <object_component_ref idref="oc-281"/>
      </symbol>
      <symbol id="sm-e10">
         <name>FlashDisable</name>
         <value>0x20010fe1</value>
         <object_component_ref idref="oc-943"/>
      </symbol>
      <symbol id="sm-e3f">
         <name>snprintf</name>
         <value>0x20010f95</value>
         <object_component_ref idref="oc-348"/>
      </symbol>
      <symbol id="sm-e49">
         <name>__aeabi_fmul</name>
         <value>0x200102b7</value>
         <object_component_ref idref="oc-741"/>
      </symbol>
      <symbol id="sm-e53">
         <name>__aeabi_f2iz</name>
         <value>0x200117cd</value>
         <object_component_ref idref="oc-746"/>
      </symbol>
      <symbol id="sm-e5e">
         <name>__aeabi_i2f</name>
         <value>0x20011805</value>
         <object_component_ref idref="oc-73c"/>
      </symbol>
      <symbol id="sm-e67">
         <name>__aeabi_lmul</name>
         <value>0x20012129</value>
         <object_component_ref idref="oc-58e"/>
      </symbol>
      <symbol id="sm-e82">
         <name>memcpy</name>
         <value>0x2000fb35</value>
         <object_component_ref idref="oc-3b"/>
      </symbol>
      <symbol id="sm-e83">
         <name>__aeabi_memcpy</name>
         <value>0x2000fb35</value>
         <object_component_ref idref="oc-3b"/>
      </symbol>
      <symbol id="sm-e84">
         <name>__aeabi_memcpy8</name>
         <value>0x2000fb35</value>
         <object_component_ref idref="oc-3b"/>
      </symbol>
      <symbol id="sm-e85">
         <name>__aeabi_memcpy4</name>
         <value>0x2000fb35</value>
         <object_component_ref idref="oc-3b"/>
      </symbol>
      <symbol id="sm-e92">
         <name>__aeabi_uldivmod</name>
         <value>0x2000fc69</value>
         <object_component_ref idref="oc-583"/>
      </symbol>
      <symbol id="sm-ea4">
         <name>__TI_zero_init</name>
         <value>0x2001245d</value>
         <object_component_ref idref="oc-4d"/>
      </symbol>
      <symbol id="sm-ebb">
         <name>__TI_decompress_none</name>
         <value>0x2001242b</value>
         <object_component_ref idref="oc-1a"/>
      </symbol>
      <symbol id="sm-ede">
         <name>__TI_decompress_lzss</name>
         <value>0x200106c9</value>
         <object_component_ref idref="oc-14"/>
      </symbol>
      <symbol id="sm-f67">
         <name>_sys_memory</name>
         <value>0x20004040</value>
         <object_component_ref idref="oc-2a"/>
      </symbol>
      <symbol id="sm-f68">
         <name>free</name>
         <value>0x2000edcd</value>
         <object_component_ref idref="oc-404"/>
      </symbol>
      <symbol id="sm-f69">
         <name>memalign</name>
         <value>0x2000e8f5</value>
         <object_component_ref idref="oc-5e7"/>
      </symbol>
      <symbol id="sm-f6a">
         <name>malloc</name>
         <value>0x200124b9</value>
         <object_component_ref idref="oc-45f"/>
      </symbol>
      <symbol id="sm-f6b">
         <name>aligned_alloc</name>
         <value>0x2000e8f5</value>
         <object_component_ref idref="oc-5e7"/>
      </symbol>
      <symbol id="sm-f7d">
         <name>__stack</name>
         <value>0x20003000</value>
         <object_component_ref idref="oc-2d"/>
      </symbol>
      <symbol id="sm-f7e">
         <name>_c_int00_noargs</name>
         <value>0x20011dc1</value>
         <object_component_ref idref="oc-c5"/>
      </symbol>
      <symbol id="sm-10e3">
         <name>__TI_printfi</name>
         <value>0x2000c041</value>
         <object_component_ref idref="oc-494"/>
      </symbol>
      <symbol id="sm-1103">
         <name>frexpl</name>
         <value>0x2001091d</value>
         <object_component_ref idref="oc-854"/>
      </symbol>
      <symbol id="sm-1104">
         <name>frexp</name>
         <value>0x2001091d</value>
         <object_component_ref idref="oc-854"/>
      </symbol>
      <symbol id="sm-1122">
         <name>scalbn</name>
         <value>0x2000eeb1</value>
         <object_component_ref idref="oc-85a"/>
      </symbol>
      <symbol id="sm-1123">
         <name>scalbnl</name>
         <value>0x2000eeb1</value>
         <object_component_ref idref="oc-85a"/>
      </symbol>
      <symbol id="sm-1124">
         <name>ldexpl</name>
         <value>0x2000eeb1</value>
         <object_component_ref idref="oc-85a"/>
      </symbol>
      <symbol id="sm-1125">
         <name>ldexp</name>
         <value>0x2000eeb1</value>
         <object_component_ref idref="oc-85a"/>
      </symbol>
      <symbol id="sm-113e">
         <name>wcslen</name>
         <value>0x200122d7</value>
         <object_component_ref idref="oc-641"/>
      </symbol>
      <symbol id="sm-1148">
         <name>__aeabi_idiv0</name>
         <value>0x200116eb</value>
         <object_component_ref idref="oc-763"/>
      </symbol>
      <symbol id="sm-1149">
         <name>__aeabi_ldiv0</name>
         <value>0x200116eb</value>
         <object_component_ref idref="oc-763"/>
      </symbol>
      <symbol id="sm-1160">
         <name>__aeabi_dsub</name>
         <value>0x2000d9ad</value>
         <object_component_ref idref="oc-834"/>
      </symbol>
      <symbol id="sm-1161">
         <name>__aeabi_dadd</name>
         <value>0x2000d9b7</value>
         <object_component_ref idref="oc-834"/>
      </symbol>
      <symbol id="sm-1183">
         <name>__aeabi_cdcmpeq</name>
         <value>0x2000ff2d</value>
         <object_component_ref idref="oc-61e"/>
      </symbol>
      <symbol id="sm-1184">
         <name>__aeabi_cdcmple</name>
         <value>0x2000ff2d</value>
         <object_component_ref idref="oc-61e"/>
      </symbol>
      <symbol id="sm-1185">
         <name>__aeabi_cdrcmple</name>
         <value>0x2000ffb3</value>
         <object_component_ref idref="oc-81f"/>
      </symbol>
      <symbol id="sm-1199">
         <name>__aeabi_ddiv</name>
         <value>0x2000e33d</value>
         <object_component_ref idref="oc-81a"/>
      </symbol>
      <symbol id="sm-11a4">
         <name>__aeabi_dmul</name>
         <value>0x2000eaf1</value>
         <object_component_ref idref="oc-815"/>
      </symbol>
      <symbol id="sm-11ae">
         <name>__aeabi_d2iz</name>
         <value>0x20011101</value>
         <object_component_ref idref="oc-824"/>
      </symbol>
      <symbol id="sm-11b8">
         <name>__aeabi_i2d</name>
         <value>0x20011b41</value>
         <object_component_ref idref="oc-82f"/>
      </symbol>
      <symbol id="sm-11c7">
         <name>__aeabi_memset</name>
         <value>0x20010333</value>
         <object_component_ref idref="oc-9d"/>
      </symbol>
      <symbol id="sm-11c8">
         <name>memset</name>
         <value>0x20010339</value>
         <object_component_ref idref="oc-9d"/>
      </symbol>
      <symbol id="sm-11c9">
         <name>__aeabi_memset8</name>
         <value>0x20010333</value>
         <object_component_ref idref="oc-9d"/>
      </symbol>
      <symbol id="sm-11ca">
         <name>__aeabi_memset4</name>
         <value>0x20010333</value>
         <object_component_ref idref="oc-9d"/>
      </symbol>
      <symbol id="sm-11cb">
         <name>__aeabi_memclr8</name>
         <value>0x20010331</value>
         <object_component_ref idref="oc-9d"/>
      </symbol>
      <symbol id="sm-11cc">
         <name>__aeabi_memclr4</name>
         <value>0x20010331</value>
         <object_component_ref idref="oc-9d"/>
      </symbol>
      <symbol id="sm-11cd">
         <name>__aeabi_memclr</name>
         <value>0x20010331</value>
         <object_component_ref idref="oc-9d"/>
      </symbol>
      <symbol id="sm-11f5">
         <name>__TI_auto_init_nobinit_nopinit</name>
         <value>0x200113b1</value>
         <object_component_ref idref="oc-172"/>
      </symbol>
      <symbol id="sm-11ff">
         <name>_system_pre_init</name>
         <value>0x200124ef</value>
         <object_component_ref idref="oc-114"/>
      </symbol>
      <symbol id="sm-120b">
         <name>C$$EXIT</name>
         <value>0x200124f3</value>
         <object_component_ref idref="oc-166"/>
      </symbol>
      <symbol id="sm-120c">
         <name>abort</name>
         <value>0x200124f3</value>
         <object_component_ref idref="oc-166"/>
      </symbol>
      <symbol id="sm-1221">
         <name>_nop</name>
         <value>0x200103ab</value>
         <object_component_ref idref="oc-3af"/>
      </symbol>
      <symbol id="sm-1222">
         <name>_lock</name>
         <value>0x20012abc</value>
         <object_component_ref idref="oc-22e"/>
      </symbol>
      <symbol id="sm-1223">
         <name>_unlock</name>
         <value>0x20012ac0</value>
         <object_component_ref idref="oc-22e"/>
      </symbol>
      <symbol id="sm-1232">
         <name>__TI_ltoa</name>
         <value>0x20010b33</value>
         <object_component_ref idref="oc-829"/>
      </symbol>
      <symbol id="sm-1249">
         <name>atoi</name>
         <value>0x20010efd</value>
         <object_component_ref idref="oc-612"/>
      </symbol>
      <symbol id="sm-1254">
         <name>_ctypes_</name>
         <value>0x20012af0</value>
         <object_component_ref idref="oc-80e"/>
      </symbol>
      <symbol id="sm-1264">
         <name>memccpy</name>
         <value>0x20011f55</value>
         <object_component_ref idref="oc-63b"/>
      </symbol>
      <symbol id="sm-1274">
         <name>strchr</name>
         <value>0x200121b1</value>
         <object_component_ref idref="oc-860"/>
      </symbol>
      <symbol id="sm-1282">
         <name>strlen</name>
         <value>0x20012269</value>
         <object_component_ref idref="oc-60c"/>
      </symbol>
      <symbol id="sm-1298">
         <name>__aeabi_errno_addr</name>
         <value>0x200124b1</value>
         <object_component_ref idref="oc-647"/>
      </symbol>
      <symbol id="sm-1299">
         <name>errno</name>
         <value>0x20012aec</value>
         <object_component_ref idref="oc-870"/>
      </symbol>
      <symbol id="sm-12a3">
         <name>copysign</name>
         <value>0x20012451</value>
         <object_component_ref idref="oc-9ef"/>
      </symbol>
      <symbol id="sm-12a4">
         <name>copysignl</name>
         <value>0x20012451</value>
         <object_component_ref idref="oc-9ef"/>
      </symbol>
      <symbol id="sm-12a5">
         <name>__TI_static_base__</name>
         <value>0x20013420</value>
      </symbol>
      <symbol id="sm-12a8">
         <name>ITM_flush</name>
         <value>0x0</value>
      </symbol>
      <symbol id="sm-12a9">
         <name>ITM_restore</name>
         <value>0x0</value>
      </symbol>
      <symbol id="sm-12aa">
         <name>__mpu_init</name>
         <value>0x0</value>
      </symbol>
      <symbol id="sm-12ab">
         <name>_system_post_cinit</name>
         <value>0x0</value>
      </symbol>
      <symbol id="sm-12ac">
         <name>NoRTOS_start</name>
         <value>0x200123f3</value>
      </symbol>
   </symbol_table>
   <title>Link successful</title>
</link_info>
