******************************************************************************
                  TI ARM Linker PC v20.2.5                     
******************************************************************************
>> Linked Tue Jun  1 13:38:48 2021

OUTPUT FILE NAME:   <uartecho_CC3220S_LAUNCHXL_nortos_ccs.out>
ENTRY POINT SYMBOL: "resetISR"  address: 2000f2f5


MEMORY CONFIGURATION

         name            origin    length      used     unused   attr    fill
----------------------  --------  ---------  --------  --------  ----  --------
  SRAM2                 20000000   00004000  0000130c  00002cf4  RW X
  SRAM                  20004000   0003c000  0000c232  0002fdce  RW X
  LOG_DATA              90000000   00040000  00000000  00040000  R   


SEGMENT ALLOCATION MAP

run origin  load origin   length   init length attrs members
----------  ----------- ---------- ----------- ----- -------
20003000    20003000    00001000   00000000    rw-
  20003000    20003000    00001000   00000000    rw- .stack
20004000    20004000    00000040   00000040    r--
  20004000    20004000    00000040   00000040    r-- .resetVecs
20004040    20004040    00008000   00000000    rw-
  20004040    20004040    00008000   00000000    rw- .sysmem
2000c040    2000c040    000035b8   000035b8    r-x
  2000c040    2000c040    000035b8   000035b8    r-x .text
2000f5f8    2000f5f8    000005ac   00000000    rw-
  2000f5f8    2000f5f8    000005ac   00000000    rw- .data
2000fba4    2000fba4    0000037a   0000037a    r--
  2000fba4    2000fba4    0000037a   0000037a    r-- .const
2000ff20    2000ff20    0000022c   00000000    rw-
  2000ff20    2000ff20    0000022c   00000000    rw- .bss
20010150    20010150    000000e8   000000e8    r--
  20010150    20010150    000000e8   000000e8    r-- .cinit


SECTION ALLOCATION MAP

 output                                  attributes/
section   page    origin      length       input sections
--------  ----  ----------  ----------   ----------------
.text      0    2000c040    000035b8     
                  2000c040    0000042c     driverlib.a : prcm.obj (.text:PRCMCC3200MCUInit)
                  2000c46c    00000288     drivers_cc32xx.a : UARTCC32XX.oem4 (.text:UARTCC32XX_open)
                  2000c6f4    000001e4                      : GPIOCC32XX.oem4 (.text:GPIO_setConfig)
                  2000c8d8    0000019c     nortos_cc32xx.a : PowerCC32XX_nortos.oem4 (.text:PowerCC32XX_sleepPolicy)
                  2000ca74    00000148     drivers_cc32xx.a : PowerCC32XX.oem4 (.text:parkPins)
                  2000cbbc    00000138                      : PowerCC32XX.oem4 (.text:Power_sleep)
                  2000ccf4    00000120                      : UARTCC32XX.oem4 (.text:UARTCC32XX_close)
                  2000ce14    0000011c     uartecho.obj (.text:mainThread)
                  2000cf30    00000100     rtsv7M4_T_le_eabi.lib : memory.c.obj (.text:aligned_alloc)
                  2000d030    000000f2     drivers_cc32xx.a : UARTCC32XX.oem4 (.text:UARTCC32XX_control)
                  2000d122    00000002     ti_drivers_config.obj (.text:Board_initHook)
                  2000d124    000000e4     rtsv7M4_T_le_eabi.lib : memory.c.obj (.text:free)
                  2000d208    000000ca     drivers_cc32xx.a : UARTCC32XX.oem4 (.text:UARTCC32XX_write)
                  2000d2d2    00000002     nortos_cc32xx.a : PowerCC32XX_nortos.oem4 (.text:PowerCC32XX_initPolicy)
                  2000d2d4    000000c4     drivers_cc32xx.a : GPIOCC32XX.oem4 (.text:GPIO_init)
                  2000d398    000000c0                      : PowerCC32XX.oem4 (.text:restoreParkedPins)
                  2000d458    000000ba                      : UARTCC32XX.oem4 (.text:UARTCC32XX_readPolling)
                  2000d512    00000002                      : UARTCC32XX.oem4 (.text:UARTCC32XX_init)
                  2000d514    000000b8                      : UARTCC32XX.oem4 (.text:initHw)
                  2000d5cc    000000b6                      : UARTCC32XX.oem4 (.text:readTaskCallback)
                  2000d682    000000b0                      : UARTCC32XX.oem4 (.text:readTaskBlocking)
                  2000d732    000000ae                      : UARTCC32XX.oem4 (.text:readIsrTextBlocking)
                  2000d7e0    000000a8     driverlib.a : interrupt.obj (.text:IntEnable)
                  2000d888    000000a8     drivers_cc32xx.a : PowerCC32XX.oem4 (.text:PowerCC32XX_configureWakeup)
                  2000d930    000000a2                      : UARTCC32XX.oem4 (.text:readIsrTextCallback)
                  2000d9d2    000000a2                      : UARTCC32XX.oem4 (.text:writeData)
                  2000da74    000000a0     nortos_cc32xx.a : SemaphoreP_nortos.oem4 (.text:SemaphoreP_pend)
                  2000db14    0000009c     rtsv7M4_T_le_eabi.lib : memcpy_t2.asm.obj (.text)
                  2000dbb0    00000098     drivers_cc32xx.a : GPIOCC32XX.oem4 (.text:powerNotifyFxn)
                  2000dc48    00000096     rtsv7M4_T_le_eabi.lib : ull_div_t2.asm.obj (.text)
                  2000dcde    00000002                           : _lock.c.obj (.text:_nop)
                  2000dce0    00000090     drivers_cc32xx.a : PowerCC32XX.oem4 (.text:restoreNVICRegs)
                  2000dd70    0000008c     nortos_cc32xx.a : HwiPCC32XX_nortos.oem4 (.text:HwiP_construct)
                  2000ddfc    00000088     driverlib.a : interrupt.obj (.text:IntPendSet)
                  2000de84    00000088                 : pin.obj (.text:PinConfigSet)
                  2000df0c    00000084     drivers_cc32xx.a : PowerCC32XX.oem4 (.text:Power_init)
                  2000df90    00000084                      : PowerCC32XX.oem4 (.text:saveNVICRegs)
                  2000e014    00000080                      : PowerCC32XX.oem4 (.text:Power_setDependency)
                  2000e094    0000007c                      : UARTCC32XX.oem4 (.text:readIsrBinaryBlocking)
                  2000e110    00000078                      : GPIOCC32XX.oem4 (.text:GPIO_hwiIntFxn)
                  2000e188    00000078                      : UARTCC32XX.oem4 (.text:readIsrBinaryCallback)
                  2000e200    00000074                      : UARTCC32XX.oem4 (.text:UARTCC32XX_hwiIntFxn)
                  2000e274    00000070     rtsv7M4_T_le_eabi.lib : memory.c.obj (.text:split)
                  2000e2e4    00000068                           : copy_decompress_lzss.c.obj (.text:decompress:lzss:__TI_decompress_lzss)
                  2000e34c    00000066     drivers_cc32xx.a : UARTCC32XX.oem4 (.text:UARTCC32XX_writeCancel)
                  2000e3b2    00000002     nortos_cc32xx.a : startup_cc32xx_ccs.oem4 (.text:busFaultHandler)
                  2000e3b4    00000064     drivers_cc32xx.a : PowerCC32XX.oem4 (.text:PowerCC32XX_setParkState)
                  2000e418    00000062                      : UARTCC32XX.oem4 (.text:UARTCC32XX_writePolling)
                  2000e47a    00000002     nortos_cc32xx.a : SemaphoreP_nortos.oem4 (.text:clkFxn)
                  2000e47c    00000060     driverlib.a : prcm.obj (.text:PRCMSysResetCauseGet)
                  2000e4dc    0000005c     drivers_cc32xx.a : GPIOCC32XX.oem4 (.text:GPIO_setCallback)
                  2000e538    0000005c     nortos_cc32xx.a : ClockPSysTick_nortos.oem4 (.text:sysTickInit)
                  2000e594    00000058     drivers_cc32xx.a : GPIOCC32XX.oem4 (.text:GPIO_write)
                  2000e5ec    00000058     driverlib.a : prcm.obj (.text:PRCMPeripheralReset)
                  2000e644    00000058     drivers_cc32xx.a : PowerCC32XX.oem4 (.text:Power_releaseDependency)
                  2000e69c    00000054                      : UARTCC32XX.oem4 (.text:ringBufGet)
                  2000e6f0    00000052                      : PowerCC32XX_asm.oem4 (.text:PowerCC32XX_resumeLPDS)
                  2000e742    00000002     nortos_cc32xx.a : startup_cc32xx_ccs.oem4 (.text:defaultHandler)
                  2000e744    00000050                     : ClockPSysTick_nortos.oem4 (.text:ClockP_sysTickHandler)
                  2000e794    00000050                     : SemaphoreP_nortos.oem4 (.text:SemaphoreP_construct)
                  2000e7e4    0000004c     drivers_cc32xx.a : GPIOCC32XX.oem4 (.text:GPIO_enableInt)
                  2000e830    0000004c                      : PowerCC32XX.oem4 (.text:PowerCC32XX_parkPin)
                  2000e87c    0000004c                      : PowerCC32XX.oem4 (.text:restorePeriphClocks)
                  2000e8c8    00000048     driverlib.a : flash.obj (.text:FlashDisable)
                  2000e910    00000048                 : prcm.obj (.text:PRCMLPDSEnter)
                  2000e958    00000048                 : prcm.obj (.text:PRCMPeripheralClkEnable)
                  2000e9a0    00000048     drivers_cc32xx.a : PowerCC32XX.oem4 (.text:Power_releaseConstraint)
                  2000e9e8    00000046                      : RingBuf.oem4 (.text:RingBuf_put)
                  2000ea2e    00000002     nortos_cc32xx.a : startup_cc32xx_ccs.oem4 (.text:faultISR)
                  2000ea30    00000044                     : ClockPSysTick_nortos.oem4 (.text:ClockP_stop)
                  2000ea74    00000044     driverlib.a : prcm.obj (.text:PRCMLPDSRestoreInfoSet)
                  2000eab8    00000044     drivers_cc32xx.a : PowerCC32XX_asm.oem4 (.text:PowerCC32XX_enterLPDS)
                  2000eafc    00000044     nortos_cc32xx.a : SemaphoreP_nortos.oem4 (.text:SemaphoreP_post)
                  2000eb40    00000044                     : SwiP_nortos.oem4 (.text:SwiP_restore)
                  2000eb84    00000044     drivers_cc32xx.a : UART.oem4 (.text:UART_init)
                  2000ebc8    00000044     rtsv7M4_T_le_eabi.lib : autoinit.c.obj (.text:__TI_auto_init_nobinit_nopinit:__TI_auto_init_nobinit_nopinit)
                  2000ec0c    00000040     nortos_cc32xx.a : ClockPSysTick_nortos.oem4 (.text:ClockP_construct)
                  2000ec4c    00000040     driverlib.a : pin.obj (.text:PinModeSet)
                  2000ec8c    00000040     drivers_cc32xx.a : RingBuf.oem4 (.text:RingBuf_get)
                  2000eccc    00000040                      : UARTCC32XX.oem4 (.text:UARTCC32XX_read)
                  2000ed0c    00000040                      : UART.oem4 (.text:UART_open)
                  2000ed4c    0000003c     nortos_cc32xx.a : ClockPSysTick_nortos.oem4 (.text:ClockP_destruct)
                  2000ed88    0000003c     drivers_cc32xx.a : PowerCC32XX.oem4 (.text:Power_setConstraint)
                  2000edc4    0000003a     nortos_cc32xx.a : PowerCC32XX_nortos.oem4 (.text:getCountsRTC)
                  2000edfe    00000002                     : startup_cc32xx_ccs.oem4 (.text:nmiISR)
                  2000ee00    00000038     driverlib.a : prcm.obj (.text:PRCMLPDSEnterKeepDebugIf)
                  2000ee38    00000038     nortos_cc32xx.a : ClockPSysTick_nortos.oem4 (.text:addToList)
                  2000ee70    00000038                     : startup_cc32xx_ccs.oem4 (.text:initVectors)
                  2000eea8    00000038     drivers_cc32xx.a : PowerCC32XX.oem4 (.text:notify)
                  2000eee0    00000036                      : UARTCC32XX.oem4 (.text:UARTCC32XX_readCancel)
                  2000ef16    00000002     rtsv7M4_T_le_eabi.lib : div0.asm.obj (.text)
                  2000ef18    00000034     nortos_cc32xx.a : ClockPSysTick_nortos.oem4 (.text:ClockP_getTicksUntilInterrupt)
                  2000ef4c    00000034                     : ClockPSysTick_nortos.oem4 (.text:ClockP_startup)
                  2000ef80    00000034     driverlib.a : pin.obj (.text:PinModeGet)
                  2000efb4    00000034     drivers_cc32xx.a : PowerCC32XX.oem4 (.text:PowerCC32XX_restoreParkState)
                  2000efe8    00000030     nortos_cc32xx.a : ClockPSysTick_nortos.oem4 (.text:ClockP_start)
                  2000f018    00000030     drivers_cc32xx.a : PowerCC32XX.oem4 (.text:PowerCC32XX_restoreParkedPin)
                  2000f048    0000002c                      : PowerCC32XX.oem4 (.text:PowerCC32XX_getParkState)
                  2000f074    0000002a     nortos_cc32xx.a : HwiPCC32XX_nortos.oem4 (.text:HwiP_create)
                  2000f09e    00000002     --HOLE-- [fill = 0]
                  2000f0a0    00000028     driverlib.a : prcm.obj (.text:PRCMPeripheralClkDisable)
                  2000f0c8    00000028     drivers_cc32xx.a : PowerCC32XX.oem4 (.text:Power_registerNotify)
                  2000f0f0    00000028     rtsv7M4_T_le_eabi.lib : memory.c.obj (.text:free_list_insert)
                  2000f118    00000026     drivers_cc32xx.a : List.oem4 (.text:List_put)
                  2000f13e    00000026                      : List.oem4 (.text:List_remove)
                  2000f164    00000024     nortos_cc32xx.a : HwiPCC32XX_nortos.oem4 (.text:HwiP_dispatch)
                  2000f188    00000024     drivers_cc32xx.a : PowerCC32XX.oem4 (.text:PowerCC32XX_reset)
                  2000f1ac    00000024     rtsv7M4_T_le_eabi.lib : boot_cortex_m.c.obj (.text:_c_int00_noargs:_c_int00_noargs)
                  2000f1d0    00000020     nortos_cc32xx.a : HwiPCC32XX_nortos.oem4 (.text:HwiP_destruct)
                  2000f1f0    00000020     drivers_cc32xx.a : PowerCC32XX.oem4 (.text:Power_unregisterNotify)
                  2000f210    00000020                      : RingBuf.oem4 (.text:RingBuf_peek)
                  2000f230    00000020                      : UARTCC32XX.oem4 (.text:getPowerMgrId)
                  2000f250    0000001c     driverlib.a : pin.obj (.text:PinToPadGet)
                  2000f26c    0000001c     nortos_cc32xx.a : SwiP_nortos.oem4 (.text:SwiP_disable)
                  2000f288    0000001c     rtsv7M4_T_le_eabi.lib : copy_zero_init.c.obj (.text:decompress:ZI:__TI_zero_init_nomemset:__TI_zero_init_nomemset)
                  2000f2a4    0000001c                           : memory.c.obj (.text:free_list_remove)
                  2000f2c0    0000001a     nortos_cc32xx.a : ClockPSysTick_nortos.oem4 (.text:ClockP_create)
                  2000f2da    0000001a                     : SemaphoreP_nortos.oem4 (.text:SemaphoreP_createBinary)
                  2000f2f4    0000001a                     : startup_cc32xx_ccs.oem4 (.text:resetISR)
                  2000f30e    00000002     --HOLE-- [fill = 0]
                  2000f310    00000018     drivers_cc32xx.a : PowerCC32XX.oem4 (.text:Power_getTransitionLatency)
                  2000f328    00000018                      : PowerCC32XX.oem4 (.text:Power_idleFunc)
                  2000f340    00000018     driverlib.a : uart.obj (.text:UARTBusy)
                  2000f358    00000018                 : uart.obj (.text:UARTIntEnable)
                  2000f370    00000018     drivers_cc32xx.a : UART.oem4 (.text:UART_Params_init)
                  2000f388    00000018     rtsv7M4_T_le_eabi.lib : ll_mul_t2.asm.obj (.text)
                  2000f3a0    00000016     driverlib.a : prcm.obj (.text:PRCMHIBRegRead)
                  2000f3b6    00000016                 : prcm.obj (.text:PRCMHIBRegWrite)
                  2000f3cc    00000016     nortos_cc32xx.a : SemaphoreP_nortos.oem4 (.text:SemaphoreP_create)
                  2000f3e2    00000014     driverlib.a : cpu.obj (.text:CPUcpsid)
                  2000f3f6    00000002     --HOLE-- [fill = 0]
                  2000f3f8    00000014     nortos_cc32xx.a : HwiPCC32XX_nortos.oem4 (.text:HwiP_inISR)
                  2000f40c    00000014     driverlib.a : interrupt.obj (.text:IntVTableBaseSet)
                  2000f420    00000014     drivers_cc32xx.a : PowerCC32XX.oem4 (.text:Power_disablePolicy)
                  2000f434    00000014                      : PowerCC32XX.oem4 (.text:Power_getDependencyCount)
                  2000f448    00000014                      : UARTCC32XX.oem4 (.text:releasePowerConstraint)
                  2000f45c    00000012     nortos_cc32xx.a : HwiPCC32XX_nortos.oem4 (.text:HwiP_Params_init)
                  2000f46e    00000012     drivers_cc32xx.a : RingBuf.oem4 (.text:RingBuf_construct)
                  2000f480    00000012     main_nortos.obj (.text:main)
                  2000f492    00000010     ti_drivers_config.obj (.text:Board_init)
                  2000f4a2    00000010     nortos_cc32xx.a : ClockPSysTick_nortos.oem4 (.text:ClockP_add)
                  2000f4b2    00000010                     : ClockPSysTick_nortos.oem4 (.text:ClockP_delete)
                  2000f4c2    00000002     --HOLE-- [fill = 0]
                  2000f4c4    00000010                     : ClockPSysTick_nortos.oem4 (.text:ClockP_getCpuFreq)
                  2000f4d4    00000010                     : ClockPSysTick_nortos.oem4 (.text:ClockP_getSystemTicks)
                  2000f4e4    00000010                     : ClockPSysTick_nortos.oem4 (.text:ClockP_setTicks)
                  2000f4f4    00000010                     : HwiPCC32XX_nortos.oem4 (.text:HwiP_delete)
                  2000f504    00000010                     : HwiPCC32XX_nortos.oem4 (.text:HwiP_restore)
                  2000f514    00000010     drivers_cc32xx.a : PowerCC32XX.oem4 (.text:Power_enablePolicy)
                  2000f524    00000010     nortos_cc32xx.a : SemaphoreP_nortos.oem4 (.text:SemaphoreP_Params_init)
                  2000f534    00000010     drivers_cc32xx.a : UARTCC32XX.oem4 (.text:readBlockingTimeout)
                  2000f544    0000000e     nortos_cc32xx.a : HwiPCC32XX_nortos.oem4 (.text:HwiP_disable)
                  2000f552    0000000e                     : HwiPCC32XX_nortos.oem4 (.text:HwiP_enable)
                  2000f560    0000000e     drivers_cc32xx.a : RingBuf.oem4 (.text:RingBuf_isFull)
                  2000f56e    0000000e     rtsv7M4_T_le_eabi.lib : copy_decompress_none.c.obj (.text:decompress:none:__TI_decompress_none)
                  2000f57c    0000000c     drivers_cc32xx.a : PowerCC32XX.oem4 (.text:Power_getConstraintMask)
                  2000f588    0000000c                      : UARTCC32XX.oem4 (.text:postNotifyFxn)
                  2000f594    0000000a     nortos_cc32xx.a : ClockPSysTick_nortos.oem4 (.text:ClockP_Params_init)
                  2000f59e    0000000a                     : ClockPSysTick_nortos.oem4 (.text:ClockP_isActive)
                  2000f5a8    0000000a     driverlib.a : interrupt.obj (.text:IntMasterDisable)
                  2000f5b2    0000000a     drivers_cc32xx.a : UART.oem4 (.text:UART_read)
                  2000f5bc    0000000a                      : UART.oem4 (.text:UART_write)
                  2000f5c6    00000008     rtsv7M4_T_le_eabi.lib : memory.c.obj (.text:malloc)
                  2000f5ce    00000008     drivers_cc32xx.a : UARTCC32XX.oem4 (.text:readSemCallback)
                  2000f5d6    00000008                      : UARTCC32XX.oem4 (.text:writeSemCallback)
                  2000f5de    00000006     driverlib.a : utils.obj (.text:UtilsDelay)
                  2000f5e4    00000004     nortos_cc32xx.a : ClockPSysTick_nortos.oem4 (.text:ClockP_setTimeout)
                  2000f5e8    00000004                     : HwiPCC32XX_nortos.oem4 (.text:HwiP_post)
                  2000f5ec    00000004                     : SemaphoreP_nortos.oem4 (.text:SemaphoreP_delete)
                  2000f5f0    00000004     rtsv7M4_T_le_eabi.lib : pre_init.c.obj (.text:_system_pre_init)
                  2000f5f4    00000004                           : exit.c.obj (.text:abort:abort)

.const     0    2000fba4    0000037a     
                  2000fba4    00000100     driverlib.a : pin.obj (.const:g_ulPinToPadMap)
                  2000fca4    000000a8                 : prcm.obj (.const:PRCM_PeriphRegsList)
                  2000fd4c    00000044     ti_drivers_config.obj (.const:PowerCC32XX_config)
                  2000fd90    00000028     drivers_cc32xx.a : UARTCC32XX.oem4 (.const:UARTCC32XX_fxnTable)
                  2000fdb8    00000024                      : UART.oem4 (.const:UART_defaultParams)
                  2000fddc    00000024     ti_drivers_config.obj (.const:uartCC32XXHWAttrs0)
                  2000fe00    00000021     drivers_cc32xx.a : GPIOCC32XX.oem4 (.const:.string:pinTable)
                  2000fe21    00000003     ti_drivers_config.obj (.const)
                  2000fe24    00000020     drivers_cc32xx.a : UARTCC32XX.oem4 (.const:staticFxnTable)
                  2000fe44    00000018     driverlib.a : interrupt.obj (.const:g_pulEnRegs)
                  2000fe5c    00000018                 : interrupt.obj (.const:g_pulPendRegs)
                  2000fe74    00000016     uartecho.obj (.const:.string:$P$T0$1)
                  2000fe8a    00000002     --HOLE-- [fill = 0]
                  2000fe8c    00000014     ti_drivers_config.obj (.const:GPIOCC32XX_config)
                  2000fea0    00000014     drivers_cc32xx.a : GPIOCC32XX.oem4 (.const:gpioBaseAddresses)
                  2000feb4    00000014                      : UARTCC32XX.oem4 (.const:parityType)
                  2000fec8    00000014                      : GPIOCC32XX.oem4 (.const:powerResources)
                  2000fedc    00000010                      : UARTCC32XX.oem4 (.const:dataLength)
                  2000feec    0000000c     ti_drivers_config.obj (.const:UART_config)
                  2000fef8    00000008     drivers_cc32xx.a : GPIOCC32XX.oem4 (.const:outPinTypes)
                  2000ff00    00000008                      : UARTCC32XX.oem4 (.const:stopBits)
                  2000ff08    00000006                      : GPIOCC32XX.oem4 (.const:.string:interruptType)
                  2000ff0e    00000006                      : GPIOCC32XX.oem4 (.const:inPinTypes)
                  2000ff14    00000006                      : GPIOCC32XX.oem4 (.const:outPinStrengths)
                  2000ff1a    00000004                      : GPIOCC32XX.oem4 (.const:.string:portInterruptIds)

.cinit     0    20010150    000000e8     
                  20010150    000000be     (.cinit..data.load) [load image, compression = lzss]
                  2001020e    00000002     --HOLE-- [fill = 0]
                  20010210    0000000c     (__TI_handler_table)
                  2001021c    00000004     --HOLE-- [fill = 0]
                  20010220    00000008     (.cinit..bss.load) [load image, compression = zero_init]
                  20010228    00000010     (__TI_cinit_table)

.init_array 
*          0    20004000    00000000     UNINITIALIZED

.ramVecs   0    20000000    0000030c     NOLOAD SECTION
                  20000000    0000030c     nortos_cc32xx.a : startup_cc32xx_ccs.oem4 (.ramVecs)

.stack     0    20003000    00001000     UNINITIALIZED
                  20003000    00000004     rtsv7M4_T_le_eabi.lib : boot_cortex_m.c.obj (.stack)
                  20003004    00000ffc     --HOLE--

.resetVecs 
*          0    20004000    00000040     
                  20004000    00000040     nortos_cc32xx.a : startup_cc32xx_ccs.oem4 (.resetVecs:retain)

.sysmem    0    20004040    00008000     UNINITIALIZED
                  20004040    00000010     rtsv7M4_T_le_eabi.lib : memory.c.obj (.sysmem)
                  20004050    00007ff0     --HOLE--

.data      0    2000f5f8    000005ac     UNINITIALIZED
                  2000f5f8    0000030c     nortos_cc32xx.a : HwiPCC32XX_nortos.oem4 (.data:HwiP_dispatchTable)
                  2000f904    0000016c     drivers_cc32xx.a : PowerCC32XX.oem4 (.data:PowerCC32XX_module)
                  2000fa70    000000f8     ti_drivers_config.obj (.data:parkInfo)
                  2000fb68    00000009     drivers_cc32xx.a : GPIOCC32XX.oem4 (.data)
                  2000fb71    00000003     nortos_cc32xx.a : SemaphoreP_nortos.oem4 (.data)
                  2000fb74    00000008     rtsv7M4_T_le_eabi.lib : _lock.c.obj (.data:$O1$$)
                  2000fb7c    00000008                           : memory.c.obj (.data:$O1$$)
                  2000fb84    00000008     nortos_cc32xx.a : SemaphoreP_nortos.oem4 (.data:SemaphoreP_defaultParams)
                  2000fb8c    00000008                     : HwiPCC32XX_nortos.oem4 (.data)
                  2000fb94    00000005                     : ClockPSysTick_nortos.oem4 (.data)
                  2000fb99    00000001     drivers_cc32xx.a : UART.oem4 (.data)
                  2000fb9a    00000002     --HOLE--
                  2000fb9c    00000004     ti_drivers_config.obj (.data:gpioCallbackFunctions)
                  2000fba0    00000004     ti_drivers_config.obj (.data:gpioPinConfigs)

.bss       0    2000ff20    0000022c     UNINITIALIZED
                  2000ff20    0000012c     (.common:PowerCC32XX_contextSave)
                  2001004c    00000084     (.common:uartCC32XXObjects0)
                  200100d0    00000020     drivers_cc32xx.a : GPIOCC32XX.oem4 (.bss:gpioCallbackInfo)
                  200100f0    00000020     ti_drivers_config.obj (.bss:uartCC32XXRingBuffer0)
                  20010110    00000014     drivers_cc32xx.a : GPIOCC32XX.oem4 (.bss:powerNotifyObj)
                  20010124    00000004                      : GPIOCC32XX.oem4 (.bss)
                  20010128    00000010     (.common:ClockP_ctrl)
                  20010138    0000000d     nortos_cc32xx.a : SwiP_nortos.oem4 (.bss)
                  20010145    00000003     --HOLE--
                  20010148    00000004                     : ClockPSysTick_nortos.oem4 (.bss)

.log_data 
*          0    90000000    00000000     COPY SECTION

__llvm_prf_cnts 
*          0    20004000    00000000     UNINITIALIZED

MODULE SUMMARY

       Module                       code    ro data   rw data
       ------                       ----    -------   -------
    .\
       uartecho.obj                 284     22        0      
       main_nortos.obj              18      0         0      
    +--+----------------------------+-------+---------+---------+
       Total:                       302     22        0      
                                                             
    .\syscfg\
       ti_drivers_config.obj        18      139       420    
    +--+----------------------------+-------+---------+---------+
       Total:                       18      139       420    
                                                             
    C:/ti/simplelink_cc32xx_sdk_5_10_00_02/kernel/nortos/lib/ccs/m4/nortos_cc32xx.a
       HwiPCC32XX_nortos.oem4       352     0         788    
       startup_cc32xx_ccs.oem4      90      64        780    
       ClockPSysTick_nortos.oem4    702     0         25     
       PowerCC32XX_nortos.oem4      472     0         0      
       SemaphoreP_nortos.oem4       378     0         11     
       SwiP_nortos.oem4             96      0         13     
    +--+----------------------------+-------+---------+---------+
       Total:                       2090    64        1617   
                                                             
    C:/ti/simplelink_cc32xx_sdk_5_10_00_02/source/ti/devices/cc32xx/driverlib/ccs/Release/driverlib.a
       prcm.obj                     1604    168       0      
       pin.obj                      280     256       0      
       interrupt.obj                334     48        0      
       flash.obj                    72      0         0      
       uart.obj                     48      0         0      
       cpu.obj                      20      0         0      
       utils.obj                    6       0         0      
    +--+----------------------------+-------+---------+---------+
       Total:                       2364    472       0      
                                                             
    C:/ti/simplelink_cc32xx_sdk_5_10_00_02/source/ti/drivers/lib/ccs/m4/drivers_cc32xx.a
       UARTCC32XX.oem4              3466    116       0      
       PowerCC32XX.oem4             2432    0         664    
       GPIOCC32XX.oem4              1208    103       65     
       UART.oem4                    176     36        1      
       RingBuf.oem4                 198     0         0      
       PowerCC32XX_asm.oem4         150     0         0      
       List.oem4                    76      0         0      
    +--+----------------------------+-------+---------+---------+
       Total:                       7706    255       730    
                                                             
    C:\ti\ccs1031\ccs\tools\compiler\ti-cgt-arm_20.2.5.LTS\lib\rtsv7M4_T_le_eabi.lib
       memory.c.obj                 672     0         8      
       memcpy_t2.asm.obj            156     0         0      
       ull_div_t2.asm.obj           150     0         0      
       copy_decompress_lzss.c.obj   104     0         0      
       autoinit.c.obj               68      0         0      
       boot_cortex_m.c.obj          36      0         0      
       copy_zero_init.c.obj         28      0         0      
       ll_mul_t2.asm.obj            24      0         0      
       copy_decompress_none.c.obj   14      0         0      
       _lock.c.obj                  2       0         8      
       exit.c.obj                   4       0         0      
       pre_init.c.obj               4       0         0      
       div0.asm.obj                 2       0         0      
    +--+----------------------------+-------+---------+---------+
       Total:                       1264    0         16     
                                                             
       Heap:                        0       0         32768  
       Stack:                       0       0         4096   
       Linker Generated:            0       226       0      
    +--+----------------------------+-------+---------+---------+
       Grand Total:                 13744   1178      39647  


LINKER GENERATED COPY TABLES

__TI_cinit_table @ 20010228 records: 2, size/record: 8, table size: 16
	.data: load addr=20010150, load size=000000be bytes, run addr=2000f5f8, run size=000005ac bytes, compression=lzss
	.bss: load addr=20010220, load size=00000008 bytes, run addr=2000ff20, run size=0000022c bytes, compression=zero_init


LINKER GENERATED HANDLER TABLE

__TI_handler_table @ 20010210 records: 3, size/record: 4, table size: 12
	index: 0, handler: __TI_decompress_lzss
	index: 1, handler: __TI_decompress_none
	index: 2, handler: __TI_zero_init


GLOBAL SYMBOLS: SORTED ALPHABETICALLY BY Name 

address   name                          
-------   ----                          
2000f493  Board_init                    
2000d123  Board_initHook                
2000f5f5  C$$EXIT                       
2000fe21  CONFIG_GPIO_LED_0_CONST       
2000fe22  CONFIG_UART_0_CONST           
2000f3e3  CPUcpsid                      
2000f595  ClockP_Params_init            
2000f4a3  ClockP_add                    
2000ec0d  ClockP_construct              
2000f2c1  ClockP_create                 
20010128  ClockP_ctrl                   
2000f4b3  ClockP_delete                 
2000ed4d  ClockP_destruct               
2000e745  ClockP_doTick                 
2000f4c5  ClockP_getCpuFreq             
2000f4d5  ClockP_getSystemTicks         
2000ef19  ClockP_getTicksUntilInterrupt 
2000f59f  ClockP_isActive               
2000f4e5  ClockP_setTicks               
2000f5e5  ClockP_setTimeout             
2000efe9  ClockP_start                  
2000ef4d  ClockP_startup                
2000ea31  ClockP_stop                   
2000e745  ClockP_sysTickHandler         
2000fb94  ClockP_tickPeriod             
2000e8c9  FlashDisable                  
2000fe8c  GPIOCC32XX_config             
2000e7e5  GPIO_enableInt                
2000e111  GPIO_hwiIntFxn                
2000d2d5  GPIO_init                     
2000e4dd  GPIO_setCallback              
2000c6f5  GPIO_setConfig                
2000e595  GPIO_write                    
2000f45d  HwiP_Params_init              
2000dd71  HwiP_construct                
2000f075  HwiP_create                   
2000f4f5  HwiP_delete                   
2000f1d1  HwiP_destruct                 
2000f545  HwiP_disable                  
2000f165  HwiP_dispatch                 
2000f553  HwiP_enable                   
2000f3f9  HwiP_inISR                    
2000fb8c  HwiP_key                      
2000f5e9  HwiP_post                     
2000f505  HwiP_restore                  
2000fb90  HwiP_swiPIntNum               
UNDEFED   ITM_flush                     
UNDEFED   ITM_restore                   
2000d7e1  IntEnable                     
2000f5a9  IntMasterDisable              
2000ddfd  IntPendSet                    
2000f40d  IntVTableBaseSet              
2000f119  List_put                      
2000f13f  List_remove                   
2000f553  NoRTOS_start                  
2000c041  PRCMCC3200MCUInit             
2000f3a1  PRCMHIBRegRead                
2000f3b7  PRCMHIBRegWrite               
2000e911  PRCMLPDSEnter                 
2000ee01  PRCMLPDSEnterKeepDebugIf      
2000ea75  PRCMLPDSRestoreInfoSet        
2000f0a1  PRCMPeripheralClkDisable      
2000e959  PRCMPeripheralClkEnable       
2000e5ed  PRCMPeripheralReset           
2000e47d  PRCMSysResetCauseGet          
2000de85  PinConfigSet                  
2000ef81  PinModeGet                    
2000ec4d  PinModeSet                    
2000f251  PinToPadGet                   
2000fd4c  PowerCC32XX_config            
2000d889  PowerCC32XX_configureWakeup   
2000ff20  PowerCC32XX_contextSave       
2000eab9  PowerCC32XX_enterLPDS         
2000f049  PowerCC32XX_getParkState      
2000d2d3  PowerCC32XX_initPolicy        
2000f904  PowerCC32XX_module            
2000e831  PowerCC32XX_parkPin           
2000f189  PowerCC32XX_reset             
2000efb5  PowerCC32XX_restoreParkState  
2000f019  PowerCC32XX_restoreParkedPin  
2000e6f1  PowerCC32XX_resumeLPDS        
2000e3b5  PowerCC32XX_setParkState      
2000c8d9  PowerCC32XX_sleepPolicy       
2000f421  Power_disablePolicy           
2000f515  Power_enablePolicy            
2000f57d  Power_getConstraintMask       
2000f435  Power_getDependencyCount      
2000f311  Power_getTransitionLatency    
2000f329  Power_idleFunc                
2000df0d  Power_init                    
2000f0c9  Power_registerNotify          
2000e9a1  Power_releaseConstraint       
2000e645  Power_releaseDependency       
2000ed89  Power_setConstraint           
2000e015  Power_setDependency           
2000cbbd  Power_sleep                   
2000f1f1  Power_unregisterNotify        
2000f46f  RingBuf_construct             
2000ec8d  RingBuf_get                   
2000f561  RingBuf_isFull                
2000f211  RingBuf_peek                  
2000e9e9  RingBuf_put                   
2000f525  SemaphoreP_Params_init        
2000e795  SemaphoreP_construct          
2000f3cd  SemaphoreP_create             
2000f2db  SemaphoreP_createBinary       
2000fb84  SemaphoreP_defaultParams      
2000f5ed  SemaphoreP_delete             
2000da75  SemaphoreP_pend               
2000eafd  SemaphoreP_post               
2000f26d  SwiP_disable                  
2000eb41  SwiP_restore                  
2000f341  UARTBusy                      
2000ccf5  UARTCC32XX_close              
2000d031  UARTCC32XX_control            
2000fd90  UARTCC32XX_fxnTable           
2000d513  UARTCC32XX_init               
2000c46d  UARTCC32XX_open               
2000eccd  UARTCC32XX_read               
2000eee1  UARTCC32XX_readCancel         
2000d459  UARTCC32XX_readPolling        
2000d209  UARTCC32XX_write              
2000e34d  UARTCC32XX_writeCancel        
2000e419  UARTCC32XX_writePolling       
2000f359  UARTIntEnable                 
2000f371  UART_Params_init              
2000feec  UART_config                   
2000fe23  UART_count                    
2000fdb8  UART_defaultParams            
2000eb85  UART_init                     
2000ed0d  UART_open                     
2000f5b3  UART_read                     
2000f5bd  UART_write                    
2000f5df  UtilsDelay                    
20004000  __STACK_END                   
00001000  __STACK_SIZE                  
00008000  __SYSMEM_SIZE                 
20010228  __TI_CINIT_Base               
20010238  __TI_CINIT_Limit              
20010210  __TI_Handler_Table_Base       
2001021c  __TI_Handler_Table_Limit      
2000ebc9  __TI_auto_init_nobinit_nopinit
2000e2e5  __TI_decompress_lzss          
2000f56f  __TI_decompress_none          
ffffffff  __TI_pprof_out_hndl           
ffffffff  __TI_prof_data_size           
ffffffff  __TI_prof_data_start          
20010150  __TI_static_base__            
2000f289  __TI_zero_init_nomemset       
2000ef17  __aeabi_idiv0                 
2000ef17  __aeabi_ldiv0                 
2000f389  __aeabi_lmul                  
2000db15  __aeabi_memcpy                
2000db15  __aeabi_memcpy4               
2000db15  __aeabi_memcpy8               
2000dc49  __aeabi_uldivmod              
ffffffff  __binit__                     
ffffffff  __c_args__                    
UNDEFED   __mpu_init                    
20003000  __stack                       
20004000  __start___llvm_prf_cnts       
20004000  __stop___llvm_prf_cnts        
2000f1ad  _c_int00_noargs               
2000fb74  _lock                         
2000dcdf  _nop                          
20004040  _sys_memory                   
UNDEFED   _system_post_cinit            
2000f5f1  _system_pre_init              
2000fb78  _unlock                       
2000f5f5  abort                         
2000cf31  aligned_alloc                 
ffffffff  binit                         
2000e47b  clkFxn                        
2000d125  free                          
2000fb9c  gpioCallbackFunctions         
2000fba0  gpioPinConfigs                
2000ff0e  inPinTypes                    
2000ee71  initVectors                   
2000f481  main                          
2000ce15  mainThread                    
2000f5c7  malloc                        
2000cf31  memalign                      
2000db15  memcpy                        
2000ff14  outPinStrengths               
2000fef8  outPinTypes                   
2000fa70  parkInfo                      
2000f2f5  resetISR                      
2000f308  resetVectorAddr               
20004000  resetVectors                  
2001004c  uartCC32XXObjects0            


GLOBAL SYMBOLS: SORTED BY Symbol Address 

address   name                          
-------   ----                          
00001000  __STACK_SIZE                  
00008000  __SYSMEM_SIZE                 
20003000  __stack                       
20004000  __STACK_END                   
20004000  __start___llvm_prf_cnts       
20004000  __stop___llvm_prf_cnts        
20004000  resetVectors                  
20004040  _sys_memory                   
2000c041  PRCMCC3200MCUInit             
2000c46d  UARTCC32XX_open               
2000c6f5  GPIO_setConfig                
2000c8d9  PowerCC32XX_sleepPolicy       
2000cbbd  Power_sleep                   
2000ccf5  UARTCC32XX_close              
2000ce15  mainThread                    
2000cf31  aligned_alloc                 
2000cf31  memalign                      
2000d031  UARTCC32XX_control            
2000d123  Board_initHook                
2000d125  free                          
2000d209  UARTCC32XX_write              
2000d2d3  PowerCC32XX_initPolicy        
2000d2d5  GPIO_init                     
2000d459  UARTCC32XX_readPolling        
2000d513  UARTCC32XX_init               
2000d7e1  IntEnable                     
2000d889  PowerCC32XX_configureWakeup   
2000da75  SemaphoreP_pend               
2000db15  __aeabi_memcpy                
2000db15  __aeabi_memcpy4               
2000db15  __aeabi_memcpy8               
2000db15  memcpy                        
2000dc49  __aeabi_uldivmod              
2000dcdf  _nop                          
2000dd71  HwiP_construct                
2000ddfd  IntPendSet                    
2000de85  PinConfigSet                  
2000df0d  Power_init                    
2000e015  Power_setDependency           
2000e111  GPIO_hwiIntFxn                
2000e2e5  __TI_decompress_lzss          
2000e34d  UARTCC32XX_writeCancel        
2000e3b5  PowerCC32XX_setParkState      
2000e419  UARTCC32XX_writePolling       
2000e47b  clkFxn                        
2000e47d  PRCMSysResetCauseGet          
2000e4dd  GPIO_setCallback              
2000e595  GPIO_write                    
2000e5ed  PRCMPeripheralReset           
2000e645  Power_releaseDependency       
2000e6f1  PowerCC32XX_resumeLPDS        
2000e745  ClockP_doTick                 
2000e745  ClockP_sysTickHandler         
2000e795  SemaphoreP_construct          
2000e7e5  GPIO_enableInt                
2000e831  PowerCC32XX_parkPin           
2000e8c9  FlashDisable                  
2000e911  PRCMLPDSEnter                 
2000e959  PRCMPeripheralClkEnable       
2000e9a1  Power_releaseConstraint       
2000e9e9  RingBuf_put                   
2000ea31  ClockP_stop                   
2000ea75  PRCMLPDSRestoreInfoSet        
2000eab9  PowerCC32XX_enterLPDS         
2000eafd  SemaphoreP_post               
2000eb41  SwiP_restore                  
2000eb85  UART_init                     
2000ebc9  __TI_auto_init_nobinit_nopinit
2000ec0d  ClockP_construct              
2000ec4d  PinModeSet                    
2000ec8d  RingBuf_get                   
2000eccd  UARTCC32XX_read               
2000ed0d  UART_open                     
2000ed4d  ClockP_destruct               
2000ed89  Power_setConstraint           
2000ee01  PRCMLPDSEnterKeepDebugIf      
2000ee71  initVectors                   
2000eee1  UARTCC32XX_readCancel         
2000ef17  __aeabi_idiv0                 
2000ef17  __aeabi_ldiv0                 
2000ef19  ClockP_getTicksUntilInterrupt 
2000ef4d  ClockP_startup                
2000ef81  PinModeGet                    
2000efb5  PowerCC32XX_restoreParkState  
2000efe9  ClockP_start                  
2000f019  PowerCC32XX_restoreParkedPin  
2000f049  PowerCC32XX_getParkState      
2000f075  HwiP_create                   
2000f0a1  PRCMPeripheralClkDisable      
2000f0c9  Power_registerNotify          
2000f119  List_put                      
2000f13f  List_remove                   
2000f165  HwiP_dispatch                 
2000f189  PowerCC32XX_reset             
2000f1ad  _c_int00_noargs               
2000f1d1  HwiP_destruct                 
2000f1f1  Power_unregisterNotify        
2000f211  RingBuf_peek                  
2000f251  PinToPadGet                   
2000f26d  SwiP_disable                  
2000f289  __TI_zero_init_nomemset       
2000f2c1  ClockP_create                 
2000f2db  SemaphoreP_createBinary       
2000f2f5  resetISR                      
2000f308  resetVectorAddr               
2000f311  Power_getTransitionLatency    
2000f329  Power_idleFunc                
2000f341  UARTBusy                      
2000f359  UARTIntEnable                 
2000f371  UART_Params_init              
2000f389  __aeabi_lmul                  
2000f3a1  PRCMHIBRegRead                
2000f3b7  PRCMHIBRegWrite               
2000f3cd  SemaphoreP_create             
2000f3e3  CPUcpsid                      
2000f3f9  HwiP_inISR                    
2000f40d  IntVTableBaseSet              
2000f421  Power_disablePolicy           
2000f435  Power_getDependencyCount      
2000f45d  HwiP_Params_init              
2000f46f  RingBuf_construct             
2000f481  main                          
2000f493  Board_init                    
2000f4a3  ClockP_add                    
2000f4b3  ClockP_delete                 
2000f4c5  ClockP_getCpuFreq             
2000f4d5  ClockP_getSystemTicks         
2000f4e5  ClockP_setTicks               
2000f4f5  HwiP_delete                   
2000f505  HwiP_restore                  
2000f515  Power_enablePolicy            
2000f525  SemaphoreP_Params_init        
2000f545  HwiP_disable                  
2000f553  HwiP_enable                   
2000f553  NoRTOS_start                  
2000f561  RingBuf_isFull                
2000f56f  __TI_decompress_none          
2000f57d  Power_getConstraintMask       
2000f595  ClockP_Params_init            
2000f59f  ClockP_isActive               
2000f5a9  IntMasterDisable              
2000f5b3  UART_read                     
2000f5bd  UART_write                    
2000f5c7  malloc                        
2000f5df  UtilsDelay                    
2000f5e5  ClockP_setTimeout             
2000f5e9  HwiP_post                     
2000f5ed  SemaphoreP_delete             
2000f5f1  _system_pre_init              
2000f5f5  C$$EXIT                       
2000f5f5  abort                         
2000f904  PowerCC32XX_module            
2000fa70  parkInfo                      
2000fb74  _lock                         
2000fb78  _unlock                       
2000fb84  SemaphoreP_defaultParams      
2000fb8c  HwiP_key                      
2000fb90  HwiP_swiPIntNum               
2000fb94  ClockP_tickPeriod             
2000fb9c  gpioCallbackFunctions         
2000fba0  gpioPinConfigs                
2000fd4c  PowerCC32XX_config            
2000fd90  UARTCC32XX_fxnTable           
2000fdb8  UART_defaultParams            
2000fe21  CONFIG_GPIO_LED_0_CONST       
2000fe22  CONFIG_UART_0_CONST           
2000fe23  UART_count                    
2000fe8c  GPIOCC32XX_config             
2000feec  UART_config                   
2000fef8  outPinTypes                   
2000ff0e  inPinTypes                    
2000ff14  outPinStrengths               
2000ff20  PowerCC32XX_contextSave       
2001004c  uartCC32XXObjects0            
20010128  ClockP_ctrl                   
20010150  __TI_static_base__            
20010210  __TI_Handler_Table_Base       
2001021c  __TI_Handler_Table_Limit      
20010228  __TI_CINIT_Base               
20010238  __TI_CINIT_Limit              
ffffffff  __TI_pprof_out_hndl           
ffffffff  __TI_prof_data_size           
ffffffff  __TI_prof_data_start          
ffffffff  __binit__                     
ffffffff  __c_args__                    
ffffffff  binit                         
UNDEFED   ITM_flush                     
UNDEFED   ITM_restore                   
UNDEFED   __mpu_init                    
UNDEFED   _system_post_cinit            

[190 symbols]
